Config file config.yaml is extended by additional config specified via the command line.
Config file config.yaml is extended by additional config specified via the command line.
Config file config.yaml is extended by additional config specified via the command line.
Building DAG of jobs...
Job stats:
job               count    min threads    max threads
--------------  -------  -------------  -------------
all                   1              1              1
bin_refinement        2             20             20
coverm                2             20             20
fastqc                1             20             20
gtdbtk                2             20             20
metaquast             2             20             20
metawrap_bin          2             20             20
prokka                2             20             20
spades                2             20             20
symlink_reads         2              1              1
total                18              1             20


[Wed Nov 13 12:46:38 2024]
rule spades:
    input: /mnt/seaes01-data01/nixon-microbiome/shared/bioinformatic_toolkit/output_repository/SRR6429754_forward_paired.fq, /mnt/seaes01-data01/nixon-microbiome/shared/bioinformatic_toolkit/output_repository/SRR6429754_reverse_paired.fq
    output: /mnt/seaes01-data01/nixon-microbiome/shared/bioinformatic_toolkit/output_repository/SRR6429754_assembly/contigs.fasta
    jobid: 6
    reason: Missing output files: /mnt/seaes01-data01/nixon-microbiome/shared/bioinformatic_toolkit/output_repository/SRR6429754_assembly/contigs.fasta; Code has changed since last execution
    wildcards: sample=SRR6429754
    threads: 20
    resources: tmpdir=/tmp


        metaspades.py -m 2000 -1 /mnt/seaes01-data01/nixon-microbiome/shared/bioinformatic_toolkit/output_repository/SRR6429754_forward_paired.fq -2 /mnt/seaes01-data01/nixon-microbiome/shared/bioinformatic_toolkit/output_repository/SRR6429754_reverse_paired.fq -o /mnt/seaes01-data01/nixon-microbiome/shared/bioinformatic_toolkit/output_repository/SRR6429754_assembly/contigs.fasta -t 20
        

[Wed Nov 13 12:46:38 2024]
rule fastqc:
    input: /mnt/seaes01-data01/nixon-microbiome/shared/bioinformatic_toolkit/output_repository/SRR6429754_forward_paired.fq, /mnt/seaes01-data01/nixon-microbiome/shared/bioinformatic_toolkit/output_repository/SRR6429754_reverse_paired.fq
    output: /mnt/seaes01-data01/nixon-microbiome/shared/bioinformatic_toolkit/output_repository/SRR6429754_fastqc
    jobid: 4
    reason: Missing output files: /mnt/seaes01-data01/nixon-microbiome/shared/bioinformatic_toolkit/output_repository/SRR6429754_fastqc; Code has changed since last execution
    wildcards: sample=SRR6429754
    threads: 20
    resources: tmpdir=/tmp


        mkdir /mnt/seaes01-data01/nixon-microbiome/shared/bioinformatic_toolkit/output_repository/SRR6429754_fastqc
        fastqc -o /mnt/seaes01-data01/nixon-microbiome/shared/bioinformatic_toolkit/output_repository/SRR6429754_fastqc /mnt/seaes01-data01/nixon-microbiome/shared/bioinformatic_toolkit/output_repository/SRR6429754_forward_paired.fq -t 20 /mnt/seaes01-data01/nixon-microbiome/shared/bioinformatic_toolkit/output_repository/SRR6429754_reverse_paired.fq
        

[Wed Nov 13 12:46:38 2024]
rule symlink_reads:
    input: /mnt/seaes01-data01/nixon-microbiome/shared/bioinformatic_toolkit/output_repository/SRR2239652_forward_paired.fq, /mnt/seaes01-data01/nixon-microbiome/shared/bioinformatic_toolkit/output_repository/SRR2239652_reverse_paired.fq
    output: /mnt/seaes01-data01/nixon-microbiome/shared/bioinformatic_toolkit/output_repository/temp/SRR2239652_sym_1.fastq, /mnt/seaes01-data01/nixon-microbiome/shared/bioinformatic_toolkit/output_repository/temp/SRR2239652_sym_2.fastq
    jobid: 12
    reason: Missing output files: /mnt/seaes01-data01/nixon-microbiome/shared/bioinformatic_toolkit/output_repository/temp/SRR2239652_sym_2.fastq, /mnt/seaes01-data01/nixon-microbiome/shared/bioinformatic_toolkit/output_repository/temp/SRR2239652_sym_1.fastq
    wildcards: sample=SRR2239652
    resources: tmpdir=/tmp

Some jobs were triggered by provenance information, see 'reason' section in the rule displays above.
If you prefer that only modification time is used to determine whether a job shall be executed, use the command line option '--rerun-triggers mtime' (also see --help).
If you are sure that a change for a certain output file (say, <outfile>) won't change the result (e.g. because you just changed the formatting of a script or environment definition), you can also wipe its metadata to skip such a trigger via 'snakemake --cleanup-metadata <outfile>'. 
Rules with provenance triggered jobs: fastqc,spades

RuleException in rule symlink_reads  in line 8 of /mnt/seaes01-data01/nixon-microbiome/shared/bioinformatic_toolkit/mags.smk:
NameError: The name "'output_dir'" is unknown in this context. Please make sure that you defined that variable. Also note that braces not used for variable access have to be escaped by repeating them, i.e. {{print $1}}, when formatting the following:

        mkdir -p {config['output_dir']}/temp
        ln -sf {input.forward_paired} {output.forward_symlink}
        ln -sf {input.rev_paired} {output.rev_symlink}
        
