Config file config.yaml is extended by additional config specified via the command line.
Config file config.yaml is extended by additional config specified via the command line.
Config file config.yaml is extended by additional config specified via the command line.
Config file config.yaml is extended by additional config specified via the command line.
Config file config.yaml is extended by additional config specified via the command line.
Config file config.yaml is extended by additional config specified via the command line.
Building DAG of jobs...
Using shell: /usr/bin/bash
Provided cores: 20
Rules claiming more threads will be scaled down.
Job stats:
job                     count    min threads    max threads
--------------------  -------  -------------  -------------
all                         1              1              1
bowtie_build                1             20             20
bowtie_map                  2             20             20
cut                         1             20             20
filter_seq                  1             20             20
gene_length                 2             20             20
get_gtf                     2             20             20
htseq                       2             20             20
kofam                       2             20             20
kofam_summary_table         2             20             20
merge_tpm_annotation        2             20             20
picard                      2             20             20
read_length                 2             20             20
samtools                    2             20             20
tpm_prokka                  2             20             20
tpm_table                   2             20             20
total                      28              1             20

Select jobs to execute...

[Tue Nov 19 16:25:49 2024]
rule tpm_prokka:
    input: /mnt/seaes01-data01/nixon-microbiome/shared/bioinformatic_toolkit/output_repository/SRR6429754_tpm/SRR6429754_scaffold_filtered.fa
    output: /mnt/seaes01-data01/nixon-microbiome/shared/bioinformatic_toolkit/output_repository/SRR6429754_tpm/SRR6429754_tpm_prokka, /mnt/seaes01-data01/nixon-microbiome/shared/bioinformatic_toolkit/output_repository/SRR6429754_tpm/SRR6429754_tpm_prokka/SRR6429754_filtered_prokka.gff, /mnt/seaes01-data01/nixon-microbiome/shared/bioinformatic_toolkit/output_repository/SRR6429754_tpm/SRR6429754_tpm_prokka/SRR6429754_filtered_prokka.tsv, /mnt/seaes01-data01/nixon-microbiome/shared/bioinformatic_toolkit/output_repository/SRR6429754_tpm/SRR6429754_tpm_prokka/SRR6429754_filtered_prokka.faa
    jobid: 48
    reason: Missing output files: /mnt/seaes01-data01/nixon-microbiome/shared/bioinformatic_toolkit/output_repository/SRR6429754_tpm/SRR6429754_tpm_prokka/SRR6429754_filtered_prokka.faa, /mnt/seaes01-data01/nixon-microbiome/shared/bioinformatic_toolkit/output_repository/SRR6429754_tpm/SRR6429754_tpm_prokka/SRR6429754_filtered_prokka.tsv, /mnt/seaes01-data01/nixon-microbiome/shared/bioinformatic_toolkit/output_repository/SRR6429754_tpm/SRR6429754_tpm_prokka/SRR6429754_filtered_prokka.gff
    wildcards: sample=SRR6429754
    threads: 20
    resources: tmpdir=/tmp

Activating singularity image /mnt/seaes01-data01/nixon-microbiome/containers/prokka/prokka-1.14.6.sif
[Tue Nov 19 16:35:23 2024]
Finished job 48.
1 of 28 steps (4%) done
Select jobs to execute...

[Tue Nov 19 16:35:23 2024]
rule kofam:
    input: /mnt/seaes01-data01/nixon-microbiome/shared/bioinformatic_toolkit/output_repository/SRR6429754_tpm/SRR6429754_tpm_prokka/SRR6429754_filtered_prokka.faa
    output: /mnt/seaes01-data01/nixon-microbiome/shared/bioinformatic_toolkit/output_repository/SRR6429754_tpm/SRR6429754_kofam_oneline.txt
    jobid: 56
    reason: Missing output files: /mnt/seaes01-data01/nixon-microbiome/shared/bioinformatic_toolkit/output_repository/SRR6429754_tpm/SRR6429754_kofam_oneline.txt; Input files updated by another job: /mnt/seaes01-data01/nixon-microbiome/shared/bioinformatic_toolkit/output_repository/SRR6429754_tpm/SRR6429754_tpm_prokka/SRR6429754_filtered_prokka.faa
    wildcards: sample=SRR6429754
    threads: 20
    resources: tmpdir=/tmp

Activating singularity image /mnt/seaes01-data01/nixon-microbiome/containers/kofamscan/kofamscan-1.3.0.sif
[Tue Nov 19 16:48:05 2024]
Finished job 56.
2 of 28 steps (7%) done
Select jobs to execute...

[Tue Nov 19 16:48:05 2024]
rule bowtie_map:
    input: /mnt/seaes01-data01/nixon-microbiome/shared/bioinformatic_toolkit/output_repository/SRR6429754_tpm/SRR6429754_index.done, /mnt/seaes01-data01/nixon-microbiome/shared/bioinformatic_toolkit/output_repository/SRR6429754_tpm/SRR6429754_scaffold_filtered.fa, /mnt/seaes01-data01/nixon-microbiome/shared/bioinformatic_toolkit/output_repository/SRR6429754_forward_paired.fq, /mnt/seaes01-data01/nixon-microbiome/shared/bioinformatic_toolkit/output_repository/SRR6429754_reverse_paired.fq
    output: /mnt/seaes01-data01/nixon-microbiome/shared/bioinformatic_toolkit/output_repository/SRR6429754_tpm/SRR6429754_filtered.map.sam
    log: /mnt/seaes01-data01/nixon-microbiome/shared/bioinformatic_toolkit/output_repository/SRR6429754_tpm/logs/bowtie/SRR6429754.log
    jobid: 54
    reason: Missing output files: /mnt/seaes01-data01/nixon-microbiome/shared/bioinformatic_toolkit/output_repository/SRR6429754_tpm/SRR6429754_filtered.map.sam
    wildcards: sample=SRR6429754
    threads: 20
    resources: tmpdir=/tmp

Activating singularity image /mnt/seaes01-data01/nixon-microbiome/containers/bowtie2/bowtie-2.4.5.sif
[Tue Nov 19 16:48:25 2024]
Finished job 54.
3 of 28 steps (11%) done
Select jobs to execute...

[Tue Nov 19 16:48:25 2024]
rule samtools:
    input: /mnt/seaes01-data01/nixon-microbiome/shared/bioinformatic_toolkit/output_repository/SRR6429754_tpm/SRR6429754_filtered.map.sam
    output: /mnt/seaes01-data01/nixon-microbiome/shared/bioinformatic_toolkit/output_repository/SRR6429754_tpm/SRR6429754_filtered.map.sorted.bam
    jobid: 53
    reason: Missing output files: /mnt/seaes01-data01/nixon-microbiome/shared/bioinformatic_toolkit/output_repository/SRR6429754_tpm/SRR6429754_filtered.map.sorted.bam; Input files updated by another job: /mnt/seaes01-data01/nixon-microbiome/shared/bioinformatic_toolkit/output_repository/SRR6429754_tpm/SRR6429754_filtered.map.sam
    wildcards: sample=SRR6429754
    threads: 20
    resources: tmpdir=/tmp

Activating singularity image /mnt/seaes01-data01/nixon-microbiome/containers/samtools/samtools-1.16.1.sif
[Tue Nov 19 16:48:41 2024]
Finished job 53.
4 of 28 steps (14%) done
Removing temporary output /mnt/seaes01-data01/nixon-microbiome/shared/bioinformatic_toolkit/output_repository/SRR6429754_tpm/SRR6429754_filtered.map.sam.
Select jobs to execute...

[Tue Nov 19 16:48:41 2024]
rule get_gtf:
    input: /mnt/seaes01-data01/nixon-microbiome/shared/bioinformatic_toolkit/output_repository/SRR6429754_tpm/SRR6429754_tpm_prokka/SRR6429754_filtered_prokka.gff
    output: /mnt/seaes01-data01/nixon-microbiome/shared/bioinformatic_toolkit/output_repository/SRR6429754_tpm/SRR6429754_tpm_prokka/SRR6429754_filtered_prokka.gtf
    jobid: 47
    reason: Missing output files: /mnt/seaes01-data01/nixon-microbiome/shared/bioinformatic_toolkit/output_repository/SRR6429754_tpm/SRR6429754_tpm_prokka/SRR6429754_filtered_prokka.gtf; Input files updated by another job: /mnt/seaes01-data01/nixon-microbiome/shared/bioinformatic_toolkit/output_repository/SRR6429754_tpm/SRR6429754_tpm_prokka/SRR6429754_filtered_prokka.gff
    wildcards: sample=SRR6429754
    threads: 20
    resources: tmpdir=/tmp

[Tue Nov 19 16:48:42 2024]
Finished job 47.
5 of 28 steps (18%) done
Select jobs to execute...

[Tue Nov 19 16:48:42 2024]
rule cut:
    input: /mnt/seaes01-data01/nixon-microbiome/shared/bioinformatic_toolkit/output_repository/SRR2239652_assembly/contigs.fasta
    output: /mnt/seaes01-data01/nixon-microbiome/shared/bioinformatic_toolkit/output_repository/SRR2239652_tpm/SRR2239652_contigs_IDs_cut.fasta
    jobid: 36
    reason: Missing output files: /mnt/seaes01-data01/nixon-microbiome/shared/bioinformatic_toolkit/output_repository/SRR2239652_tpm/SRR2239652_contigs_IDs_cut.fasta
    wildcards: sample=SRR2239652
    threads: 20
    resources: tmpdir=/tmp

[Tue Nov 19 16:48:42 2024]
Finished job 36.
6 of 28 steps (21%) done
Select jobs to execute...

[Tue Nov 19 16:48:42 2024]
rule read_length:
    input: /mnt/seaes01-data01/nixon-microbiome/shared/CS/geothermal1/SRR2239652_1.fastq
    output: /mnt/seaes01-data01/nixon-microbiome/shared/bioinformatic_toolkit/output_repository/SRR2239652_tpm/SRR2239652.readlength
    jobid: 31
    reason: Missing output files: /mnt/seaes01-data01/nixon-microbiome/shared/bioinformatic_toolkit/output_repository/SRR2239652_tpm/SRR2239652.readlength
    wildcards: sample=SRR2239652
    threads: 20
    resources: tmpdir=/tmp

[Tue Nov 19 16:48:54 2024]
Finished job 31.
7 of 28 steps (25%) done
Select jobs to execute...

[Tue Nov 19 16:48:54 2024]
rule picard:
    input: /mnt/seaes01-data01/nixon-microbiome/shared/bioinformatic_toolkit/output_repository/SRR6429754_tpm/SRR6429754_filtered.map.sorted.bam
    output: /mnt/seaes01-data01/nixon-microbiome/shared/bioinformatic_toolkit/output_repository/SRR6429754_tpm/SRR6429754_filtered.map.markdup.bam, /mnt/seaes01-data01/nixon-microbiome/shared/bioinformatic_toolkit/output_repository/SRR6429754_tpm/SRR6429754_filtered.map.markdup.metrics
    jobid: 52
    reason: Missing output files: /mnt/seaes01-data01/nixon-microbiome/shared/bioinformatic_toolkit/output_repository/SRR6429754_tpm/SRR6429754_filtered.map.markdup.bam; Input files updated by another job: /mnt/seaes01-data01/nixon-microbiome/shared/bioinformatic_toolkit/output_repository/SRR6429754_tpm/SRR6429754_filtered.map.sorted.bam
    wildcards: sample=SRR6429754
    threads: 20
    resources: tmpdir=/tmp

Activating singularity image /mnt/seaes01-data01/nixon-microbiome/containers/picard/picard-2.27.5.sif
[Tue Nov 19 16:48:56 2024]
Error in rule picard:
    jobid: 52
    input: /mnt/seaes01-data01/nixon-microbiome/shared/bioinformatic_toolkit/output_repository/SRR6429754_tpm/SRR6429754_filtered.map.sorted.bam
    output: /mnt/seaes01-data01/nixon-microbiome/shared/bioinformatic_toolkit/output_repository/SRR6429754_tpm/SRR6429754_filtered.map.markdup.bam, /mnt/seaes01-data01/nixon-microbiome/shared/bioinformatic_toolkit/output_repository/SRR6429754_tpm/SRR6429754_filtered.map.markdup.metrics
    shell:
        java -Xms2g -Xmx32g -jar /picard/picard.jar MarkDuplicates INPUT=/mnt/seaes01-data01/nixon-microbiome/shared/bioinformatic_toolkit/output_repository/SRR6429754_tpm/SRR6429754_filtered.map.sorted.bam OUTPUT=/mnt/seaes01-data01/nixon-microbiome/shared/bioinformatic_toolkit/output_repository/SRR6429754_tpm/SRR6429754_filtered.map.markdup.bam METRICS_FILE=/mnt/seaes01-data01/nixon-microbiome/shared/bioinformatic_toolkit/output_repository/SRR6429754_tpm/SRR6429754_filtered.map.markdup.metrics AS=TRUE VALIDATION_STRINGENCY=LENIENT MAX_FILE_HANDLES_FOR_READ_ENDS_MAP=filtered REMOVE_DUPLICATES=TRUE
        (one of the commands exited with non-zero exit code; note that snakemake uses bash strict mode!)

Shutting down, this might take some time.
Exiting because a job execution failed. Look above for error message
Complete log: .snakemake/log/2024-11-19T162548.844488.snakemake.log
