Config file config.yaml is extended by additional config specified via the command line.
Config file config.yaml is extended by additional config specified via the command line.
Config file config.yaml is extended by additional config specified via the command line.
Building DAG of jobs...
Using shell: /bin/bash
Provided cores: 10
Rules claiming more threads will be scaled down.
Job stats:
job               count    min threads    max threads
--------------  -------  -------------  -------------
all                   1              1              1
bin_refinement        2             10             10
coverm                2             10             10
gtdbtk                2             10             10
gtdbtk_folder         2              1              1
metaquast             1             10             10
metawrap_bin          2             10             10
symlink_reads         2              1              1
total                14              1             10

Select jobs to execute...

[Mon Nov 25 15:29:25 2024]
rule metaquast:
    input: /mnt/seaes01-data01/nixon-microbiome/shared/bioinformatic_toolkit/output_repository_test/SRR6429754_assembly/contigs.fasta
    output: /mnt/seaes01-data01/nixon-microbiome/shared/bioinformatic_toolkit/output_repository_test/SRR6429754_quast_report
    log: /mnt/seaes01-data01/nixon-microbiome/shared/bioinformatic_toolkit/output_repository_test/SRR6429754_quast.log
    jobid: 8
    reason: Missing output files: /mnt/seaes01-data01/nixon-microbiome/shared/bioinformatic_toolkit/output_repository_test/SRR6429754_quast_report
    wildcards: sample=SRR6429754
    threads: 10
    resources: tmpdir=/tmp/5290917.1.parallel.q

Activating singularity image /mnt/seaes01-data01/nixon-microbiome/containers/quast/quast-5.2.0.sif
[Mon Nov 25 15:33:15 2024]
Error in rule metaquast:
    jobid: 8
    input: /mnt/seaes01-data01/nixon-microbiome/shared/bioinformatic_toolkit/output_repository_test/SRR6429754_assembly/contigs.fasta
    output: /mnt/seaes01-data01/nixon-microbiome/shared/bioinformatic_toolkit/output_repository_test/SRR6429754_quast_report
    log: /mnt/seaes01-data01/nixon-microbiome/shared/bioinformatic_toolkit/output_repository_test/SRR6429754_quast.log (check log file(s) for error details)
    shell:
        
        metaquast.py --threads 10 -o /mnt/seaes01-data01/nixon-microbiome/shared/bioinformatic_toolkit/output_repository_test/SRR6429754_quast_report /mnt/seaes01-data01/nixon-microbiome/shared/bioinformatic_toolkit/output_repository_test/SRR6429754_assembly/contigs.fasta
        
        (one of the commands exited with non-zero exit code; note that snakemake uses bash strict mode!)

Removing output files of failed job metaquast since they might be corrupted:
/mnt/seaes01-data01/nixon-microbiome/shared/bioinformatic_toolkit/output_repository_test/SRR6429754_quast_report
Shutting down, this might take some time.
Exiting because a job execution failed. Look above for error message
Complete log: .snakemake/log/2024-11-25T152911.821732.snakemake.log
