Config file config.yaml is extended by additional config specified via the command line.
Config file config.yaml is extended by additional config specified via the command line.
Config file config.yaml is extended by additional config specified via the command line.
Config file config.yaml is extended by additional config specified via the command line.
Config file config.yaml is extended by additional config specified via the command line.
Config file config.yaml is extended by additional config specified via the command line.
Config file config.yaml is extended by additional config specified via the command line.
Config file config.yaml is extended by additional config specified via the command line.
Building DAG of jobs...
Using shell: /usr/bin/bash
Provided cores: 10
Rules claiming more threads will be scaled down.
Job stats:
job                     count    min threads    max threads
--------------------  -------  -------------  -------------
alignment                  10             10             10
all                         1              1              1
antismash                  10             10             10
bin_refinement             10             10             10
bowtie_build               10             10             10
bowtie_map                 10             10             10
convert                    10             10             10
coverm                     10             10             10
cut                         9             10             10
cut_IDs                    10             10             10
fastqc                      5             10             10
filter_seq                 10             10             10
filter_seq_contigs          9             10             10
gene_length                10             10             10
genomad_end_to_end         10             10             10
get_gtf                    10             10             10
gtdbtk                     10             10             10
gtdbtk_folder              10              1              1
htseq                      10             10             10
kaiju_refseq                5             10             10
kaiju_table_Class           8             10             10
kaiju_table_Genus           7             10             10
kofam                      10             10             10
kofam_summary_table        10             10             10
merge_tpm_annotation       10             10             10
metaquast                  10             10             10
metawrap_bin               10             10             10
picard                     10             10             10
prokka                      9             10             10
read_length                10             10             10
samtools                   10             10             10
spades                      8             10             10
symlink_reads              10              1              1
tpm_prokka                 10             10             10
tpm_table                  10             10             10
trimmomatic                 3             10             10
total                     324              1             10

Select jobs to execute...

[Wed Nov 27 21:50:00 2024]
rule fastqc:
    input: /mnt/seaes01-data01/nixon-microbiome/shared/bioinformatic_toolkit/output_repository/N3_forward_paired.fq, /mnt/seaes01-data01/nixon-microbiome/shared/bioinformatic_toolkit/output_repository/N3_reverse_paired.fq
    output: /mnt/seaes01-data01/nixon-microbiome/shared/bioinformatic_toolkit/output_repository/N3_fastqc
    jobid: 16
    reason: Missing output files: /mnt/seaes01-data01/nixon-microbiome/shared/bioinformatic_toolkit/output_repository/N3_fastqc
    wildcards: sample=N3
    threads: 10
    resources: tmpdir=/tmp

Activating singularity image /mnt/seaes01-data01/nixon-microbiome/containers/fastqc/fastqc-0.11.9.sif
Terminating processes on user request, this might take some time.
[Wed Nov 27 21:50:02 2024]
Error in rule fastqc:
    jobid: 16
    input: /mnt/seaes01-data01/nixon-microbiome/shared/bioinformatic_toolkit/output_repository/N3_forward_paired.fq, /mnt/seaes01-data01/nixon-microbiome/shared/bioinformatic_toolkit/output_repository/N3_reverse_paired.fq
    output: /mnt/seaes01-data01/nixon-microbiome/shared/bioinformatic_toolkit/output_repository/N3_fastqc
    shell:
        
        mkdir /mnt/seaes01-data01/nixon-microbiome/shared/bioinformatic_toolkit/output_repository/N3_fastqc
        fastqc -o /mnt/seaes01-data01/nixon-microbiome/shared/bioinformatic_toolkit/output_repository/N3_fastqc /mnt/seaes01-data01/nixon-microbiome/shared/bioinformatic_toolkit/output_repository/N3_forward_paired.fq -t 10 /mnt/seaes01-data01/nixon-microbiome/shared/bioinformatic_toolkit/output_repository/N3_reverse_paired.fq
        
        (one of the commands exited with non-zero exit code; note that snakemake uses bash strict mode!)

Complete log: .snakemake/log/2024-11-27T214958.827059.snakemake.log
