Config file config.yaml is extended by additional config specified via the command line.
Config file config.yaml is extended by additional config specified via the command line.
Config file config.yaml is extended by additional config specified via the command line.
Config file config.yaml is extended by additional config specified via the command line.
Config file config.yaml is extended by additional config specified via the command line.
Config file config.yaml is extended by additional config specified via the command line.
Building DAG of jobs...
Using shell: /usr/bin/bash
Provided cores: 20
Rules claiming more threads will be scaled down.
Job stats:
job                     count    min threads    max threads
--------------------  -------  -------------  -------------
all                         1              1              1
bowtie_build                1             20             20
bowtie_map                  1             20             20
filter_seq                  1             20             20
gene_length                 2             20             20
get_gtf                     1             20             20
htseq                       2             20             20
kofam                       1             20             20
kofam_summary_table         2             20             20
merge_tpm_annotation        2             20             20
picard                      2             20             20
read_length                 1             20             20
samtools                    1             20             20
tpm_prokka                  1             20             20
tpm_table                   2             20             20
total                      21              1             20

Select jobs to execute...

[Wed Nov 20 08:37:37 2024]
rule read_length:
    input: /mnt/seaes01-data01/nixon-microbiome/shared/CS/geothermal1/SRR6429754_1.fastq
    output: /mnt/seaes01-data01/nixon-microbiome/shared/bioinformatic_toolkit/output_repository/SRR6429754_tpm/SRR6429754.readlength
    jobid: 45
    reason: Missing output files: /mnt/seaes01-data01/nixon-microbiome/shared/bioinformatic_toolkit/output_repository/SRR6429754_tpm/SRR6429754.readlength
    wildcards: sample=SRR6429754
    threads: 20
    resources: tmpdir=/tmp

[Wed Nov 20 08:37:40 2024]
Finished job 45.
1 of 21 steps (5%) done
Select jobs to execute...

[Wed Nov 20 08:37:40 2024]
rule picard:
    input: /mnt/seaes01-data01/nixon-microbiome/shared/bioinformatic_toolkit/output_repository/SRR6429754_tpm/SRR6429754_filtered.map.sorted.bam
    output: /mnt/seaes01-data01/nixon-microbiome/shared/bioinformatic_toolkit/output_repository/SRR6429754_tpm/SRR6429754_filtered.map.markdup.bam, /mnt/seaes01-data01/nixon-microbiome/shared/bioinformatic_toolkit/output_repository/SRR6429754_tpm/SRR6429754_filtered.map.markdup.metrics
    jobid: 52
    reason: Missing output files: /mnt/seaes01-data01/nixon-microbiome/shared/bioinformatic_toolkit/output_repository/SRR6429754_tpm/SRR6429754_filtered.map.markdup.bam
    wildcards: sample=SRR6429754
    threads: 20
    resources: tmpdir=/tmp

Activating singularity image /mnt/seaes01-data01/nixon-microbiome/containers/picard/picard-2.27.5.sif
[Wed Nov 20 08:37:42 2024]
Error in rule picard:
    jobid: 52
    input: /mnt/seaes01-data01/nixon-microbiome/shared/bioinformatic_toolkit/output_repository/SRR6429754_tpm/SRR6429754_filtered.map.sorted.bam
    output: /mnt/seaes01-data01/nixon-microbiome/shared/bioinformatic_toolkit/output_repository/SRR6429754_tpm/SRR6429754_filtered.map.markdup.bam, /mnt/seaes01-data01/nixon-microbiome/shared/bioinformatic_toolkit/output_repository/SRR6429754_tpm/SRR6429754_filtered.map.markdup.metrics
    shell:
        java -Xms2g -Xmx32g -jar /picard/picard.jar MarkDuplicates INPUT=/mnt/seaes01-data01/nixon-microbiome/shared/bioinformatic_toolkit/output_repository/SRR6429754_tpm/SRR6429754_filtered.map.sorted.bam OUTPUT=/mnt/seaes01-data01/nixon-microbiome/shared/bioinformatic_toolkit/output_repository/SRR6429754_tpm/SRR6429754_filtered.map.markdup.bam METRICS_FILE=/mnt/seaes01-data01/nixon-microbiome/shared/bioinformatic_toolkit/output_repository/SRR6429754_tpm/SRR6429754_filtered.map.markdup.metrics AS=TRUE VALIDATION_STRINGENCY=LENIENT MAX_FILE_HANDLES_FOR_READ_ENDS_MAP=filtered REMOVE_DUPLICATES=TRUE
        (one of the commands exited with non-zero exit code; note that snakemake uses bash strict mode!)

Shutting down, this might take some time.
Exiting because a job execution failed. Look above for error message
Complete log: .snakemake/log/2024-11-20T083734.772564.snakemake.log
