Config file config.yaml is extended by additional config specified via the command line.
Config file config.yaml is extended by additional config specified via the command line.
Config file config.yaml is extended by additional config specified via the command line.
Building DAG of jobs...
Using shell: /bin/bash
Provided cores: 10
Rules claiming more threads will be scaled down.
Job stats:
job               count    min threads    max threads
--------------  -------  -------------  -------------
all                   1              1              1
bin_refinement        2             10             10
coverm                2             10             10
fastqc                2             10             10
gtdbtk                2             10             10
gtdbtk_folder         2              1              1
metaquast             2             10             10
metawrap_bin          2             10             10
prokka                2             10             10
spades                2             10             10
symlink_reads         2              1              1
trimmomatic           2             10             10
total                23              1             10

Select jobs to execute...

[Thu Nov 21 14:45:39 2024]
rule trimmomatic:
    input: /mnt/seaes01-data01/nixon-microbiome/shared/CS/geothermal1/SRR6429754_1.fastq, /mnt/seaes01-data01/nixon-microbiome/shared/CS/geothermal1/SRR6429754_2.fastq
    output: /mnt/seaes01-data01/nixon-microbiome/shared/bioinformatic_toolkit/output_repository_test/SRR6429754_forward_paired.fq, /mnt/seaes01-data01/nixon-microbiome/shared/bioinformatic_toolkit/output_repository_test/SRR6429754_forward_unpaired.fq, /mnt/seaes01-data01/nixon-microbiome/shared/bioinformatic_toolkit/output_repository_test/SRR6429754_reverse_paired.fq, /mnt/seaes01-data01/nixon-microbiome/shared/bioinformatic_toolkit/output_repository_test/SRR6429754_reverse_unpaired.fq
    log: /mnt/seaes01-data01/nixon-microbiome/shared/bioinformatic_toolkit/output_repository_test/SRR6429754_trimmomatic.log
    jobid: 2
    reason: Missing output files: /mnt/seaes01-data01/nixon-microbiome/shared/bioinformatic_toolkit/output_repository_test/SRR6429754_reverse_paired.fq, /mnt/seaes01-data01/nixon-microbiome/shared/bioinformatic_toolkit/output_repository_test/SRR6429754_forward_paired.fq
    wildcards: sample=SRR6429754
    threads: 10
    resources: tmpdir=/tmp/5278455.1.parallel.q

Activating singularity image /mnt/seaes01-data01/nixon-microbiome/containers/trimmomatic/trimmomatic-0.39.sif
[Thu Nov 21 14:45:53 2024]
Finished job 2.
1 of 23 steps (4%) done
Select jobs to execute...

[Thu Nov 21 14:45:53 2024]
rule fastqc:
    input: /mnt/seaes01-data01/nixon-microbiome/shared/bioinformatic_toolkit/output_repository_test/SRR6429754_forward_paired.fq, /mnt/seaes01-data01/nixon-microbiome/shared/bioinformatic_toolkit/output_repository_test/SRR6429754_reverse_paired.fq
    output: /mnt/seaes01-data01/nixon-microbiome/shared/bioinformatic_toolkit/output_repository_test/SRR6429754_fastqc
    jobid: 4
    reason: Missing output files: /mnt/seaes01-data01/nixon-microbiome/shared/bioinformatic_toolkit/output_repository_test/SRR6429754_fastqc; Input files updated by another job: /mnt/seaes01-data01/nixon-microbiome/shared/bioinformatic_toolkit/output_repository_test/SRR6429754_reverse_paired.fq, /mnt/seaes01-data01/nixon-microbiome/shared/bioinformatic_toolkit/output_repository_test/SRR6429754_forward_paired.fq
    wildcards: sample=SRR6429754
    threads: 10
    resources: tmpdir=/tmp/5278455.1.parallel.q

Activating singularity image /mnt/seaes01-data01/nixon-microbiome/containers/fastqc/fastqc-0.11.9.sif
[Thu Nov 21 14:46:06 2024]
Finished job 4.
2 of 23 steps (9%) done
Select jobs to execute...

[Thu Nov 21 14:46:06 2024]
rule trimmomatic:
    input: /mnt/seaes01-data01/nixon-microbiome/shared/CS/geothermal1/SRR2239652_1.fastq, /mnt/seaes01-data01/nixon-microbiome/shared/CS/geothermal1/SRR2239652_2.fastq
    output: /mnt/seaes01-data01/nixon-microbiome/shared/bioinformatic_toolkit/output_repository_test/SRR2239652_forward_paired.fq, /mnt/seaes01-data01/nixon-microbiome/shared/bioinformatic_toolkit/output_repository_test/SRR2239652_forward_unpaired.fq, /mnt/seaes01-data01/nixon-microbiome/shared/bioinformatic_toolkit/output_repository_test/SRR2239652_reverse_paired.fq, /mnt/seaes01-data01/nixon-microbiome/shared/bioinformatic_toolkit/output_repository_test/SRR2239652_reverse_unpaired.fq
    log: /mnt/seaes01-data01/nixon-microbiome/shared/bioinformatic_toolkit/output_repository_test/SRR2239652_trimmomatic.log
    jobid: 1
    reason: Missing output files: /mnt/seaes01-data01/nixon-microbiome/shared/bioinformatic_toolkit/output_repository_test/SRR2239652_reverse_paired.fq, /mnt/seaes01-data01/nixon-microbiome/shared/bioinformatic_toolkit/output_repository_test/SRR2239652_forward_paired.fq
    wildcards: sample=SRR2239652
    threads: 10
    resources: tmpdir=/tmp/5278455.1.parallel.q

Activating singularity image /mnt/seaes01-data01/nixon-microbiome/containers/trimmomatic/trimmomatic-0.39.sif
[Thu Nov 21 14:47:13 2024]
Finished job 1.
3 of 23 steps (13%) done
Select jobs to execute...

[Thu Nov 21 14:47:13 2024]
rule spades:
    input: /mnt/seaes01-data01/nixon-microbiome/shared/bioinformatic_toolkit/output_repository_test/SRR2239652_forward_paired.fq, /mnt/seaes01-data01/nixon-microbiome/shared/bioinformatic_toolkit/output_repository_test/SRR2239652_reverse_paired.fq
    output: /mnt/seaes01-data01/nixon-microbiome/shared/bioinformatic_toolkit/output_repository_test/SRR2239652_assembly, /mnt/seaes01-data01/nixon-microbiome/shared/bioinformatic_toolkit/output_repository_test/SRR2239652_assembly/contigs.fasta
    jobid: 5
    reason: Missing output files: /mnt/seaes01-data01/nixon-microbiome/shared/bioinformatic_toolkit/output_repository_test/SRR2239652_assembly/contigs.fasta; Input files updated by another job: /mnt/seaes01-data01/nixon-microbiome/shared/bioinformatic_toolkit/output_repository_test/SRR2239652_reverse_paired.fq, /mnt/seaes01-data01/nixon-microbiome/shared/bioinformatic_toolkit/output_repository_test/SRR2239652_forward_paired.fq
    wildcards: sample=SRR2239652
    threads: 10
    resources: tmpdir=/tmp/5278455.1.parallel.q

Activating singularity image /mnt/seaes01-data01/nixon-microbiome/containers/spades/spades-3.15.5.sif
[Thu Nov 21 15:10:00 2024]
Finished job 5.
4 of 23 steps (17%) done
Select jobs to execute...

[Thu Nov 21 15:10:01 2024]
rule prokka:
    input: /mnt/seaes01-data01/nixon-microbiome/shared/bioinformatic_toolkit/output_repository_test/SRR2239652_assembly/contigs.fasta
    output: /mnt/seaes01-data01/nixon-microbiome/shared/bioinformatic_toolkit/output_repository_test/SRR2239652_prokka, /mnt/seaes01-data01/nixon-microbiome/shared/bioinformatic_toolkit/output_repository_test/SRR2239652_prokka/SRR2239652_annotated.gff, /mnt/seaes01-data01/nixon-microbiome/shared/bioinformatic_toolkit/output_repository_test/SRR2239652_prokka/SRR2239652_annotated.tsv, /mnt/seaes01-data01/nixon-microbiome/shared/bioinformatic_toolkit/output_repository_test/SRR2239652_prokka/SRR2239652_annotated.faa
    jobid: 7
    reason: Missing output files: /mnt/seaes01-data01/nixon-microbiome/shared/bioinformatic_toolkit/output_repository_test/SRR2239652_prokka/SRR2239652_annotated.gff, /mnt/seaes01-data01/nixon-microbiome/shared/bioinformatic_toolkit/output_repository_test/SRR2239652_prokka/SRR2239652_annotated.faa, /mnt/seaes01-data01/nixon-microbiome/shared/bioinformatic_toolkit/output_repository_test/SRR2239652_prokka/SRR2239652_annotated.tsv; Input files updated by another job: /mnt/seaes01-data01/nixon-microbiome/shared/bioinformatic_toolkit/output_repository_test/SRR2239652_assembly/contigs.fasta
    wildcards: sample=SRR2239652
    threads: 10
    resources: tmpdir=/tmp/5278455.1.parallel.q

Activating singularity image /mnt/seaes01-data01/nixon-microbiome/containers/prokka/prokka-1.14.6.sif
[Thu Nov 21 16:02:41 2024]
Finished job 7.
5 of 23 steps (22%) done
Select jobs to execute...

[Thu Nov 21 16:02:41 2024]
rule metaquast:
    input: /mnt/seaes01-data01/nixon-microbiome/shared/bioinformatic_toolkit/output_repository_test/SRR2239652_assembly/contigs.fasta
    output: /mnt/seaes01-data01/nixon-microbiome/shared/bioinformatic_toolkit/output_repository_test/SRR2239652_quast_report
    jobid: 9
    reason: Missing output files: /mnt/seaes01-data01/nixon-microbiome/shared/bioinformatic_toolkit/output_repository_test/SRR2239652_quast_report; Input files updated by another job: /mnt/seaes01-data01/nixon-microbiome/shared/bioinformatic_toolkit/output_repository_test/SRR2239652_assembly/contigs.fasta
    wildcards: sample=SRR2239652
    threads: 10
    resources: tmpdir=/tmp/5278455.1.parallel.q

Activating singularity image /mnt/seaes01-data01/nixon-microbiome/containers/quast/quast-5.2.0.sif
[Thu Nov 21 16:10:23 2024]
Finished job 9.
6 of 23 steps (26%) done
Select jobs to execute...

[Thu Nov 21 16:10:23 2024]
rule spades:
    input: /mnt/seaes01-data01/nixon-microbiome/shared/bioinformatic_toolkit/output_repository_test/SRR6429754_forward_paired.fq, /mnt/seaes01-data01/nixon-microbiome/shared/bioinformatic_toolkit/output_repository_test/SRR6429754_reverse_paired.fq
    output: /mnt/seaes01-data01/nixon-microbiome/shared/bioinformatic_toolkit/output_repository_test/SRR6429754_assembly, /mnt/seaes01-data01/nixon-microbiome/shared/bioinformatic_toolkit/output_repository_test/SRR6429754_assembly/contigs.fasta
    jobid: 6
    reason: Missing output files: /mnt/seaes01-data01/nixon-microbiome/shared/bioinformatic_toolkit/output_repository_test/SRR6429754_assembly/contigs.fasta; Input files updated by another job: /mnt/seaes01-data01/nixon-microbiome/shared/bioinformatic_toolkit/output_repository_test/SRR6429754_reverse_paired.fq, /mnt/seaes01-data01/nixon-microbiome/shared/bioinformatic_toolkit/output_repository_test/SRR6429754_forward_paired.fq
    wildcards: sample=SRR6429754
    threads: 10
    resources: tmpdir=/tmp/5278455.1.parallel.q

Activating singularity image /mnt/seaes01-data01/nixon-microbiome/containers/spades/spades-3.15.5.sif
[Thu Nov 21 16:19:52 2024]
Finished job 6.
7 of 23 steps (30%) done
Select jobs to execute...

[Thu Nov 21 16:19:52 2024]
rule metaquast:
    input: /mnt/seaes01-data01/nixon-microbiome/shared/bioinformatic_toolkit/output_repository_test/SRR6429754_assembly/contigs.fasta
    output: /mnt/seaes01-data01/nixon-microbiome/shared/bioinformatic_toolkit/output_repository_test/SRR6429754_quast_report
    jobid: 10
    reason: Missing output files: /mnt/seaes01-data01/nixon-microbiome/shared/bioinformatic_toolkit/output_repository_test/SRR6429754_quast_report; Input files updated by another job: /mnt/seaes01-data01/nixon-microbiome/shared/bioinformatic_toolkit/output_repository_test/SRR6429754_assembly/contigs.fasta
    wildcards: sample=SRR6429754
    threads: 10
    resources: tmpdir=/tmp/5278455.1.parallel.q

Activating singularity image /mnt/seaes01-data01/nixon-microbiome/containers/quast/quast-5.2.0.sif
[Thu Nov 21 16:23:00 2024]
Error in rule metaquast:
    jobid: 10
    input: /mnt/seaes01-data01/nixon-microbiome/shared/bioinformatic_toolkit/output_repository_test/SRR6429754_assembly/contigs.fasta
    output: /mnt/seaes01-data01/nixon-microbiome/shared/bioinformatic_toolkit/output_repository_test/SRR6429754_quast_report
    shell:
        
        metaquast.py --threads 10 -o /mnt/seaes01-data01/nixon-microbiome/shared/bioinformatic_toolkit/output_repository_test/SRR6429754_quast_report /mnt/seaes01-data01/nixon-microbiome/shared/bioinformatic_toolkit/output_repository_test/SRR6429754_assembly/contigs.fasta
        
        (one of the commands exited with non-zero exit code; note that snakemake uses bash strict mode!)

Removing output files of failed job metaquast since they might be corrupted:
/mnt/seaes01-data01/nixon-microbiome/shared/bioinformatic_toolkit/output_repository_test/SRR6429754_quast_report
Shutting down, this might take some time.
Exiting because a job execution failed. Look above for error message
Complete log: .snakemake/log/2024-11-21T144534.304756.snakemake.log
