Config file config.yaml is extended by additional config specified via the command line.
Config file config.yaml is extended by additional config specified via the command line.
Building DAG of jobs...
Using shell: /usr/bin/bash
Provided cores: 10
Rules claiming more threads will be scaled down.
Job stats:
job            count    min threads    max threads
-----------  -------  -------------  -------------
all                1              1              1
fastqc             2             10             10
metaquast          2             10             10
prokka             2             10             10
spades             2             10             10
trimmomatic        2             10             10
total             11              1             10

Select jobs to execute...

[Tue Nov 12 13:06:48 2024]
rule trimmomatic:
    input: /mnt/seaes01-data01/nixon-microbiome/shared/CS/geothermal1/SRR2239652_1.fastq, /mnt/seaes01-data01/nixon-microbiome/shared/CS/geothermal1/SRR2239652_2.fastq
    output: /mnt/seaes01-data01/nixon-microbiome/shared/bioinformatic_toolkit/output_repository/SRR2239652_forward_paired.fq, /mnt/seaes01-data01/nixon-microbiome/shared/bioinformatic_toolkit/output_repository/SRR2239652_forward_unpaired.fq, /mnt/seaes01-data01/nixon-microbiome/shared/bioinformatic_toolkit/output_repository/SRR2239652_reverse_paired.fq, /mnt/seaes01-data01/nixon-microbiome/shared/bioinformatic_toolkit/output_repository/SRR2239652_reverse_unpaired.fq
    log: /mnt/seaes01-data01/nixon-microbiome/shared/bioinformatic_toolkit/output_repository/SRR2239652_trimmomatic.log
    jobid: 1
    reason: Code has changed since last execution
    wildcards: sample=SRR2239652
    threads: 10
    resources: tmpdir=/tmp

Activating singularity image /mnt/seaes01-data01/nixon-microbiome/containers/trimmomatic/trimmomatic-0.39.sif
[Tue Nov 12 13:07:00 2024]
Finished job 1.
1 of 11 steps (9%) done
Select jobs to execute...

[Tue Nov 12 13:07:01 2024]
rule fastqc:
    input: /mnt/seaes01-data01/nixon-microbiome/shared/bioinformatic_toolkit/output_repository/SRR2239652_forward_paired.fq, /mnt/seaes01-data01/nixon-microbiome/shared/bioinformatic_toolkit/output_repository/SRR2239652_reverse_paired.fq
    output: /mnt/seaes01-data01/nixon-microbiome/shared/bioinformatic_toolkit/output_repository/SRR2239652_fastqc
    jobid: 3
    reason: Input files updated by another job: /mnt/seaes01-data01/nixon-microbiome/shared/bioinformatic_toolkit/output_repository/SRR2239652_forward_paired.fq, /mnt/seaes01-data01/nixon-microbiome/shared/bioinformatic_toolkit/output_repository/SRR2239652_reverse_paired.fq
    wildcards: sample=SRR2239652
    threads: 10
    resources: tmpdir=/tmp

Activating singularity image /mnt/seaes01-data01/nixon-microbiome/containers/fastqc/fastqc-0.11.9.sif
[Tue Nov 12 13:07:44 2024]
Finished job 3.
2 of 11 steps (18%) done
Select jobs to execute...

[Tue Nov 12 13:07:44 2024]
rule spades:
    input: /mnt/seaes01-data01/nixon-microbiome/shared/bioinformatic_toolkit/output_repository/SRR2239652_forward_paired.fq, /mnt/seaes01-data01/nixon-microbiome/shared/bioinformatic_toolkit/output_repository/SRR2239652_reverse_paired.fq
    output: /mnt/seaes01-data01/nixon-microbiome/shared/bioinformatic_toolkit/output_repository/SRR2239652_assembly, /mnt/seaes01-data01/nixon-microbiome/shared/bioinformatic_toolkit/output_repository/SRR2239652_assembly/contigs.fasta
    jobid: 5
    reason: Input files updated by another job: /mnt/seaes01-data01/nixon-microbiome/shared/bioinformatic_toolkit/output_repository/SRR2239652_forward_paired.fq, /mnt/seaes01-data01/nixon-microbiome/shared/bioinformatic_toolkit/output_repository/SRR2239652_reverse_paired.fq
    wildcards: sample=SRR2239652
    threads: 10
    resources: tmpdir=/tmp

Activating singularity image /mnt/seaes01-data01/nixon-microbiome/containers/spades/spades-3.15.5.sif
[Tue Nov 12 13:32:57 2024]
Finished job 5.
3 of 11 steps (27%) done
Select jobs to execute...

[Tue Nov 12 13:32:57 2024]
rule metaquast:
    input: /mnt/seaes01-data01/nixon-microbiome/shared/bioinformatic_toolkit/output_repository/SRR2239652_assembly/contigs.fasta
    output: /mnt/seaes01-data01/nixon-microbiome/shared/bioinformatic_toolkit/output_repository/SRR2239652_quast_report
    jobid: 9
    reason: Input files updated by another job: /mnt/seaes01-data01/nixon-microbiome/shared/bioinformatic_toolkit/output_repository/SRR2239652_assembly/contigs.fasta
    wildcards: sample=SRR2239652
    threads: 10
    resources: tmpdir=/tmp

Activating singularity image /mnt/seaes01-data01/nixon-microbiome/containers/quast/quast-5.2.0.sif
[Tue Nov 12 13:33:08 2024]
Finished job 9.
4 of 11 steps (36%) done
Select jobs to execute...

[Tue Nov 12 13:33:08 2024]
rule prokka:
    input: /mnt/seaes01-data01/nixon-microbiome/shared/bioinformatic_toolkit/output_repository/SRR2239652_assembly/contigs.fasta
    output: /mnt/seaes01-data01/nixon-microbiome/shared/bioinformatic_toolkit/output_repository/SRR2239652_prokka/SRR2239652_annotated.gff, /mnt/seaes01-data01/nixon-microbiome/shared/bioinformatic_toolkit/output_repository/SRR2239652_prokka/SRR2239652_annotated.tsv, /mnt/seaes01-data01/nixon-microbiome/shared/bioinformatic_toolkit/output_repository/SRR2239652_prokka/SRR2239652_annotated.faa
    jobid: 7
    reason: Missing output files: /mnt/seaes01-data01/nixon-microbiome/shared/bioinformatic_toolkit/output_repository/SRR2239652_prokka/SRR2239652_annotated.gff, /mnt/seaes01-data01/nixon-microbiome/shared/bioinformatic_toolkit/output_repository/SRR2239652_prokka/SRR2239652_annotated.tsv, /mnt/seaes01-data01/nixon-microbiome/shared/bioinformatic_toolkit/output_repository/SRR2239652_prokka/SRR2239652_annotated.faa; Input files updated by another job: /mnt/seaes01-data01/nixon-microbiome/shared/bioinformatic_toolkit/output_repository/SRR2239652_assembly/contigs.fasta
    wildcards: sample=SRR2239652
    threads: 10
    resources: tmpdir=/tmp

Activating singularity image /mnt/seaes01-data01/nixon-microbiome/containers/prokka/prokka-1.14.6.sif
Waiting at most 5 seconds for missing files.
MissingOutputException in rule prokka  in line 61 of /mnt/seaes01-data01/nixon-microbiome/shared/bioinformatic_toolkit/assemble.smk:
Job Missing files after 5 seconds. This might be due to filesystem latency. If that is the case, consider to increase the wait time with --latency-wait:
/mnt/seaes01-data01/nixon-microbiome/shared/bioinformatic_toolkit/output_repository/SRR2239652_prokka/SRR2239652_annotated.gff
/mnt/seaes01-data01/nixon-microbiome/shared/bioinformatic_toolkit/output_repository/SRR2239652_prokka/SRR2239652_annotated.tsv
/mnt/seaes01-data01/nixon-microbiome/shared/bioinformatic_toolkit/output_repository/SRR2239652_prokka/SRR2239652_annotated.faa completed successfully, but some output files are missing. 7
Shutting down, this might take some time.
Exiting because a job execution failed. Look above for error message
Complete log: .snakemake/log/2024-11-12T130647.950875.snakemake.log
