Config file config.yaml is extended by additional config specified via the command line.
Config file config.yaml is extended by additional config specified via the command line.
Config file config.yaml is extended by additional config specified via the command line.
Config file config.yaml is extended by additional config specified via the command line.
Building DAG of jobs...
Using shell: /usr/bin/bash
Provided cores: 10
Rules claiming more threads will be scaled down.
Job stats:
job                   count    min threads    max threads
------------------  -------  -------------  -------------
all                       1              1              1
bin_refinement           10             10             10
coverm                   10             10             10
cut                      10             10             10
fastqc                    4             10             10
filter_seq_contigs       10             10             10
gtdbtk                   10             10             10
kaiju_refseq              5             10             10
kaiju_table_Class         8             10             10
kaiju_table_Genus         7             10             10
megahit                  10             10             10
metaquast                10             10             10
metawrap_bin             10             10             10
prokka                   10             10             10
symlink_reads             3              1              1
trimmomatic               3             10             10
total                   121              1             10

Resources before job selection: {'_cores': 10, '_nodes': 9223372036854775807}
Ready jobs (18):
	kaiju_table_Class
	megahit
	kaiju_table_Class
	kaiju_refseq
	megahit
	megahit
	trimmomatic
	megahit
	kaiju_table_Genus
	trimmomatic
	fastqc
	megahit
	kaiju_table_Class
	kaiju_refseq
	trimmomatic
	megahit
	kaiju_table_Genus
	megahit
Select jobs to execute...
Selected jobs (1):
	megahit
Resources after job selection: {'_cores': 0, '_nodes': 9223372036854775806}

[Fri Dec  6 16:06:45 2024]
rule megahit:
    input: /mnt/seaes01-data01/nixon-microbiome/shared/bioinformatic_toolkit/output_repository/N3_forward_paired.fq, /mnt/seaes01-data01/nixon-microbiome/shared/bioinformatic_toolkit/output_repository/N3_reverse_paired.fq
    output: /mnt/seaes01-data01/nixon-microbiome/shared/bioinformatic_toolkit/output_repository/N3_assembly, /mnt/seaes01-data01/nixon-microbiome/shared/bioinformatic_toolkit/output_repository/N3_assembly/contigs.fasta
    jobid: 26
    reason: Missing output files: /mnt/seaes01-data01/nixon-microbiome/shared/bioinformatic_toolkit/output_repository/N3_assembly/contigs.fasta
    wildcards: sample=N3
    threads: 10
    resources: tmpdir=/tmp

 singularity  exec --home /mnt/seaes01-data01/nixon-microbiome/shared/bioinformatic_toolkit  /opt/containers/megahit/megahit-1.2.9.sif bash -c 'set -euo pipefail;  
        megahit -m 0.95 -1 /mnt/seaes01-data01/nixon-microbiome/shared/bioinformatic_toolkit/output_repository/N3_forward_paired.fq -2 /mnt/seaes01-data01/nixon-microbiome/shared/bioinformatic_toolkit/output_repository/N3_reverse_paired.fq --presets meta-large -t 10 -o /mnt/seaes01-data01/nixon-microbiome/shared/bioinformatic_toolkit/output_repository/N3_assembly'
Activating singularity image /opt/containers/megahit/megahit-1.2.9.sif
Full Traceback (most recent call last):
  File "/home/mqbpqcs2/.conda/envs/snakemake/lib/python3.11/site-packages/snakemake/executors/__init__.py", line 2560, in run_wrapper
    run(
  File "/mnt/seaes01-data01/nixon-microbiome/shared/bioinformatic_toolkit/assemble_megahit.smk", line 98, in __rule_megahit
  File "/home/mqbpqcs2/.conda/envs/snakemake/lib/python3.11/site-packages/snakemake/shell.py", line 296, in __new__
    raise sp.CalledProcessError(retcode, cmd)
subprocess.CalledProcessError: Command ' singularity  exec --home /mnt/seaes01-data01/nixon-microbiome/shared/bioinformatic_toolkit  /opt/containers/megahit/megahit-1.2.9.sif bash -c 'set -euo pipefail;  
        megahit -m 0.95 -1 /mnt/seaes01-data01/nixon-microbiome/shared/bioinformatic_toolkit/output_repository/N3_forward_paired.fq -2 /mnt/seaes01-data01/nixon-microbiome/shared/bioinformatic_toolkit/output_repository/N3_reverse_paired.fq --presets meta-large -t 10 -o /mnt/seaes01-data01/nixon-microbiome/shared/bioinformatic_toolkit/output_repository/N3_assembly'' returned non-zero exit status 1.

[Fri Dec  6 16:06:46 2024]
Error in rule megahit:
    jobid: 26
    input: /mnt/seaes01-data01/nixon-microbiome/shared/bioinformatic_toolkit/output_repository/N3_forward_paired.fq, /mnt/seaes01-data01/nixon-microbiome/shared/bioinformatic_toolkit/output_repository/N3_reverse_paired.fq
    output: /mnt/seaes01-data01/nixon-microbiome/shared/bioinformatic_toolkit/output_repository/N3_assembly, /mnt/seaes01-data01/nixon-microbiome/shared/bioinformatic_toolkit/output_repository/N3_assembly/contigs.fasta
    shell:
        
        megahit -m 0.95 -1 /mnt/seaes01-data01/nixon-microbiome/shared/bioinformatic_toolkit/output_repository/N3_forward_paired.fq -2 /mnt/seaes01-data01/nixon-microbiome/shared/bioinformatic_toolkit/output_repository/N3_reverse_paired.fq --presets meta-large -t 10 -o /mnt/seaes01-data01/nixon-microbiome/shared/bioinformatic_toolkit/output_repository/N3_assembly
        
        (one of the commands exited with non-zero exit code; note that snakemake uses bash strict mode!)

Full Traceback (most recent call last):
  File "/home/mqbpqcs2/.conda/envs/snakemake/lib/python3.11/site-packages/snakemake/executors/__init__.py", line 2560, in run_wrapper
    run(
  File "/mnt/seaes01-data01/nixon-microbiome/shared/bioinformatic_toolkit/assemble_megahit.smk", line 98, in __rule_megahit
  File "/home/mqbpqcs2/.conda/envs/snakemake/lib/python3.11/site-packages/snakemake/shell.py", line 296, in __new__
    raise sp.CalledProcessError(retcode, cmd)
subprocess.CalledProcessError: Command ' singularity  exec --home /mnt/seaes01-data01/nixon-microbiome/shared/bioinformatic_toolkit  /opt/containers/megahit/megahit-1.2.9.sif bash -c 'set -euo pipefail;  
        megahit -m 0.95 -1 /mnt/seaes01-data01/nixon-microbiome/shared/bioinformatic_toolkit/output_repository/N3_forward_paired.fq -2 /mnt/seaes01-data01/nixon-microbiome/shared/bioinformatic_toolkit/output_repository/N3_reverse_paired.fq --presets meta-large -t 10 -o /mnt/seaes01-data01/nixon-microbiome/shared/bioinformatic_toolkit/output_repository/N3_assembly'' returned non-zero exit status 1.

During handling of the above exception, another exception occurred:

Traceback (most recent call last):
  File "/home/mqbpqcs2/.conda/envs/snakemake/lib/python3.11/site-packages/snakemake/executors/__init__.py", line 653, in _callback
    raise ex
  File "/home/mqbpqcs2/.conda/envs/snakemake/lib/python3.11/concurrent/futures/thread.py", line 58, in run
    result = self.fn(*self.args, **self.kwargs)
             ^^^^^^^^^^^^^^^^^^^^^^^^^^^^^^^^^^
  File "/home/mqbpqcs2/.conda/envs/snakemake/lib/python3.11/site-packages/snakemake/executors/__init__.py", line 639, in cached_or_run
    run_func(*args)
  File "/home/mqbpqcs2/.conda/envs/snakemake/lib/python3.11/site-packages/snakemake/executors/__init__.py", line 2596, in run_wrapper
    raise RuleException(
snakemake.exceptions.RuleException: CalledProcessError in line 45 of /mnt/seaes01-data01/nixon-microbiome/shared/bioinformatic_toolkit/assemble_megahit.smk:
Command ' singularity  exec --home /mnt/seaes01-data01/nixon-microbiome/shared/bioinformatic_toolkit  /opt/containers/megahit/megahit-1.2.9.sif bash -c 'set -euo pipefail;  
        megahit -m 0.95 -1 /mnt/seaes01-data01/nixon-microbiome/shared/bioinformatic_toolkit/output_repository/N3_forward_paired.fq -2 /mnt/seaes01-data01/nixon-microbiome/shared/bioinformatic_toolkit/output_repository/N3_reverse_paired.fq --presets meta-large -t 10 -o /mnt/seaes01-data01/nixon-microbiome/shared/bioinformatic_toolkit/output_repository/N3_assembly'' returned non-zero exit status 1.
  File "/mnt/seaes01-data01/nixon-microbiome/shared/bioinformatic_toolkit/assemble_megahit.smk", line 45, in __rule_megahit

RuleException:
CalledProcessError in line 45 of /mnt/seaes01-data01/nixon-microbiome/shared/bioinformatic_toolkit/assemble_megahit.smk:
Command ' singularity  exec --home /mnt/seaes01-data01/nixon-microbiome/shared/bioinformatic_toolkit  /opt/containers/megahit/megahit-1.2.9.sif bash -c 'set -euo pipefail;  
        megahit -m 0.95 -1 /mnt/seaes01-data01/nixon-microbiome/shared/bioinformatic_toolkit/output_repository/N3_forward_paired.fq -2 /mnt/seaes01-data01/nixon-microbiome/shared/bioinformatic_toolkit/output_repository/N3_reverse_paired.fq --presets meta-large -t 10 -o /mnt/seaes01-data01/nixon-microbiome/shared/bioinformatic_toolkit/output_repository/N3_assembly'' returned non-zero exit status 1.
  File "/mnt/seaes01-data01/nixon-microbiome/shared/bioinformatic_toolkit/assemble_megahit.smk", line 45, in __rule_megahit
  File "/home/mqbpqcs2/.conda/envs/snakemake/lib/python3.11/concurrent/futures/thread.py", line 58, in run
Removing output files of failed job megahit since they might be corrupted:
/mnt/seaes01-data01/nixon-microbiome/shared/bioinformatic_toolkit/output_repository/N3_assembly
Shutting down, this might take some time.
Exiting because a job execution failed. Look above for error message
Complete log: .snakemake/log/2024-12-06T160644.760732.snakemake.log
unlocking
removing lock
removing lock
removed all locks
