Config file config.yaml is extended by additional config specified via the command line.
Config file config.yaml is extended by additional config specified via the command line.
Config file config.yaml is extended by additional config specified via the command line.
Building DAG of jobs...
Using shell: /usr/bin/bash
Provided cores: 10
Rules claiming more threads will be scaled down.
Job stats:
job                   count    min threads    max threads
------------------  -------  -------------  -------------
all                       1              1              1
cut                       9             10             10
fastqc                    5             10             10
filter_seq_contigs        9             10             10
kaiju_refseq              5             10             10
kaiju_table_Class         8             10             10
kaiju_table_Genus         7             10             10
metaquast                10             10             10
prokka                    9             10             10
spades                    8             10             10
trimmomatic               3             10             10
total                    74              1             10

Select jobs to execute...

[Wed Nov 27 21:50:48 2024]
rule spades:
    input: /mnt/seaes01-data01/nixon-microbiome/shared/bioinformatic_toolkit/output_repository/F1_forward_paired.fq, /mnt/seaes01-data01/nixon-microbiome/shared/bioinformatic_toolkit/output_repository/F1_reverse_paired.fq
    output: /mnt/seaes01-data01/nixon-microbiome/shared/bioinformatic_toolkit/output_repository/F1_assembly, /mnt/seaes01-data01/nixon-microbiome/shared/bioinformatic_toolkit/output_repository/F1_assembly/contigs.fasta
    jobid: 21
    reason: Forced execution
    wildcards: sample=F1
    threads: 10
    resources: tmpdir=/tmp

Activating singularity image /mnt/seaes01-data01/nixon-microbiome/containers/spades/spades-3.15.5.sif
[Fri Nov 29 10:47:24 2024]
Finished job 21.
1 of 74 steps (1%) done
Select jobs to execute...

[Fri Nov 29 10:47:24 2024]
rule cut:
    input: /mnt/seaes01-data01/nixon-microbiome/shared/bioinformatic_toolkit/output_repository/F1_assembly/contigs.fasta
    output: /mnt/seaes01-data01/nixon-microbiome/shared/bioinformatic_toolkit/output_repository/F1_contigs_IDs_trimmed.fasta
    jobid: 33
    reason: Missing output files: /mnt/seaes01-data01/nixon-microbiome/shared/bioinformatic_toolkit/output_repository/F1_contigs_IDs_trimmed.fasta; Input files updated by another job: /mnt/seaes01-data01/nixon-microbiome/shared/bioinformatic_toolkit/output_repository/F1_assembly/contigs.fasta
    wildcards: sample=F1
    threads: 10
    resources: tmpdir=/tmp

[Fri Nov 29 10:47:37 2024]
Finished job 33.
2 of 74 steps (3%) done
Select jobs to execute...

[Fri Nov 29 10:47:37 2024]
rule filter_seq_contigs:
    input: /mnt/seaes01-data01/nixon-microbiome/shared/bioinformatic_toolkit/output_repository/F1_contigs_IDs_trimmed.fasta
    output: /mnt/seaes01-data01/nixon-microbiome/shared/bioinformatic_toolkit/output_repository/F1_contigs_filtered_500.fa
    jobid: 32
    reason: Missing output files: /mnt/seaes01-data01/nixon-microbiome/shared/bioinformatic_toolkit/output_repository/F1_contigs_filtered_500.fa; Input files updated by another job: /mnt/seaes01-data01/nixon-microbiome/shared/bioinformatic_toolkit/output_repository/F1_contigs_IDs_trimmed.fasta
    wildcards: sample=F1
    threads: 10
    resources: tmpdir=/tmp

[Fri Nov 29 10:48:14 2024]
Finished job 32.
3 of 74 steps (4%) done
Select jobs to execute...

[Fri Nov 29 10:48:14 2024]
rule fastqc:
    input: /mnt/seaes01-data01/nixon-microbiome/shared/bioinformatic_toolkit/output_repository/N3_forward_paired.fq, /mnt/seaes01-data01/nixon-microbiome/shared/bioinformatic_toolkit/output_repository/N3_reverse_paired.fq
    output: /mnt/seaes01-data01/nixon-microbiome/shared/bioinformatic_toolkit/output_repository/N3_fastqc
    jobid: 16
    reason: Forced execution
    wildcards: sample=N3
    threads: 10
    resources: tmpdir=/tmp

Activating singularity image /mnt/seaes01-data01/nixon-microbiome/containers/fastqc/fastqc-0.11.9.sif
[Fri Nov 29 10:53:46 2024]
Finished job 16.
4 of 74 steps (5%) done
Select jobs to execute...

[Fri Nov 29 10:53:46 2024]
rule metaquast:
    input: /mnt/seaes01-data01/nixon-microbiome/shared/bioinformatic_toolkit/output_repository/F1_contigs_filtered_500.fa
    output: /mnt/seaes01-data01/nixon-microbiome/shared/bioinformatic_toolkit/output_repository/F1_quast_report
    log: /mnt/seaes01-data01/nixon-microbiome/shared/bioinformatic_toolkit/output_repository/F1_quast.log
    jobid: 61
    reason: Missing output files: /mnt/seaes01-data01/nixon-microbiome/shared/bioinformatic_toolkit/output_repository/F1_quast_report; Input files updated by another job: /mnt/seaes01-data01/nixon-microbiome/shared/bioinformatic_toolkit/output_repository/F1_contigs_filtered_500.fa
    wildcards: sample=F1
    threads: 10
    resources: tmpdir=/tmp

Activating singularity image /mnt/seaes01-data01/nixon-microbiome/containers/quast/quast-5.2.0.sif
[Fri Nov 29 11:02:22 2024]
Error in rule metaquast:
    jobid: 61
    input: /mnt/seaes01-data01/nixon-microbiome/shared/bioinformatic_toolkit/output_repository/F1_contigs_filtered_500.fa
    output: /mnt/seaes01-data01/nixon-microbiome/shared/bioinformatic_toolkit/output_repository/F1_quast_report
    log: /mnt/seaes01-data01/nixon-microbiome/shared/bioinformatic_toolkit/output_repository/F1_quast.log (check log file(s) for error message)
    shell:
        
        metaquast.py --threads 10 -o /mnt/seaes01-data01/nixon-microbiome/shared/bioinformatic_toolkit/output_repository/F1_quast_report /mnt/seaes01-data01/nixon-microbiome/shared/bioinformatic_toolkit/output_repository/F1_contigs_filtered_500.fa
        
        (one of the commands exited with non-zero exit code; note that snakemake uses bash strict mode!)

Removing output files of failed job metaquast since they might be corrupted:
/mnt/seaes01-data01/nixon-microbiome/shared/bioinformatic_toolkit/output_repository/F1_quast_report
Shutting down, this might take some time.
Exiting because a job execution failed. Look above for error message
Complete log: .snakemake/log/2024-11-27T215048.166429.snakemake.log
