Config file config.yaml is extended by additional config specified via the command line.
Config file config.yaml is extended by additional config specified via the command line.
Config file config.yaml is extended by additional config specified via the command line.
Config file config.yaml is extended by additional config specified via the command line.
Config file config.yaml is extended by additional config specified via the command line.
Config file config.yaml is extended by additional config specified via the command line.
Config file config.yaml is extended by additional config specified via the command line.
Config file config.yaml is extended by additional config specified via the command line.
Building DAG of jobs...
MissingInputException in rule all  in line 27 of /mnt/seaes01-data01/nixon-microbiome/shared/bioinformatic_toolkit/Snakefile:
Missing input files for rule all:
    affected files:
        /mnt/seaes01-data01/nixon-microbiome/shared/bioinformatic_toolkit/output_repository/N2_diversity/N2_alignment.npo
        /mnt/seaes01-data01/nixon-microbiome/shared/bioinformatic_toolkit/output_repository/F2_diversity/F2_alignment.npo
        /mnt/seaes01-data01/nixon-microbiome/shared/bioinformatic_toolkit/output_repository/O2_diversity/O2_alignment.npo
        /mnt/seaes01-data01/nixon-microbiome/shared/bioinformatic_toolkit/output_repository/N3_diversity/N3_alignment.npo
        /mnt/seaes01-data01/nixon-microbiome/shared/bioinformatic_toolkit/output_repository/O4_diversity/O4_alignment.npo
        /mnt/seaes01-data01/nixon-microbiome/shared/bioinformatic_toolkit/output_repository/O1_diversity/O1_alignment.npo
        /mnt/seaes01-data01/nixon-microbiome/shared/bioinformatic_toolkit/output_repository/O3_diversity/O3_alignment.npo
        /mnt/seaes01-data01/nixon-microbiome/shared/bioinformatic_toolkit/output_repository/F3_diversity/F3_alignment.npo
        /mnt/seaes01-data01/nixon-microbiome/shared/bioinformatic_toolkit/output_repository/F1_diversity/F1_alignment.npo
        /mnt/seaes01-data01/nixon-microbiome/shared/bioinformatic_toolkit/output_repository/N1_diversity/N1_alignment.npo
