Config file config.yaml is extended by additional config specified via the command line.
Config file config.yaml is extended by additional config specified via the command line.
Config file config.yaml is extended by additional config specified via the command line.
Building DAG of jobs...
Using shell: /usr/bin/bash
Provided cores: 20
Rules claiming more threads will be scaled down.
Job stats:
job                  count    min threads    max threads
-----------------  -------  -------------  -------------
all                      1              1              1
fastqc                   9             20             20
kaiju_refseq             8             20             20
kaiju_table_Class        9             20             20
kaiju_table_Genus        9             20             20
metaquast               10             20             20
prokka                  10             20             20
spades                  10             20             20
trimmomatic              5             20             20
total                   71              1             20

Select jobs to execute...

[Thu Nov 21 13:33:57 2024]
rule spades:
    input: /mnt/seaes01-data01/nixon-microbiome/shared/bioinformatic_toolkit/output_repository/N3_forward_paired.fq, /mnt/seaes01-data01/nixon-microbiome/shared/bioinformatic_toolkit/output_repository/N3_reverse_paired.fq
    output: /mnt/seaes01-data01/nixon-microbiome/shared/bioinformatic_toolkit/output_repository/N3_assembly, /mnt/seaes01-data01/nixon-microbiome/shared/bioinformatic_toolkit/output_repository/N3_assembly/contigs.fasta
    jobid: 26
    reason: Missing output files: /mnt/seaes01-data01/nixon-microbiome/shared/bioinformatic_toolkit/output_repository/N3_assembly/contigs.fasta
    wildcards: sample=N3
    threads: 20
    resources: tmpdir=/tmp

Activating singularity image /mnt/seaes01-data01/nixon-microbiome/containers/spades/spades-3.15.5.sif
[Fri Nov 22 04:02:10 2024]
Finished job 26.
1 of 71 steps (1%) done
Select jobs to execute...

[Fri Nov 22 04:02:11 2024]
rule spades:
    input: /mnt/seaes01-data01/nixon-microbiome/shared/bioinformatic_toolkit/output_repository/O1_forward_paired.fq, /mnt/seaes01-data01/nixon-microbiome/shared/bioinformatic_toolkit/output_repository/O1_reverse_paired.fq
    output: /mnt/seaes01-data01/nixon-microbiome/shared/bioinformatic_toolkit/output_repository/O1_assembly, /mnt/seaes01-data01/nixon-microbiome/shared/bioinformatic_toolkit/output_repository/O1_assembly/contigs.fasta
    jobid: 27
    reason: Missing output files: /mnt/seaes01-data01/nixon-microbiome/shared/bioinformatic_toolkit/output_repository/O1_assembly/contigs.fasta
    wildcards: sample=O1
    threads: 20
    resources: tmpdir=/tmp

Activating singularity image /mnt/seaes01-data01/nixon-microbiome/containers/spades/spades-3.15.5.sif
[Fri Nov 22 16:21:15 2024]
Finished job 27.
2 of 71 steps (3%) done
Select jobs to execute...

[Fri Nov 22 16:21:15 2024]
rule fastqc:
    input: /mnt/seaes01-data01/nixon-microbiome/shared/bioinformatic_toolkit/output_repository/O4_forward_paired.fq, /mnt/seaes01-data01/nixon-microbiome/shared/bioinformatic_toolkit/output_repository/O4_reverse_paired.fq
    output: /mnt/seaes01-data01/nixon-microbiome/shared/bioinformatic_toolkit/output_repository/O4_fastqc
    jobid: 20
    reason: Missing output files: /mnt/seaes01-data01/nixon-microbiome/shared/bioinformatic_toolkit/output_repository/O4_fastqc
    wildcards: sample=O4
    threads: 20
    resources: tmpdir=/tmp

Activating singularity image /mnt/seaes01-data01/nixon-microbiome/containers/fastqc/fastqc-0.11.9.sif
[Fri Nov 22 16:27:18 2024]
Finished job 20.
3 of 71 steps (4%) done
Select jobs to execute...

[Fri Nov 22 16:27:18 2024]
rule fastqc:
    input: /mnt/seaes01-data01/nixon-microbiome/shared/bioinformatic_toolkit/output_repository/N2_forward_paired.fq, /mnt/seaes01-data01/nixon-microbiome/shared/bioinformatic_toolkit/output_repository/N2_reverse_paired.fq
    output: /mnt/seaes01-data01/nixon-microbiome/shared/bioinformatic_toolkit/output_repository/N2_fastqc
    jobid: 15
    reason: Missing output files: /mnt/seaes01-data01/nixon-microbiome/shared/bioinformatic_toolkit/output_repository/N2_fastqc
    wildcards: sample=N2
    threads: 20
    resources: tmpdir=/tmp

Activating singularity image /mnt/seaes01-data01/nixon-microbiome/containers/fastqc/fastqc-0.11.9.sif
[Fri Nov 22 16:34:23 2024]
Finished job 15.
4 of 71 steps (6%) done
Select jobs to execute...

[Fri Nov 22 16:34:23 2024]
rule kaiju_refseq:
    input: /mnt/seaes01-data01/nixon-microbiome/shared/bioinformatic_toolkit/output_repository/O4_forward_paired.fq, /mnt/seaes01-data01/nixon-microbiome/shared/bioinformatic_toolkit/output_repository/O4_reverse_paired.fq
    output: /mnt/seaes01-data01/nixon-microbiome/shared/bioinformatic_toolkit/output_repository/O4_kaiju_refseq
    jobid: 70
    reason: Missing output files: /mnt/seaes01-data01/nixon-microbiome/shared/bioinformatic_toolkit/output_repository/O4_kaiju_refseq
    wildcards: sample=O4
    threads: 20
    resources: tmpdir=/tmp

Activating singularity image /mnt/seaes01-data01/nixon-microbiome/containers/kaiju/kaiju-1.9.0.sif
[Fri Nov 22 17:21:56 2024]
Finished job 70.
5 of 71 steps (7%) done
Select jobs to execute...

[Fri Nov 22 17:21:56 2024]
rule trimmomatic:
    input: /mnt/seaes01-data01/nixon-microbiome/shared/bioinformatic_toolkit/symlink_staging/O3_1.fastq.gz, /mnt/seaes01-data01/nixon-microbiome/shared/bioinformatic_toolkit/symlink_staging/O3_2.fastq.gz
    output: /mnt/seaes01-data01/nixon-microbiome/shared/bioinformatic_toolkit/output_repository/O3_forward_paired.fq, /mnt/seaes01-data01/nixon-microbiome/shared/bioinformatic_toolkit/output_repository/O3_forward_unpaired.fq, /mnt/seaes01-data01/nixon-microbiome/shared/bioinformatic_toolkit/output_repository/O3_reverse_paired.fq, /mnt/seaes01-data01/nixon-microbiome/shared/bioinformatic_toolkit/output_repository/O3_reverse_unpaired.fq
    log: /mnt/seaes01-data01/nixon-microbiome/shared/bioinformatic_toolkit/output_repository/O3_trimmomatic.log
    jobid: 9
    reason: Missing output files: /mnt/seaes01-data01/nixon-microbiome/shared/bioinformatic_toolkit/output_repository/O3_forward_paired.fq, /mnt/seaes01-data01/nixon-microbiome/shared/bioinformatic_toolkit/output_repository/O3_reverse_paired.fq
    wildcards: sample=O3
    threads: 20
    resources: tmpdir=/tmp

Activating singularity image /mnt/seaes01-data01/nixon-microbiome/containers/trimmomatic/trimmomatic-0.39.sif
[Fri Nov 22 17:24:12 2024]
Finished job 9.
6 of 71 steps (8%) done
Select jobs to execute...

[Fri Nov 22 17:24:12 2024]
rule kaiju_refseq:
    input: /mnt/seaes01-data01/nixon-microbiome/shared/bioinformatic_toolkit/output_repository/O3_forward_paired.fq, /mnt/seaes01-data01/nixon-microbiome/shared/bioinformatic_toolkit/output_repository/O3_reverse_paired.fq
    output: /mnt/seaes01-data01/nixon-microbiome/shared/bioinformatic_toolkit/output_repository/O3_kaiju_refseq
    jobid: 68
    reason: Missing output files: /mnt/seaes01-data01/nixon-microbiome/shared/bioinformatic_toolkit/output_repository/O3_kaiju_refseq; Input files updated by another job: /mnt/seaes01-data01/nixon-microbiome/shared/bioinformatic_toolkit/output_repository/O3_forward_paired.fq, /mnt/seaes01-data01/nixon-microbiome/shared/bioinformatic_toolkit/output_repository/O3_reverse_paired.fq
    wildcards: sample=O3
    threads: 20
    resources: tmpdir=/tmp

Activating singularity image /mnt/seaes01-data01/nixon-microbiome/containers/kaiju/kaiju-1.9.0.sif
[Fri Nov 22 18:10:35 2024]
Finished job 68.
7 of 71 steps (10%) done
Select jobs to execute...

[Fri Nov 22 18:10:35 2024]
rule fastqc:
    input: /mnt/seaes01-data01/nixon-microbiome/shared/bioinformatic_toolkit/output_repository/O3_forward_paired.fq, /mnt/seaes01-data01/nixon-microbiome/shared/bioinformatic_toolkit/output_repository/O3_reverse_paired.fq
    output: /mnt/seaes01-data01/nixon-microbiome/shared/bioinformatic_toolkit/output_repository/O3_fastqc
    jobid: 19
    reason: Missing output files: /mnt/seaes01-data01/nixon-microbiome/shared/bioinformatic_toolkit/output_repository/O3_fastqc; Input files updated by another job: /mnt/seaes01-data01/nixon-microbiome/shared/bioinformatic_toolkit/output_repository/O3_forward_paired.fq, /mnt/seaes01-data01/nixon-microbiome/shared/bioinformatic_toolkit/output_repository/O3_reverse_paired.fq
    wildcards: sample=O3
    threads: 20
    resources: tmpdir=/tmp

Activating singularity image /mnt/seaes01-data01/nixon-microbiome/containers/fastqc/fastqc-0.11.9.sif
[Fri Nov 22 18:15:50 2024]
Finished job 19.
8 of 71 steps (11%) done
Select jobs to execute...

[Fri Nov 22 18:15:50 2024]
rule trimmomatic:
    input: /mnt/seaes01-data01/nixon-microbiome/shared/bioinformatic_toolkit/symlink_staging/F1_1.fastq.gz, /mnt/seaes01-data01/nixon-microbiome/shared/bioinformatic_toolkit/symlink_staging/F1_2.fastq.gz
    output: /mnt/seaes01-data01/nixon-microbiome/shared/bioinformatic_toolkit/output_repository/F1_forward_paired.fq, /mnt/seaes01-data01/nixon-microbiome/shared/bioinformatic_toolkit/output_repository/F1_forward_unpaired.fq, /mnt/seaes01-data01/nixon-microbiome/shared/bioinformatic_toolkit/output_repository/F1_reverse_paired.fq, /mnt/seaes01-data01/nixon-microbiome/shared/bioinformatic_toolkit/output_repository/F1_reverse_unpaired.fq
    log: /mnt/seaes01-data01/nixon-microbiome/shared/bioinformatic_toolkit/output_repository/F1_trimmomatic.log
    jobid: 1
    reason: Missing output files: /mnt/seaes01-data01/nixon-microbiome/shared/bioinformatic_toolkit/output_repository/F1_reverse_paired.fq, /mnt/seaes01-data01/nixon-microbiome/shared/bioinformatic_toolkit/output_repository/F1_forward_paired.fq
    wildcards: sample=F1
    threads: 20
    resources: tmpdir=/tmp

Activating singularity image /mnt/seaes01-data01/nixon-microbiome/containers/trimmomatic/trimmomatic-0.39.sif
[Fri Nov 22 18:18:16 2024]
Finished job 1.
9 of 71 steps (13%) done
Select jobs to execute...

[Fri Nov 22 18:18:16 2024]
rule fastqc:
    input: /mnt/seaes01-data01/nixon-microbiome/shared/bioinformatic_toolkit/output_repository/F1_forward_paired.fq, /mnt/seaes01-data01/nixon-microbiome/shared/bioinformatic_toolkit/output_repository/F1_reverse_paired.fq
    output: /mnt/seaes01-data01/nixon-microbiome/shared/bioinformatic_toolkit/output_repository/F1_fastqc
    jobid: 11
    reason: Missing output files: /mnt/seaes01-data01/nixon-microbiome/shared/bioinformatic_toolkit/output_repository/F1_fastqc; Input files updated by another job: /mnt/seaes01-data01/nixon-microbiome/shared/bioinformatic_toolkit/output_repository/F1_reverse_paired.fq, /mnt/seaes01-data01/nixon-microbiome/shared/bioinformatic_toolkit/output_repository/F1_forward_paired.fq
    wildcards: sample=F1
    threads: 20
    resources: tmpdir=/tmp

Activating singularity image /mnt/seaes01-data01/nixon-microbiome/containers/fastqc/fastqc-0.11.9.sif
[Fri Nov 22 18:24:21 2024]
Finished job 11.
10 of 71 steps (14%) done
Select jobs to execute...

[Fri Nov 22 18:24:21 2024]
rule prokka:
    input: /mnt/seaes01-data01/nixon-microbiome/shared/bioinformatic_toolkit/output_repository/N3_assembly/contigs.fasta
    output: /mnt/seaes01-data01/nixon-microbiome/shared/bioinformatic_toolkit/output_repository/N3_prokka, /mnt/seaes01-data01/nixon-microbiome/shared/bioinformatic_toolkit/output_repository/N3_prokka/N3_annotated.gff, /mnt/seaes01-data01/nixon-microbiome/shared/bioinformatic_toolkit/output_repository/N3_prokka/N3_annotated.tsv, /mnt/seaes01-data01/nixon-microbiome/shared/bioinformatic_toolkit/output_repository/N3_prokka/N3_annotated.faa
    jobid: 36
    reason: Missing output files: /mnt/seaes01-data01/nixon-microbiome/shared/bioinformatic_toolkit/output_repository/N3_prokka/N3_annotated.gff, /mnt/seaes01-data01/nixon-microbiome/shared/bioinformatic_toolkit/output_repository/N3_prokka/N3_annotated.faa, /mnt/seaes01-data01/nixon-microbiome/shared/bioinformatic_toolkit/output_repository/N3_prokka/N3_annotated.tsv; Input files updated by another job: /mnt/seaes01-data01/nixon-microbiome/shared/bioinformatic_toolkit/output_repository/N3_assembly/contigs.fasta
    wildcards: sample=N3
    threads: 20
    resources: tmpdir=/tmp

Activating singularity image /mnt/seaes01-data01/nixon-microbiome/containers/prokka/prokka-1.14.6.sif
Terminating processes on user request, this might take some time.
Cancelling snakemake on user request.
