Config file config.yaml is extended by additional config specified via the command line.
Config file config.yaml is extended by additional config specified via the command line.
Config file config.yaml is extended by additional config specified via the command line.
The flag 'directory' used in rule gtdbtk is only valid for outputs, not inputs.
Config file config.yaml is extended by additional config specified via the command line.
Config file config.yaml is extended by additional config specified via the command line.
Building DAG of jobs...
Using shell: /usr/bin/bash
Provided cores: 20
Rules claiming more threads will be scaled down.
Job stats:
job          count    min threads    max threads
---------  -------  -------------  -------------
all              1              1              1
antismash        2             20             20
total            3              1             20

Select jobs to execute...

[Mon Nov 18 14:29:39 2024]
rule antismash:
    input: /mnt/seaes01-data01/nixon-microbiome/shared/bioinformatic_toolkit/output_repository/SRR6429754_assembly/contigs.fasta
    output: /mnt/seaes01-data01/nixon-microbiome/shared/bioinformatic_toolkit/output_repository/SRR6429754_antismash, /mnt/seaes01-data01/nixon-microbiome/shared/bioinformatic_toolkit/output_repository/SRR6429754_antismash/knownclusterblastoutput.txt
    jobid: 30
    reason: Missing output files: /mnt/seaes01-data01/nixon-microbiome/shared/bioinformatic_toolkit/output_repository/SRR6429754_antismash/knownclusterblastoutput.txt
    wildcards: sample=SRR6429754
    threads: 20
    resources: tmpdir=/tmp

Activating singularity image /mnt/seaes01-data01/nixon-microbiome/containers/antismash/antismash-6.1.1.sif
Terminating processes on user request, this might take some time.
[Mon Nov 18 14:30:30 2024]
Error in rule antismash:
    jobid: 30
    input: /mnt/seaes01-data01/nixon-microbiome/shared/bioinformatic_toolkit/output_repository/SRR6429754_assembly/contigs.fasta
    output: /mnt/seaes01-data01/nixon-microbiome/shared/bioinformatic_toolkit/output_repository/SRR6429754_antismash, /mnt/seaes01-data01/nixon-microbiome/shared/bioinformatic_toolkit/output_repository/SRR6429754_antismash/knownclusterblastoutput.txt
    shell:
        
        antismash --cpus 20                   --genefinding-tool prodigal                   --allow-long-headers                   --cb-knownclusters                   --output-dir /mnt/seaes01-data01/nixon-microbiome/shared/bioinformatic_toolkit/output_repository/SRR6429754_antismash                   /mnt/seaes01-data01/nixon-microbiome/shared/bioinformatic_toolkit/output_repository/SRR6429754_assembly/contigs.fasta
        
        (one of the commands exited with non-zero exit code; note that snakemake uses bash strict mode!)

Complete log: .snakemake/log/2024-11-18T142938.943281.snakemake.log
