Config file config.yaml is extended by additional config specified via the command line.
Config file config.yaml is extended by additional config specified via the command line.
Config file config.yaml is extended by additional config specified via the command line.
Config file config.yaml is extended by additional config specified via the command line.
Config file config.yaml is extended by additional config specified via the command line.
Config file config.yaml is extended by additional config specified via the command line.
Building DAG of jobs...
Using shell: /usr/bin/bash
Provided cores: 20
Rules claiming more threads will be scaled down.
Job stats:
job                     count    min threads    max threads
--------------------  -------  -------------  -------------
all                         1              1              1
bowtie_build                1             20             20
bowtie_map                  1             20             20
filter_seq                  1             20             20
gene_length                 2             20             20
get_gtf                     1             20             20
htseq                       2             20             20
kofam                       1             20             20
kofam_summary_table         2             20             20
merge_tpm_annotation        2             20             20
picard                      2             20             20
samtools                    1             20             20
tpm_prokka                  1             20             20
tpm_table                   2             20             20
total                      20              1             20

Select jobs to execute...

[Wed Nov 20 08:43:51 2024]
rule picard:
    input: /mnt/seaes01-data01/nixon-microbiome/shared/bioinformatic_toolkit/output_repository/SRR6429754_tpm/SRR6429754_filtered.map.sorted.bam
    output: /mnt/seaes01-data01/nixon-microbiome/shared/bioinformatic_toolkit/output_repository/SRR6429754_tpm/SRR6429754_filtered.map.markdup.bam, /mnt/seaes01-data01/nixon-microbiome/shared/bioinformatic_toolkit/output_repository/SRR6429754_tpm/SRR6429754_filtered.map.markdup.metrics
    jobid: 52
    reason: Missing output files: /mnt/seaes01-data01/nixon-microbiome/shared/bioinformatic_toolkit/output_repository/SRR6429754_tpm/SRR6429754_filtered.map.markdup.bam
    wildcards: sample=SRR6429754
    threads: 20
    resources: tmpdir=/tmp

Activating singularity image /mnt/seaes01-data01/nixon-microbiome/containers/picard/picard-2.27.5.sif
[Wed Nov 20 08:44:32 2024]
Finished job 52.
1 of 20 steps (5%) done
Select jobs to execute...

[Wed Nov 20 08:44:32 2024]
rule htseq:
    input: /mnt/seaes01-data01/nixon-microbiome/shared/bioinformatic_toolkit/output_repository/SRR6429754_tpm/SRR6429754_filtered.map.markdup.bam, /mnt/seaes01-data01/nixon-microbiome/shared/bioinformatic_toolkit/output_repository/SRR6429754_tpm/SRR6429754_tpm_prokka/SRR6429754_filtered_prokka.gtf
    output: /mnt/seaes01-data01/nixon-microbiome/shared/bioinformatic_toolkit/output_repository/SRR6429754_tpm/SRR6429754.counts
    jobid: 51
    reason: Missing output files: /mnt/seaes01-data01/nixon-microbiome/shared/bioinformatic_toolkit/output_repository/SRR6429754_tpm/SRR6429754.counts; Input files updated by another job: /mnt/seaes01-data01/nixon-microbiome/shared/bioinformatic_toolkit/output_repository/SRR6429754_tpm/SRR6429754_filtered.map.markdup.bam
    wildcards: sample=SRR6429754
    threads: 20
    resources: tmpdir=/tmp

Activating singularity image /mnt/seaes01-data01/nixon-microbiome/containers/htseq/htseq-2.0.2.sif
[Wed Nov 20 08:45:40 2024]
Finished job 51.
2 of 20 steps (10%) done
Select jobs to execute...

[Wed Nov 20 08:45:40 2024]
rule filter_seq:
    input: /mnt/seaes01-data01/nixon-microbiome/shared/bioinformatic_toolkit/output_repository/SRR2239652_tpm/SRR2239652_contigs_IDs_cut.fasta
    output: /mnt/seaes01-data01/nixon-microbiome/shared/bioinformatic_toolkit/output_repository/SRR2239652_tpm/SRR2239652_scaffold_filtered.fa
    jobid: 35
    reason: Missing output files: /mnt/seaes01-data01/nixon-microbiome/shared/bioinformatic_toolkit/output_repository/SRR2239652_tpm/SRR2239652_scaffold_filtered.fa
    wildcards: sample=SRR2239652
    threads: 20
    resources: tmpdir=/tmp

[Wed Nov 20 08:45:41 2024]
Finished job 35.
3 of 20 steps (15%) done
Select jobs to execute...

[Wed Nov 20 08:45:41 2024]
rule bowtie_build:
    input: /mnt/seaes01-data01/nixon-microbiome/shared/bioinformatic_toolkit/output_repository/SRR2239652_tpm/SRR2239652_scaffold_filtered.fa
    output: /mnt/seaes01-data01/nixon-microbiome/shared/bioinformatic_toolkit/output_repository/SRR2239652_tpm/SRR2239652_index.done
    jobid: 41
    reason: Missing output files: /mnt/seaes01-data01/nixon-microbiome/shared/bioinformatic_toolkit/output_repository/SRR2239652_tpm/SRR2239652_index.done; Input files updated by another job: /mnt/seaes01-data01/nixon-microbiome/shared/bioinformatic_toolkit/output_repository/SRR2239652_tpm/SRR2239652_scaffold_filtered.fa
    wildcards: sample=SRR2239652
    threads: 20
    resources: tmpdir=/tmp

Activating singularity image /mnt/seaes01-data01/nixon-microbiome/containers/bowtie2/bowtie-2.4.5.sif
[Wed Nov 20 08:46:07 2024]
Finished job 41.
4 of 20 steps (20%) done
Select jobs to execute...

[Wed Nov 20 08:46:07 2024]
rule bowtie_map:
    input: /mnt/seaes01-data01/nixon-microbiome/shared/bioinformatic_toolkit/output_repository/SRR2239652_tpm/SRR2239652_index.done, /mnt/seaes01-data01/nixon-microbiome/shared/bioinformatic_toolkit/output_repository/SRR2239652_tpm/SRR2239652_scaffold_filtered.fa, /mnt/seaes01-data01/nixon-microbiome/shared/bioinformatic_toolkit/output_repository/SRR2239652_forward_paired.fq, /mnt/seaes01-data01/nixon-microbiome/shared/bioinformatic_toolkit/output_repository/SRR2239652_reverse_paired.fq
    output: /mnt/seaes01-data01/nixon-microbiome/shared/bioinformatic_toolkit/output_repository/SRR2239652_tpm/SRR2239652_filtered.map.sam
    log: /mnt/seaes01-data01/nixon-microbiome/shared/bioinformatic_toolkit/output_repository/SRR2239652_tpm/logs/bowtie/SRR2239652.log
    jobid: 40
    reason: Missing output files: /mnt/seaes01-data01/nixon-microbiome/shared/bioinformatic_toolkit/output_repository/SRR2239652_tpm/SRR2239652_filtered.map.sam; Input files updated by another job: /mnt/seaes01-data01/nixon-microbiome/shared/bioinformatic_toolkit/output_repository/SRR2239652_tpm/SRR2239652_index.done, /mnt/seaes01-data01/nixon-microbiome/shared/bioinformatic_toolkit/output_repository/SRR2239652_tpm/SRR2239652_scaffold_filtered.fa
    wildcards: sample=SRR2239652
    threads: 20
    resources: tmpdir=/tmp

Activating singularity image /mnt/seaes01-data01/nixon-microbiome/containers/bowtie2/bowtie-2.4.5.sif
[Wed Nov 20 08:47:19 2024]
Finished job 40.
5 of 20 steps (25%) done
Select jobs to execute...

[Wed Nov 20 08:47:19 2024]
rule samtools:
    input: /mnt/seaes01-data01/nixon-microbiome/shared/bioinformatic_toolkit/output_repository/SRR2239652_tpm/SRR2239652_filtered.map.sam
    output: /mnt/seaes01-data01/nixon-microbiome/shared/bioinformatic_toolkit/output_repository/SRR2239652_tpm/SRR2239652_filtered.map.sorted.bam
    jobid: 39
    reason: Missing output files: /mnt/seaes01-data01/nixon-microbiome/shared/bioinformatic_toolkit/output_repository/SRR2239652_tpm/SRR2239652_filtered.map.sorted.bam; Input files updated by another job: /mnt/seaes01-data01/nixon-microbiome/shared/bioinformatic_toolkit/output_repository/SRR2239652_tpm/SRR2239652_filtered.map.sam
    wildcards: sample=SRR2239652
    threads: 20
    resources: tmpdir=/tmp

Activating singularity image /mnt/seaes01-data01/nixon-microbiome/containers/samtools/samtools-1.16.1.sif
[Wed Nov 20 08:49:19 2024]
Finished job 39.
6 of 20 steps (30%) done
Removing temporary output /mnt/seaes01-data01/nixon-microbiome/shared/bioinformatic_toolkit/output_repository/SRR2239652_tpm/SRR2239652_filtered.map.sam.
Select jobs to execute...

[Wed Nov 20 08:49:20 2024]
rule picard:
    input: /mnt/seaes01-data01/nixon-microbiome/shared/bioinformatic_toolkit/output_repository/SRR2239652_tpm/SRR2239652_filtered.map.sorted.bam
    output: /mnt/seaes01-data01/nixon-microbiome/shared/bioinformatic_toolkit/output_repository/SRR2239652_tpm/SRR2239652_filtered.map.markdup.bam, /mnt/seaes01-data01/nixon-microbiome/shared/bioinformatic_toolkit/output_repository/SRR2239652_tpm/SRR2239652_filtered.map.markdup.metrics
    jobid: 38
    reason: Missing output files: /mnt/seaes01-data01/nixon-microbiome/shared/bioinformatic_toolkit/output_repository/SRR2239652_tpm/SRR2239652_filtered.map.markdup.bam; Input files updated by another job: /mnt/seaes01-data01/nixon-microbiome/shared/bioinformatic_toolkit/output_repository/SRR2239652_tpm/SRR2239652_filtered.map.sorted.bam
    wildcards: sample=SRR2239652
    threads: 20
    resources: tmpdir=/tmp

Activating singularity image /mnt/seaes01-data01/nixon-microbiome/containers/picard/picard-2.27.5.sif
[Wed Nov 20 08:52:19 2024]
Finished job 38.
7 of 20 steps (35%) done
Select jobs to execute...

[Wed Nov 20 08:52:19 2024]
rule gene_length:
    input: /mnt/seaes01-data01/nixon-microbiome/shared/bioinformatic_toolkit/output_repository/SRR6429754_tpm/SRR6429754_tpm_prokka/SRR6429754_filtered_prokka.gtf
    output: /mnt/seaes01-data01/nixon-microbiome/shared/bioinformatic_toolkit/output_repository/SRR6429754_tpm/SRR6429754.genelength
    jobid: 46
    reason: Missing output files: /mnt/seaes01-data01/nixon-microbiome/shared/bioinformatic_toolkit/output_repository/SRR6429754_tpm/SRR6429754.genelength
    wildcards: sample=SRR6429754
    threads: 20
    resources: tmpdir=/tmp

[Wed Nov 20 08:52:19 2024]
Finished job 46.
8 of 20 steps (40%) done
Select jobs to execute...

[Wed Nov 20 08:52:19 2024]
rule tpm_table:
    input: /mnt/seaes01-data01/nixon-microbiome/shared/bioinformatic_toolkit/output_repository/SRR6429754_tpm/SRR6429754.readlength, /mnt/seaes01-data01/nixon-microbiome/shared/bioinformatic_toolkit/output_repository/SRR6429754_tpm/SRR6429754.genelength, /mnt/seaes01-data01/nixon-microbiome/shared/bioinformatic_toolkit/output_repository/SRR6429754_tpm/SRR6429754.counts
    output: /mnt/seaes01-data01/nixon-microbiome/shared/bioinformatic_toolkit/output_repository/SRR6429754_tpm/SRR6429754.tpm
    jobid: 44
    reason: Missing output files: /mnt/seaes01-data01/nixon-microbiome/shared/bioinformatic_toolkit/output_repository/SRR6429754_tpm/SRR6429754.tpm; Input files updated by another job: /mnt/seaes01-data01/nixon-microbiome/shared/bioinformatic_toolkit/output_repository/SRR6429754_tpm/SRR6429754.counts, /mnt/seaes01-data01/nixon-microbiome/shared/bioinformatic_toolkit/output_repository/SRR6429754_tpm/SRR6429754.genelength
    wildcards: sample=SRR6429754
    threads: 20
    resources: tmpdir=/tmp

[Wed Nov 20 08:52:20 2024]
Finished job 44.
9 of 20 steps (45%) done
Select jobs to execute...

[Wed Nov 20 08:52:20 2024]
rule tpm_prokka:
    input: /mnt/seaes01-data01/nixon-microbiome/shared/bioinformatic_toolkit/output_repository/SRR2239652_tpm/SRR2239652_scaffold_filtered.fa
    output: /mnt/seaes01-data01/nixon-microbiome/shared/bioinformatic_toolkit/output_repository/SRR2239652_tpm/SRR2239652_tpm_prokka, /mnt/seaes01-data01/nixon-microbiome/shared/bioinformatic_toolkit/output_repository/SRR2239652_tpm/SRR2239652_tpm_prokka/SRR2239652_filtered_prokka.gff, /mnt/seaes01-data01/nixon-microbiome/shared/bioinformatic_toolkit/output_repository/SRR2239652_tpm/SRR2239652_tpm_prokka/SRR2239652_filtered_prokka.tsv, /mnt/seaes01-data01/nixon-microbiome/shared/bioinformatic_toolkit/output_repository/SRR2239652_tpm/SRR2239652_tpm_prokka/SRR2239652_filtered_prokka.faa
    jobid: 34
    reason: Missing output files: /mnt/seaes01-data01/nixon-microbiome/shared/bioinformatic_toolkit/output_repository/SRR2239652_tpm/SRR2239652_tpm_prokka/SRR2239652_filtered_prokka.tsv, /mnt/seaes01-data01/nixon-microbiome/shared/bioinformatic_toolkit/output_repository/SRR2239652_tpm/SRR2239652_tpm_prokka/SRR2239652_filtered_prokka.gff, /mnt/seaes01-data01/nixon-microbiome/shared/bioinformatic_toolkit/output_repository/SRR2239652_tpm/SRR2239652_tpm_prokka/SRR2239652_filtered_prokka.faa; Input files updated by another job: /mnt/seaes01-data01/nixon-microbiome/shared/bioinformatic_toolkit/output_repository/SRR2239652_tpm/SRR2239652_scaffold_filtered.fa
    wildcards: sample=SRR2239652
    threads: 20
    resources: tmpdir=/tmp

Activating singularity image /mnt/seaes01-data01/nixon-microbiome/containers/prokka/prokka-1.14.6.sif
[Wed Nov 20 09:03:34 2024]
Finished job 34.
10 of 20 steps (50%) done
Select jobs to execute...

[Wed Nov 20 09:03:34 2024]
rule kofam:
    input: /mnt/seaes01-data01/nixon-microbiome/shared/bioinformatic_toolkit/output_repository/SRR2239652_tpm/SRR2239652_tpm_prokka/SRR2239652_filtered_prokka.faa
    output: /mnt/seaes01-data01/nixon-microbiome/shared/bioinformatic_toolkit/output_repository/SRR2239652_tpm/SRR2239652_kofam_oneline.txt
    jobid: 42
    reason: Missing output files: /mnt/seaes01-data01/nixon-microbiome/shared/bioinformatic_toolkit/output_repository/SRR2239652_tpm/SRR2239652_kofam_oneline.txt; Input files updated by another job: /mnt/seaes01-data01/nixon-microbiome/shared/bioinformatic_toolkit/output_repository/SRR2239652_tpm/SRR2239652_tpm_prokka/SRR2239652_filtered_prokka.faa
    wildcards: sample=SRR2239652
    threads: 20
    resources: tmpdir=/tmp

Activating singularity image /mnt/seaes01-data01/nixon-microbiome/containers/kofamscan/kofamscan-1.3.0.sif
[Wed Nov 20 09:17:53 2024]
Finished job 42.
11 of 20 steps (55%) done
Select jobs to execute...

[Wed Nov 20 09:17:53 2024]
rule get_gtf:
    input: /mnt/seaes01-data01/nixon-microbiome/shared/bioinformatic_toolkit/output_repository/SRR2239652_tpm/SRR2239652_tpm_prokka/SRR2239652_filtered_prokka.gff
    output: /mnt/seaes01-data01/nixon-microbiome/shared/bioinformatic_toolkit/output_repository/SRR2239652_tpm/SRR2239652_tpm_prokka/SRR2239652_filtered_prokka.gtf
    jobid: 33
    reason: Missing output files: /mnt/seaes01-data01/nixon-microbiome/shared/bioinformatic_toolkit/output_repository/SRR2239652_tpm/SRR2239652_tpm_prokka/SRR2239652_filtered_prokka.gtf; Input files updated by another job: /mnt/seaes01-data01/nixon-microbiome/shared/bioinformatic_toolkit/output_repository/SRR2239652_tpm/SRR2239652_tpm_prokka/SRR2239652_filtered_prokka.gff
    wildcards: sample=SRR2239652
    threads: 20
    resources: tmpdir=/tmp

[Wed Nov 20 09:17:53 2024]
Finished job 33.
12 of 20 steps (60%) done
Select jobs to execute...

[Wed Nov 20 09:17:53 2024]
rule htseq:
    input: /mnt/seaes01-data01/nixon-microbiome/shared/bioinformatic_toolkit/output_repository/SRR2239652_tpm/SRR2239652_filtered.map.markdup.bam, /mnt/seaes01-data01/nixon-microbiome/shared/bioinformatic_toolkit/output_repository/SRR2239652_tpm/SRR2239652_tpm_prokka/SRR2239652_filtered_prokka.gtf
    output: /mnt/seaes01-data01/nixon-microbiome/shared/bioinformatic_toolkit/output_repository/SRR2239652_tpm/SRR2239652.counts
    jobid: 37
    reason: Missing output files: /mnt/seaes01-data01/nixon-microbiome/shared/bioinformatic_toolkit/output_repository/SRR2239652_tpm/SRR2239652.counts; Input files updated by another job: /mnt/seaes01-data01/nixon-microbiome/shared/bioinformatic_toolkit/output_repository/SRR2239652_tpm/SRR2239652_filtered.map.markdup.bam, /mnt/seaes01-data01/nixon-microbiome/shared/bioinformatic_toolkit/output_repository/SRR2239652_tpm/SRR2239652_tpm_prokka/SRR2239652_filtered_prokka.gtf
    wildcards: sample=SRR2239652
    threads: 20
    resources: tmpdir=/tmp

Activating singularity image /mnt/seaes01-data01/nixon-microbiome/containers/htseq/htseq-2.0.2.sif
[Wed Nov 20 09:25:55 2024]
Finished job 37.
13 of 20 steps (65%) done
Select jobs to execute...

[Wed Nov 20 09:25:55 2024]
rule merge_tpm_annotation:
    input: /mnt/seaes01-data01/nixon-microbiome/shared/bioinformatic_toolkit/output_repository/SRR6429754_tpm/SRR6429754.tpm, /mnt/seaes01-data01/nixon-microbiome/shared/bioinformatic_toolkit/output_repository/SRR6429754_tpm/SRR6429754_kofam_oneline.txt, /mnt/seaes01-data01/nixon-microbiome/shared/bioinformatic_toolkit/output_repository/SRR6429754_tpm/SRR6429754_tpm_prokka/SRR6429754_filtered_prokka.tsv
    output: /mnt/seaes01-data01/nixon-microbiome/shared/bioinformatic_toolkit/output_repository/SRR6429754_tpm/SRR6429754_tpm_annotated.txt
    jobid: 43
    reason: Missing output files: /mnt/seaes01-data01/nixon-microbiome/shared/bioinformatic_toolkit/output_repository/SRR6429754_tpm/SRR6429754_tpm_annotated.txt; Input files updated by another job: /mnt/seaes01-data01/nixon-microbiome/shared/bioinformatic_toolkit/output_repository/SRR6429754_tpm/SRR6429754.tpm
    wildcards: sample=SRR6429754
    threads: 20
    resources: tmpdir=/tmp

[Wed Nov 20 09:25:57 2024]
Finished job 43.
14 of 20 steps (70%) done
Select jobs to execute...

[Wed Nov 20 09:25:57 2024]
rule kofam_summary_table:
    input: /mnt/seaes01-data01/nixon-microbiome/shared/bioinformatic_toolkit/output_repository/SRR6429754_tpm/SRR6429754_tpm_annotated.txt
    output: /mnt/seaes01-data01/nixon-microbiome/shared/bioinformatic_toolkit/output_repository/SRR6429754_tpm/SRR6429754_kofam_tpm_summary.txt
    jobid: 58
    reason: Missing output files: /mnt/seaes01-data01/nixon-microbiome/shared/bioinformatic_toolkit/output_repository/SRR6429754_tpm/SRR6429754_kofam_tpm_summary.txt; Input files updated by another job: /mnt/seaes01-data01/nixon-microbiome/shared/bioinformatic_toolkit/output_repository/SRR6429754_tpm/SRR6429754_tpm_annotated.txt
    wildcards: sample=SRR6429754
    threads: 20
    resources: tmpdir=/tmp

[Wed Nov 20 09:25:58 2024]
Finished job 58.
15 of 20 steps (75%) done
Select jobs to execute...

[Wed Nov 20 09:25:58 2024]
rule gene_length:
    input: /mnt/seaes01-data01/nixon-microbiome/shared/bioinformatic_toolkit/output_repository/SRR2239652_tpm/SRR2239652_tpm_prokka/SRR2239652_filtered_prokka.gtf
    output: /mnt/seaes01-data01/nixon-microbiome/shared/bioinformatic_toolkit/output_repository/SRR2239652_tpm/SRR2239652.genelength
    jobid: 32
    reason: Missing output files: /mnt/seaes01-data01/nixon-microbiome/shared/bioinformatic_toolkit/output_repository/SRR2239652_tpm/SRR2239652.genelength; Input files updated by another job: /mnt/seaes01-data01/nixon-microbiome/shared/bioinformatic_toolkit/output_repository/SRR2239652_tpm/SRR2239652_tpm_prokka/SRR2239652_filtered_prokka.gtf
    wildcards: sample=SRR2239652
    threads: 20
    resources: tmpdir=/tmp

[Wed Nov 20 09:25:58 2024]
Finished job 32.
16 of 20 steps (80%) done
Select jobs to execute...

[Wed Nov 20 09:25:58 2024]
rule tpm_table:
    input: /mnt/seaes01-data01/nixon-microbiome/shared/bioinformatic_toolkit/output_repository/SRR2239652_tpm/SRR2239652.readlength, /mnt/seaes01-data01/nixon-microbiome/shared/bioinformatic_toolkit/output_repository/SRR2239652_tpm/SRR2239652.genelength, /mnt/seaes01-data01/nixon-microbiome/shared/bioinformatic_toolkit/output_repository/SRR2239652_tpm/SRR2239652.counts
    output: /mnt/seaes01-data01/nixon-microbiome/shared/bioinformatic_toolkit/output_repository/SRR2239652_tpm/SRR2239652.tpm
    jobid: 30
    reason: Missing output files: /mnt/seaes01-data01/nixon-microbiome/shared/bioinformatic_toolkit/output_repository/SRR2239652_tpm/SRR2239652.tpm; Input files updated by another job: /mnt/seaes01-data01/nixon-microbiome/shared/bioinformatic_toolkit/output_repository/SRR2239652_tpm/SRR2239652.genelength, /mnt/seaes01-data01/nixon-microbiome/shared/bioinformatic_toolkit/output_repository/SRR2239652_tpm/SRR2239652.counts
    wildcards: sample=SRR2239652
    threads: 20
    resources: tmpdir=/tmp

[Wed Nov 20 09:25:59 2024]
Finished job 30.
17 of 20 steps (85%) done
Select jobs to execute...

[Wed Nov 20 09:25:59 2024]
rule merge_tpm_annotation:
    input: /mnt/seaes01-data01/nixon-microbiome/shared/bioinformatic_toolkit/output_repository/SRR2239652_tpm/SRR2239652.tpm, /mnt/seaes01-data01/nixon-microbiome/shared/bioinformatic_toolkit/output_repository/SRR2239652_tpm/SRR2239652_kofam_oneline.txt, /mnt/seaes01-data01/nixon-microbiome/shared/bioinformatic_toolkit/output_repository/SRR2239652_tpm/SRR2239652_tpm_prokka/SRR2239652_filtered_prokka.tsv
    output: /mnt/seaes01-data01/nixon-microbiome/shared/bioinformatic_toolkit/output_repository/SRR2239652_tpm/SRR2239652_tpm_annotated.txt
    jobid: 29
    reason: Missing output files: /mnt/seaes01-data01/nixon-microbiome/shared/bioinformatic_toolkit/output_repository/SRR2239652_tpm/SRR2239652_tpm_annotated.txt; Input files updated by another job: /mnt/seaes01-data01/nixon-microbiome/shared/bioinformatic_toolkit/output_repository/SRR2239652_tpm/SRR2239652_tpm_prokka/SRR2239652_filtered_prokka.tsv, /mnt/seaes01-data01/nixon-microbiome/shared/bioinformatic_toolkit/output_repository/SRR2239652_tpm/SRR2239652.tpm, /mnt/seaes01-data01/nixon-microbiome/shared/bioinformatic_toolkit/output_repository/SRR2239652_tpm/SRR2239652_kofam_oneline.txt
    wildcards: sample=SRR2239652
    threads: 20
    resources: tmpdir=/tmp

[Wed Nov 20 09:26:00 2024]
Finished job 29.
18 of 20 steps (90%) done
Select jobs to execute...

[Wed Nov 20 09:26:00 2024]
rule kofam_summary_table:
    input: /mnt/seaes01-data01/nixon-microbiome/shared/bioinformatic_toolkit/output_repository/SRR2239652_tpm/SRR2239652_tpm_annotated.txt
    output: /mnt/seaes01-data01/nixon-microbiome/shared/bioinformatic_toolkit/output_repository/SRR2239652_tpm/SRR2239652_kofam_tpm_summary.txt
    jobid: 57
    reason: Missing output files: /mnt/seaes01-data01/nixon-microbiome/shared/bioinformatic_toolkit/output_repository/SRR2239652_tpm/SRR2239652_kofam_tpm_summary.txt; Input files updated by another job: /mnt/seaes01-data01/nixon-microbiome/shared/bioinformatic_toolkit/output_repository/SRR2239652_tpm/SRR2239652_tpm_annotated.txt
    wildcards: sample=SRR2239652
    threads: 20
    resources: tmpdir=/tmp

[Wed Nov 20 09:26:01 2024]
Finished job 57.
19 of 20 steps (95%) done
Select jobs to execute...

[Wed Nov 20 09:26:01 2024]
localrule all:
    input: /mnt/seaes01-data01/nixon-microbiome/shared/bioinformatic_toolkit/output_repository/SRR2239652_forward_paired.fq, /mnt/seaes01-data01/nixon-microbiome/shared/bioinformatic_toolkit/output_repository/SRR6429754_forward_paired.fq, /mnt/seaes01-data01/nixon-microbiome/shared/bioinformatic_toolkit/output_repository/SRR2239652_reverse_paired.fq, /mnt/seaes01-data01/nixon-microbiome/shared/bioinformatic_toolkit/output_repository/SRR6429754_reverse_paired.fq, /mnt/seaes01-data01/nixon-microbiome/shared/bioinformatic_toolkit/output_repository/SRR2239652_fastqc, /mnt/seaes01-data01/nixon-microbiome/shared/bioinformatic_toolkit/output_repository/SRR6429754_fastqc, /mnt/seaes01-data01/nixon-microbiome/shared/bioinformatic_toolkit/output_repository/SRR2239652_assembly/contigs.fasta, /mnt/seaes01-data01/nixon-microbiome/shared/bioinformatic_toolkit/output_repository/SRR6429754_assembly/contigs.fasta, /mnt/seaes01-data01/nixon-microbiome/shared/bioinformatic_toolkit/output_repository/SRR2239652_prokka/SRR2239652_annotated.gff, /mnt/seaes01-data01/nixon-microbiome/shared/bioinformatic_toolkit/output_repository/SRR6429754_prokka/SRR6429754_annotated.gff, /mnt/seaes01-data01/nixon-microbiome/shared/bioinformatic_toolkit/output_repository/SRR2239652_prokka/SRR2239652_annotated.tsv, /mnt/seaes01-data01/nixon-microbiome/shared/bioinformatic_toolkit/output_repository/SRR6429754_prokka/SRR6429754_annotated.tsv, /mnt/seaes01-data01/nixon-microbiome/shared/bioinformatic_toolkit/output_repository/SRR2239652_prokka/SRR2239652_annotated.faa, /mnt/seaes01-data01/nixon-microbiome/shared/bioinformatic_toolkit/output_repository/SRR6429754_prokka/SRR6429754_annotated.faa, /mnt/seaes01-data01/nixon-microbiome/shared/bioinformatic_toolkit/output_repository/SRR2239652_quast_report, /mnt/seaes01-data01/nixon-microbiome/shared/bioinformatic_toolkit/output_repository/SRR6429754_quast_report, /mnt/seaes01-data01/nixon-microbiome/shared/bioinformatic_toolkit/output_repository/SRR2239652_mags_bins/concoct_bins, /mnt/seaes01-data01/nixon-microbiome/shared/bioinformatic_toolkit/output_repository/SRR6429754_mags_bins/concoct_bins, /mnt/seaes01-data01/nixon-microbiome/shared/bioinformatic_toolkit/output_repository/SRR2239652_mags_bins/maxbin2_bins, /mnt/seaes01-data01/nixon-microbiome/shared/bioinformatic_toolkit/output_repository/SRR6429754_mags_bins/maxbin2_bins, /mnt/seaes01-data01/nixon-microbiome/shared/bioinformatic_toolkit/output_repository/SRR2239652_mags_bins/metabat2_bins, /mnt/seaes01-data01/nixon-microbiome/shared/bioinformatic_toolkit/output_repository/SRR6429754_mags_bins/metabat2_bins, /mnt/seaes01-data01/nixon-microbiome/shared/bioinformatic_toolkit/output_repository/SRR2239652_refined_mag_directory, /mnt/seaes01-data01/nixon-microbiome/shared/bioinformatic_toolkit/output_repository/SRR6429754_refined_mag_directory, /mnt/seaes01-data01/nixon-microbiome/shared/bioinformatic_toolkit/output_repository/SRR2239652_gtdbtk_temp, /mnt/seaes01-data01/nixon-microbiome/shared/bioinformatic_toolkit/output_repository/SRR6429754_gtdbtk_temp, /mnt/seaes01-data01/nixon-microbiome/shared/bioinformatic_toolkit/output_repository/SRR2239652_gtdbtk, /mnt/seaes01-data01/nixon-microbiome/shared/bioinformatic_toolkit/output_repository/SRR6429754_gtdbtk, /mnt/seaes01-data01/nixon-microbiome/shared/bioinformatic_toolkit/output_repository/SRR2239652_coverm_coverage.tsv, /mnt/seaes01-data01/nixon-microbiome/shared/bioinformatic_toolkit/output_repository/SRR6429754_coverm_coverage.tsv, /mnt/seaes01-data01/nixon-microbiome/shared/bioinformatic_toolkit/output_repository/SRR2239652_CLASS_kaiju.table, /mnt/seaes01-data01/nixon-microbiome/shared/bioinformatic_toolkit/output_repository/SRR6429754_CLASS_kaiju.table, /mnt/seaes01-data01/nixon-microbiome/shared/bioinformatic_toolkit/output_repository/SRR2239652_GENUS_kaiju.table, /mnt/seaes01-data01/nixon-microbiome/shared/bioinformatic_toolkit/output_repository/SRR6429754_GENUS_kaiju.table, /mnt/seaes01-data01/nixon-microbiome/shared/bioinformatic_toolkit/output_repository/SRR2239652_tpm/SRR2239652_tpm_annotated.txt, /mnt/seaes01-data01/nixon-microbiome/shared/bioinformatic_toolkit/output_repository/SRR6429754_tpm/SRR6429754_tpm_annotated.txt, /mnt/seaes01-data01/nixon-microbiome/shared/bioinformatic_toolkit/output_repository/SRR2239652_tpm/SRR2239652_kofam_tpm_summary.txt, /mnt/seaes01-data01/nixon-microbiome/shared/bioinformatic_toolkit/output_repository/SRR6429754_tpm/SRR6429754_kofam_tpm_summary.txt, /mnt/seaes01-data01/nixon-microbiome/shared/bioinformatic_toolkit/output_repository/SRR2239652_antismash/knownclusterblastoutput.txt, /mnt/seaes01-data01/nixon-microbiome/shared/bioinformatic_toolkit/output_repository/SRR6429754_antismash/knownclusterblastoutput.txt
    jobid: 0
    reason: Input files updated by another job: /mnt/seaes01-data01/nixon-microbiome/shared/bioinformatic_toolkit/output_repository/SRR6429754_tpm/SRR6429754_kofam_tpm_summary.txt, /mnt/seaes01-data01/nixon-microbiome/shared/bioinformatic_toolkit/output_repository/SRR2239652_tpm/SRR2239652_tpm_annotated.txt, /mnt/seaes01-data01/nixon-microbiome/shared/bioinformatic_toolkit/output_repository/SRR2239652_tpm/SRR2239652_kofam_tpm_summary.txt, /mnt/seaes01-data01/nixon-microbiome/shared/bioinformatic_toolkit/output_repository/SRR6429754_tpm/SRR6429754_tpm_annotated.txt
    resources: tmpdir=/tmp

[Wed Nov 20 09:26:01 2024]
Finished job 0.
20 of 20 steps (100%) done
Complete log: .snakemake/log/2024-11-20T084350.479196.snakemake.log
