Config file config.yaml is extended by additional config specified via the command line.
Config file config.yaml is extended by additional config specified via the command line.
Config file config.yaml is extended by additional config specified via the command line.
Building DAG of jobs...
Using shell: /usr/bin/bash
Provided cores: 20
Rules claiming more threads will be scaled down.
Job stats:
job               count    min threads    max threads
--------------  -------  -------------  -------------
all                   1              1              1
bin_refinement        2             20             20
coverm                2             20             20
fastqc                1             20             20
gtdbtk                2             20             20
metaquast             1             20             20
metawrap_bin          2             20             20
prokka                1             20             20
spades                1             20             20
symlink_reads         2              1              1
trimmomatic           1             20             20
total                16              1             20

Select jobs to execute...

[Wed Nov 13 12:25:32 2024]
rule trimmomatic:
    input: /mnt/seaes01-data01/nixon-microbiome/shared/CS/geothermal1/SRR6429754_1.fastq, /mnt/seaes01-data01/nixon-microbiome/shared/CS/geothermal1/SRR6429754_2.fastq
    output: /mnt/seaes01-data01/nixon-microbiome/shared/bioinformatic_toolkit/output_repository/SRR6429754_forward_paired.fq, /mnt/seaes01-data01/nixon-microbiome/shared/bioinformatic_toolkit/output_repository/SRR6429754_forward_unpaired.fq, /mnt/seaes01-data01/nixon-microbiome/shared/bioinformatic_toolkit/output_repository/SRR6429754_reverse_paired.fq, /mnt/seaes01-data01/nixon-microbiome/shared/bioinformatic_toolkit/output_repository/SRR6429754_reverse_unpaired.fq
    log: /mnt/seaes01-data01/nixon-microbiome/shared/bioinformatic_toolkit/output_repository/SRR6429754_trimmomatic.log
    jobid: 2
    reason: Missing output files: /mnt/seaes01-data01/nixon-microbiome/shared/bioinformatic_toolkit/output_repository/SRR6429754_forward_paired.fq, /mnt/seaes01-data01/nixon-microbiome/shared/bioinformatic_toolkit/output_repository/SRR6429754_reverse_paired.fq; Code has changed since last execution
    wildcards: sample=SRR6429754
    threads: 20
    resources: tmpdir=/tmp

Activating singularity image /mnt/seaes01-data01/nixon-microbiome/containers/trimmomatic/trimmomatic-0.39.sif
[Wed Nov 13 12:25:36 2024]
Finished job 2.
1 of 16 steps (6%) done
Select jobs to execute...

[Wed Nov 13 12:25:36 2024]
rule spades:
    input: /mnt/seaes01-data01/nixon-microbiome/shared/bioinformatic_toolkit/output_repository/SRR6429754_forward_paired.fq, /mnt/seaes01-data01/nixon-microbiome/shared/bioinformatic_toolkit/output_repository/SRR6429754_reverse_paired.fq
    output: /mnt/seaes01-data01/nixon-microbiome/shared/bioinformatic_toolkit/output_repository/SRR6429754_assembly/contigs.fasta
    jobid: 6
    reason: Missing output files: /mnt/seaes01-data01/nixon-microbiome/shared/bioinformatic_toolkit/output_repository/SRR6429754_assembly/contigs.fasta; Input files updated by another job: /mnt/seaes01-data01/nixon-microbiome/shared/bioinformatic_toolkit/output_repository/SRR6429754_forward_paired.fq, /mnt/seaes01-data01/nixon-microbiome/shared/bioinformatic_toolkit/output_repository/SRR6429754_reverse_paired.fq
    wildcards: sample=SRR6429754
    threads: 20
    resources: tmpdir=/tmp

RuleException in rule spades  in line 35 of /mnt/seaes01-data01/nixon-microbiome/shared/bioinformatic_toolkit/assemble.smk:
AttributeError: 'OutputFiles' object has no attribute 'o', when formatting the following:

        metaspades.py -m 2000 -1 {input.forward} -2 {input.rev} -o {output.o} -t {threads}
        
