Config file config.yaml is extended by additional config specified via the command line.
Config file config.yaml is extended by additional config specified via the command line.
Config file config.yaml is extended by additional config specified via the command line.
The flag 'directory' used in rule gtdbtk is only valid for outputs, not inputs.
Building DAG of jobs...
Using shell: /usr/bin/bash
Provided cores: 20
Rules claiming more threads will be scaled down.
Job stats:
job               count    min threads    max threads
--------------  -------  -------------  -------------
all                   1              1              1
bin_refinement        1             20             20
coverm                1             20             20
gtdbtk                1             20             20
metawrap_bin          1             20             20
symlink_reads         1              1              1
total                 6              1             20

Select jobs to execute...

[Fri Nov 15 11:49:02 2024]
rule symlink_reads:
    input: /mnt/seaes01-data01/nixon-microbiome/shared/bioinformatic_toolkit/output_repository/SRR6429754_forward_paired.fq, /mnt/seaes01-data01/nixon-microbiome/shared/bioinformatic_toolkit/output_repository/SRR6429754_reverse_paired.fq
    output: /mnt/seaes01-data01/nixon-microbiome/shared/bioinformatic_toolkit/output_repository/temp/SRR6429754_sym_1.fastq, /mnt/seaes01-data01/nixon-microbiome/shared/bioinformatic_toolkit/output_repository/temp/SRR6429754_sym_2.fastq
    jobid: 14
    reason: Missing output files: /mnt/seaes01-data01/nixon-microbiome/shared/bioinformatic_toolkit/output_repository/temp/SRR6429754_sym_2.fastq, /mnt/seaes01-data01/nixon-microbiome/shared/bioinformatic_toolkit/output_repository/temp/SRR6429754_sym_1.fastq
    wildcards: sample=SRR6429754
    resources: tmpdir=/tmp

[Fri Nov 15 11:49:02 2024]
Finished job 14.
1 of 6 steps (17%) done
Select jobs to execute...

[Fri Nov 15 11:49:02 2024]
rule metawrap_bin:
    input: /mnt/seaes01-data01/nixon-microbiome/shared/bioinformatic_toolkit/output_repository/SRR6429754_assembly/contigs.fasta, /mnt/seaes01-data01/nixon-microbiome/shared/bioinformatic_toolkit/output_repository/temp/SRR6429754_sym_1.fastq, /mnt/seaes01-data01/nixon-microbiome/shared/bioinformatic_toolkit/output_repository/temp/SRR6429754_sym_2.fastq
    output: /mnt/seaes01-data01/nixon-microbiome/shared/bioinformatic_toolkit/output_repository/SRR6429754_mags_bins, /mnt/seaes01-data01/nixon-microbiome/shared/bioinformatic_toolkit/output_repository/SRR6429754_mags_bins/concoct_bins, /mnt/seaes01-data01/nixon-microbiome/shared/bioinformatic_toolkit/output_repository/SRR6429754_mags_bins/maxbin2_bins, /mnt/seaes01-data01/nixon-microbiome/shared/bioinformatic_toolkit/output_repository/SRR6429754_mags_bins/metabat2_bins
    jobid: 13
    reason: Input files updated by another job: /mnt/seaes01-data01/nixon-microbiome/shared/bioinformatic_toolkit/output_repository/temp/SRR6429754_sym_2.fastq, /mnt/seaes01-data01/nixon-microbiome/shared/bioinformatic_toolkit/output_repository/temp/SRR6429754_sym_1.fastq; Code has changed since last execution; Software environment definition has changed since last execution
    wildcards: sample=SRR6429754
    threads: 20
    resources: tmpdir=/tmp

Activating singularity image /opt/containers/metawrap/metawrap-1.3.0.sif
[Fri Nov 15 11:52:56 2024]
Finished job 13.
2 of 6 steps (33%) done
Removing temporary output /mnt/seaes01-data01/nixon-microbiome/shared/bioinformatic_toolkit/output_repository/temp/SRR6429754_sym_2.fastq.
Removing temporary output /mnt/seaes01-data01/nixon-microbiome/shared/bioinformatic_toolkit/output_repository/temp/SRR6429754_sym_1.fastq.
Select jobs to execute...

[Fri Nov 15 11:52:56 2024]
rule bin_refinement:
    input: /mnt/seaes01-data01/nixon-microbiome/shared/bioinformatic_toolkit/output_repository/SRR6429754_mags_bins/concoct_bins, /mnt/seaes01-data01/nixon-microbiome/shared/bioinformatic_toolkit/output_repository/SRR6429754_mags_bins/maxbin2_bins, /mnt/seaes01-data01/nixon-microbiome/shared/bioinformatic_toolkit/output_repository/SRR6429754_mags_bins/metabat2_bins
    output: /mnt/seaes01-data01/nixon-microbiome/shared/bioinformatic_toolkit/output_repository/SRR6429754_refined_mag_directory, /mnt/seaes01-data01/nixon-microbiome/shared/bioinformatic_toolkit/output_repository/SRR6429754_refined_mag_directory/metawrap_50_10_bins
    jobid: 16
    reason: Missing output files: /mnt/seaes01-data01/nixon-microbiome/shared/bioinformatic_toolkit/output_repository/SRR6429754_refined_mag_directory, /mnt/seaes01-data01/nixon-microbiome/shared/bioinformatic_toolkit/output_repository/SRR6429754_refined_mag_directory/metawrap_50_10_bins; Input files updated by another job: /mnt/seaes01-data01/nixon-microbiome/shared/bioinformatic_toolkit/output_repository/SRR6429754_mags_bins/maxbin2_bins, /mnt/seaes01-data01/nixon-microbiome/shared/bioinformatic_toolkit/output_repository/SRR6429754_mags_bins/metabat2_bins, /mnt/seaes01-data01/nixon-microbiome/shared/bioinformatic_toolkit/output_repository/SRR6429754_mags_bins/concoct_bins
    wildcards: sample=SRR6429754
    threads: 20
    resources: tmpdir=/tmp

Activating singularity image /opt/containers/metawrap/metawrap-1.3.0.sif
[Fri Nov 15 13:00:54 2024]
Finished job 16.
3 of 6 steps (50%) done
Select jobs to execute...

[Fri Nov 15 13:00:54 2024]
rule gtdbtk:
    input: /mnt/seaes01-data01/nixon-microbiome/shared/bioinformatic_toolkit/output_repository/SRR6429754_refined_mag_directory, /mnt/seaes01-data01/nixon-microbiome/shared/bioinformatic_toolkit/output_repository/SRR6429754_refined_mag_directory/metawrap_50_10_bins, /mnt/seaes01-data01/nixon-microbiome/shared/bioinformatic_toolkit/output_repository/SRR6429754_gtdbtk_temp
    output: /mnt/seaes01-data01/nixon-microbiome/shared/bioinformatic_toolkit/output_repository/SRR6429754_gtdbtk
    jobid: 20
    reason: Missing output files: /mnt/seaes01-data01/nixon-microbiome/shared/bioinformatic_toolkit/output_repository/SRR6429754_gtdbtk; Input files updated by another job: /mnt/seaes01-data01/nixon-microbiome/shared/bioinformatic_toolkit/output_repository/SRR6429754_refined_mag_directory, /mnt/seaes01-data01/nixon-microbiome/shared/bioinformatic_toolkit/output_repository/SRR6429754_refined_mag_directory/metawrap_50_10_bins
    wildcards: sample=SRR6429754
    threads: 20
    resources: tmpdir=/tmp

Activating singularity image /mnt/seaes01-data01/nixon-microbiome/containers/gtdbtk/gtdbtk_2.4.0.sif
[Fri Nov 15 13:00:55 2024]
Error in rule gtdbtk:
    jobid: 20
    input: /mnt/seaes01-data01/nixon-microbiome/shared/bioinformatic_toolkit/output_repository/SRR6429754_refined_mag_directory, /mnt/seaes01-data01/nixon-microbiome/shared/bioinformatic_toolkit/output_repository/SRR6429754_refined_mag_directory/metawrap_50_10_bins, /mnt/seaes01-data01/nixon-microbiome/shared/bioinformatic_toolkit/output_repository/SRR6429754_gtdbtk_temp
    output: /mnt/seaes01-data01/nixon-microbiome/shared/bioinformatic_toolkit/output_repository/SRR6429754_gtdbtk
    shell:
        
        gtdbtk classify_wf --genome_dir /mnt/seaes01-data01/nixon-microbiome/shared/bioinformatic_toolkit/output_repository/SRR6429754_refined_mag_directory/metawrap_50_10_bins --mash_db /mnt/seaes01-data01/nixon-microbiome/shared/bioinformatic_toolkit/output_repository/SRR6429754_gtdbtk_temp --extension .fa --out_dir /mnt/seaes01-data01/nixon-microbiome/shared/bioinformatic_toolkit/output_repository/SRR6429754_gtdbtk --cpus 20
        
        (one of the commands exited with non-zero exit code; note that snakemake uses bash strict mode!)

Shutting down, this might take some time.
Exiting because a job execution failed. Look above for error message
Complete log: .snakemake/log/2024-11-15T114902.172981.snakemake.log
