Config file config.yaml is extended by additional config specified via the command line.
Config file config.yaml is extended by additional config specified via the command line.
Config file config.yaml is extended by additional config specified via the command line.
Config file config.yaml is extended by additional config specified via the command line.
Building DAG of jobs...
Using shell: /usr/bin/bash
Provided cores: 10
Rules claiming more threads will be scaled down.
Job stats:
job                   count    min threads    max threads
------------------  -------  -------------  -------------
all                       1              1              1
bin_refinement           10             10             10
coverm                   10             10             10
cut                      10             10             10
fastqc                    4             10             10
filter_seq_contigs       10             10             10
gtdbtk                   10             10             10
kaiju_refseq              5             10             10
kaiju_table_Class         8             10             10
kaiju_table_Genus         7             10             10
megahit                  10             10             10
metaquast                10             10             10
metawrap_bin             10             10             10
prokka                   10             10             10
symlink_reads             3              1              1
trimmomatic               3             10             10
total                   121              1             10

Select jobs to execute...

[Fri Dec  6 16:32:45 2024]
rule megahit:
    input: /mnt/seaes01-data01/nixon-microbiome/shared/bioinformatic_toolkit/output_repository/N3_forward_paired.fq, /mnt/seaes01-data01/nixon-microbiome/shared/bioinformatic_toolkit/output_repository/N3_reverse_paired.fq
    output: /mnt/seaes01-data01/nixon-microbiome/shared/bioinformatic_toolkit/output_repository/N3_assembly, /mnt/seaes01-data01/nixon-microbiome/shared/bioinformatic_toolkit/output_repository/N3_assembly/final.contigs.fa, /mnt/seaes01-data01/nixon-microbiome/shared/bioinformatic_toolkit/output_repository/N3_assembly/contigs.fasta
    jobid: 26
    reason: Missing output files: /mnt/seaes01-data01/nixon-microbiome/shared/bioinformatic_toolkit/output_repository/N3_assembly/contigs.fasta
    wildcards: sample=N3
    threads: 10
    resources: tmpdir=/tmp

Activating singularity image /opt/containers/megahit/megahit-1.2.9.sif
Waiting at most 5 seconds for missing files.
MissingOutputException in rule megahit  in line 35 of /mnt/seaes01-data01/nixon-microbiome/shared/bioinformatic_toolkit/assemble_megahit.smk:
Job Missing files after 5 seconds. This might be due to filesystem latency. If that is the case, consider to increase the wait time with --latency-wait:
/mnt/seaes01-data01/nixon-microbiome/shared/bioinformatic_toolkit/output_repository/N3_assembly/final.contigs.fa completed successfully, but some output files are missing. 26
Removing output files of failed job megahit since they might be corrupted:
/mnt/seaes01-data01/nixon-microbiome/shared/bioinformatic_toolkit/output_repository/N3_assembly, /mnt/seaes01-data01/nixon-microbiome/shared/bioinformatic_toolkit/output_repository/N3_assembly/contigs.fasta
Shutting down, this might take some time.
Exiting because a job execution failed. Look above for error message
Complete log: .snakemake/log/2024-12-06T163244.106897.snakemake.log
