Config file config.yaml is extended by additional config specified via the command line.
Config file config.yaml is extended by additional config specified via the command line.
Config file config.yaml is extended by additional config specified via the command line.
Building DAG of jobs...
Using shell: /usr/bin/bash
Provided cores: 20
Rules claiming more threads will be scaled down.
Job stats:
job                  count    min threads    max threads
-----------------  -------  -------------  -------------
all                      1              1              1
fastqc                  10             20             20
kaiju_refseq            10             20             20
kaiju_table_Class       10             20             20
kaiju_table_Genus       10             20             20
metaquast               10             20             20
prokka                  10             20             20
spades                  10             20             20
trimmomatic             10             20             20
total                   81              1             20

Select jobs to execute...

[Wed Nov 20 13:24:06 2024]
rule trimmomatic:
    input: /mnt/seaes01-data01/nixon-microbiome/shared/bioinformatic_toolkit/symlink_staging/N1_1.fastq.gz, /mnt/seaes01-data01/nixon-microbiome/shared/bioinformatic_toolkit/symlink_staging/N1_2.fastq.gz
    output: /mnt/seaes01-data01/nixon-microbiome/shared/bioinformatic_toolkit/output_repository/N1_forward_paired.fq, /mnt/seaes01-data01/nixon-microbiome/shared/bioinformatic_toolkit/output_repository/N1_forward_unpaired.fq, /mnt/seaes01-data01/nixon-microbiome/shared/bioinformatic_toolkit/output_repository/N1_reverse_paired.fq, /mnt/seaes01-data01/nixon-microbiome/shared/bioinformatic_toolkit/output_repository/N1_reverse_unpaired.fq
    log: /mnt/seaes01-data01/nixon-microbiome/shared/bioinformatic_toolkit/output_repository/N1_trimmomatic.log
    jobid: 4
    reason: Missing output files: /mnt/seaes01-data01/nixon-microbiome/shared/bioinformatic_toolkit/output_repository/N1_reverse_paired.fq, /mnt/seaes01-data01/nixon-microbiome/shared/bioinformatic_toolkit/output_repository/N1_forward_paired.fq
    wildcards: sample=N1
    threads: 20
    resources: tmpdir=/tmp

Activating singularity image /mnt/seaes01-data01/nixon-microbiome/containers/trimmomatic/trimmomatic-0.39.sif
Terminating processes on user request, this might take some time.
[Wed Nov 20 13:24:30 2024]
Error in rule trimmomatic:
    jobid: 4
    input: /mnt/seaes01-data01/nixon-microbiome/shared/bioinformatic_toolkit/symlink_staging/N1_1.fastq.gz, /mnt/seaes01-data01/nixon-microbiome/shared/bioinformatic_toolkit/symlink_staging/N1_2.fastq.gz
    output: /mnt/seaes01-data01/nixon-microbiome/shared/bioinformatic_toolkit/output_repository/N1_forward_paired.fq, /mnt/seaes01-data01/nixon-microbiome/shared/bioinformatic_toolkit/output_repository/N1_forward_unpaired.fq, /mnt/seaes01-data01/nixon-microbiome/shared/bioinformatic_toolkit/output_repository/N1_reverse_paired.fq, /mnt/seaes01-data01/nixon-microbiome/shared/bioinformatic_toolkit/output_repository/N1_reverse_unpaired.fq
    log: /mnt/seaes01-data01/nixon-microbiome/shared/bioinformatic_toolkit/output_repository/N1_trimmomatic.log (check log file(s) for error message)
    shell:
        java -jar /trimmomatic/Trimmomatic-0.39/trimmomatic-0.39.jar PE -phred33 -threads 20 /mnt/seaes01-data01/nixon-microbiome/shared/bioinformatic_toolkit/symlink_staging/N1_1.fastq.gz /mnt/seaes01-data01/nixon-microbiome/shared/bioinformatic_toolkit/symlink_staging/N1_2.fastq.gz /mnt/seaes01-data01/nixon-microbiome/shared/bioinformatic_toolkit/output_repository/N1_forward_paired.fq /mnt/seaes01-data01/nixon-microbiome/shared/bioinformatic_toolkit/output_repository/N1_forward_unpaired.fq /mnt/seaes01-data01/nixon-microbiome/shared/bioinformatic_toolkit/output_repository/N1_reverse_paired.fq /mnt/seaes01-data01/nixon-microbiome/shared/bioinformatic_toolkit/output_repository/N1_reverse_unpaired.fq ILLUMINACLIP:/mnt/seaes01-data01/nixon-microbiome/shared/bioinformatic_toolkit/trimmomatic_adapters/Nextera_Truseq_Adapters:2:30:10 LEADING:30 TRAILING:30 SLIDINGWINDOW:4:15 MINLEN:36
        (one of the commands exited with non-zero exit code; note that snakemake uses bash strict mode!)

Complete log: .snakemake/log/2024-11-20T132406.382216.snakemake.log
