Config file config.yaml is extended by additional config specified via the command line.
Config file config.yaml is extended by additional config specified via the command line.
Config file config.yaml is extended by additional config specified via the command line.
Building DAG of jobs...
MissingInputException in rule all  in line 27 of /mnt/seaes01-data01/nixon-microbiome/shared/bioinformatic_toolkit/Snakefile:
Missing input files for rule all:
    affected files:
        /mnt/seaes01-data01/nixon-microbiome/shared/bioinformatic_toolkit/output_repository_SN/N2_fastqc
        /mnt/seaes01-data01/nixon-microbiome/shared/bioinformatic_toolkit/output_repository_SN/F2_prokka/F2_annotated.gff
        /mnt/seaes01-data01/nixon-microbiome/shared/bioinformatic_toolkit/output_repository_SN/O4_assembly/contigs.fasta
        /mnt/seaes01-data01/nixon-microbiome/shared/bioinformatic_toolkit/output_repository_SN/N1_prokka/N1_annotated.tsv
        /mnt/seaes01-data01/nixon-microbiome/shared/bioinformatic_toolkit/output_repository_SN/F3_prokka/F3_annotated.gff
        /mnt/seaes01-data01/nixon-microbiome/shared/bioinformatic_toolkit/output_repository_SN/N2_quast_report
        /mnt/seaes01-data01/nixon-microbiome/shared/bioinformatic_toolkit/output_repository_SN/F3_prokka/F3_annotated.faa
        /mnt/seaes01-data01/nixon-microbiome/shared/bioinformatic_toolkit/output_repository_SN/N3_fastqc
        /mnt/seaes01-data01/nixon-microbiome/shared/bioinformatic_toolkit/output_repository_SN/F1_assembly/contigs.fasta
        /mnt/seaes01-data01/nixon-microbiome/shared/bioinformatic_toolkit/output_repository_SN/O3_assembly/contigs.fasta
        /mnt/seaes01-data01/nixon-microbiome/shared/bioinformatic_toolkit/output_repository_SN/F2_quast_report
        /mnt/seaes01-data01/nixon-microbiome/shared/bioinformatic_toolkit/output_repository_SN/N3_assembly/contigs.fasta
        /mnt/seaes01-data01/nixon-microbiome/shared/bioinformatic_toolkit/output_repository_SN/O2_fastqc
        /mnt/seaes01-data01/nixon-microbiome/shared/bioinformatic_toolkit/output_repository_SN/N1_fastqc
        /mnt/seaes01-data01/nixon-microbiome/shared/bioinformatic_toolkit/output_repository_SN/F1_quast_report
        /mnt/seaes01-data01/nixon-microbiome/shared/bioinformatic_toolkit/output_repository_SN/F1_fastqc
        /mnt/seaes01-data01/nixon-microbiome/shared/bioinformatic_toolkit/output_repository_SN/F3_fastqc
        /mnt/seaes01-data01/nixon-microbiome/shared/bioinformatic_toolkit/output_repository_SN/N2_prokka/N2_annotated.faa
        /mnt/seaes01-data01/nixon-microbiome/shared/bioinformatic_toolkit/output_repository_SN/N3_prokka/N3_annotated.gff
        /mnt/seaes01-data01/nixon-microbiome/shared/bioinformatic_toolkit/output_repository_SN/O4_prokka/O4_annotated.faa
        /mnt/seaes01-data01/nixon-microbiome/shared/bioinformatic_toolkit/output_repository_SN/N1_assembly/contigs.fasta
        /mnt/seaes01-data01/nixon-microbiome/shared/bioinformatic_toolkit/output_repository_SN/N3_quast_report
        /mnt/seaes01-data01/nixon-microbiome/shared/bioinformatic_toolkit/output_repository_SN/F3_assembly/contigs.fasta
        /mnt/seaes01-data01/nixon-microbiome/shared/bioinformatic_toolkit/output_repository_SN/O3_prokka/O3_annotated.faa
        /mnt/seaes01-data01/nixon-microbiome/shared/bioinformatic_toolkit/output_repository_SN/O4_quast_report
        /mnt/seaes01-data01/nixon-microbiome/shared/bioinformatic_toolkit/output_repository_SN/F3_quast_report
        /mnt/seaes01-data01/nixon-microbiome/shared/bioinformatic_toolkit/output_repository_SN/O4_fastqc
        /mnt/seaes01-data01/nixon-microbiome/shared/bioinformatic_toolkit/output_repository_SN/O2_prokka/O2_annotated.faa
        /mnt/seaes01-data01/nixon-microbiome/shared/bioinformatic_toolkit/output_repository_SN/O1_quast_report
        /mnt/seaes01-data01/nixon-microbiome/shared/bioinformatic_toolkit/output_repository_SN/F3_prokka/F3_annotated.tsv
        /mnt/seaes01-data01/nixon-microbiome/shared/bioinformatic_toolkit/output_repository_SN/N2_prokka/N2_annotated.tsv
        /mnt/seaes01-data01/nixon-microbiome/shared/bioinformatic_toolkit/output_repository_SN/O3_fastqc
        /mnt/seaes01-data01/nixon-microbiome/shared/bioinformatic_toolkit/output_repository_SN/O2_assembly/contigs.fasta
        /mnt/seaes01-data01/nixon-microbiome/shared/bioinformatic_toolkit/output_repository_SN/F2_assembly/contigs.fasta
        /mnt/seaes01-data01/nixon-microbiome/shared/bioinformatic_toolkit/output_repository_SN/O4_prokka/O4_annotated.tsv
        /mnt/seaes01-data01/nixon-microbiome/shared/bioinformatic_toolkit/output_repository_SN/N3_prokka/N3_annotated.tsv
        /mnt/seaes01-data01/nixon-microbiome/shared/bioinformatic_toolkit/output_repository_SN/O2_quast_report
        /mnt/seaes01-data01/nixon-microbiome/shared/bioinformatic_toolkit/output_repository_SN/N2_assembly/contigs.fasta
        /mnt/seaes01-data01/nixon-microbiome/shared/bioinformatic_toolkit/output_repository_SN/F1_prokka/F1_annotated.faa
        /mnt/seaes01-data01/nixon-microbiome/shared/bioinformatic_toolkit/output_repository_SN/O1_fastqc
        /mnt/seaes01-data01/nixon-microbiome/shared/bioinformatic_toolkit/output_repository_SN/N3_prokka/N3_annotated.faa
        /mnt/seaes01-data01/nixon-microbiome/shared/bioinformatic_toolkit/output_repository_SN/O4_prokka/O4_annotated.gff
        /mnt/seaes01-data01/nixon-microbiome/shared/bioinformatic_toolkit/output_repository_SN/N1_prokka/N1_annotated.gff
        /mnt/seaes01-data01/nixon-microbiome/shared/bioinformatic_toolkit/output_repository_SN/O3_quast_report
        /mnt/seaes01-data01/nixon-microbiome/shared/bioinformatic_toolkit/output_repository_SN/O1_prokka/O1_annotated.tsv
        /mnt/seaes01-data01/nixon-microbiome/shared/bioinformatic_toolkit/output_repository_SN/F2_prokka/F2_annotated.tsv
        /mnt/seaes01-data01/nixon-microbiome/shared/bioinformatic_toolkit/output_repository_SN/O1_assembly/contigs.fasta
        /mnt/seaes01-data01/nixon-microbiome/shared/bioinformatic_toolkit/output_repository_SN/O3_prokka/O3_annotated.tsv
        /mnt/seaes01-data01/nixon-microbiome/shared/bioinformatic_toolkit/output_repository_SN/O2_prokka/O2_annotated.tsv
        /mnt/seaes01-data01/nixon-microbiome/shared/bioinformatic_toolkit/output_repository_SN/N2_prokka/N2_annotated.gff
        /mnt/seaes01-data01/nixon-microbiome/shared/bioinformatic_toolkit/output_repository_SN/N1_prokka/N1_annotated.faa
        /mnt/seaes01-data01/nixon-microbiome/shared/bioinformatic_toolkit/output_repository_SN/F2_fastqc
        /mnt/seaes01-data01/nixon-microbiome/shared/bioinformatic_toolkit/output_repository_SN/F1_prokka/F1_annotated.tsv
        /mnt/seaes01-data01/nixon-microbiome/shared/bioinformatic_toolkit/output_repository_SN/O2_prokka/O2_annotated.gff
        /mnt/seaes01-data01/nixon-microbiome/shared/bioinformatic_toolkit/output_repository_SN/F1_prokka/F1_annotated.gff
        /mnt/seaes01-data01/nixon-microbiome/shared/bioinformatic_toolkit/output_repository_SN/N1_quast_report
        /mnt/seaes01-data01/nixon-microbiome/shared/bioinformatic_toolkit/output_repository_SN/O3_prokka/O3_annotated.gff
        /mnt/seaes01-data01/nixon-microbiome/shared/bioinformatic_toolkit/output_repository_SN/O1_prokka/O1_annotated.faa
        /mnt/seaes01-data01/nixon-microbiome/shared/bioinformatic_toolkit/output_repository_SN/O1_prokka/O1_annotated.gff
        /mnt/seaes01-data01/nixon-microbiome/shared/bioinformatic_toolkit/output_repository_SN/F2_prokka/F2_annotated.faa
