Config file config.yaml is extended by additional config specified via the command line.
Config file config.yaml is extended by additional config specified via the command line.
Full Traceback (most recent call last):
  File "/home/mqbpqcs2/.conda/envs/snakemake/lib/python3.11/site-packages/snakemake/__init__.py", line 634, in snakemake
    workflow.include(
  File "/home/mqbpqcs2/.conda/envs/snakemake/lib/python3.11/site-packages/snakemake/workflow.py", line 1214, in include
    exec(compile(code, snakefile.get_path_or_uri(), "exec"), self.globals)
  File "/mnt/seaes01-data01/nixon-microbiome/shared/bioinformatic_toolkit/Snakefile_megahit", line 16, in <module>
    include: "mags.smk"
  File "/home/mqbpqcs2/.conda/envs/snakemake/lib/python3.11/site-packages/snakemake/workflow.py", line 1214, in include
    exec(compile(code, snakefile.get_path_or_uri(), "exec"), self.globals)
  File "/mnt/seaes01-data01/nixon-microbiome/shared/bioinformatic_toolkit/assemble_megahit.smk", line 71, in <module>
    threads: config["max_threads"]
  File "/home/mqbpqcs2/.conda/envs/snakemake/lib/python3.11/site-packages/snakemake/workflow.py", line 1393, in decorate
    rule.set_output(*ruleinfo.output.paths, **ruleinfo.output.kwpaths)
  File "/home/mqbpqcs2/.conda/envs/snakemake/lib/python3.11/site-packages/snakemake/rules.py", line 458, in set_output
    self.check_output_duplicates()
  File "/home/mqbpqcs2/.conda/envs/snakemake/lib/python3.11/site-packages/snakemake/rules.py", line 474, in check_output_duplicates
    raise WorkflowError(
snakemake.exceptions.WorkflowError: Duplicate output file pattern in rule megahit. First two duplicate for entries contig_MH and contig.

WorkflowError in line 35 of /mnt/seaes01-data01/nixon-microbiome/shared/bioinformatic_toolkit/assemble_megahit.smk:
Duplicate output file pattern in rule megahit. First two duplicate for entries contig_MH and contig.
  File "/mnt/seaes01-data01/nixon-microbiome/shared/bioinformatic_toolkit/Snakefile_megahit", line 14, in <module>
  File "/mnt/seaes01-data01/nixon-microbiome/shared/bioinformatic_toolkit/assemble_megahit.smk", line 35, in <module>
