Config file config.yaml is extended by additional config specified via the command line.
Config file config.yaml is extended by additional config specified via the command line.
Config file config.yaml is extended by additional config specified via the command line.
Config file config.yaml is extended by additional config specified via the command line.
Building DAG of jobs...
Using shell: /usr/bin/bash
Provided cores: 10
Rules claiming more threads will be scaled down.
Job stats:
job                   count    min threads    max threads
------------------  -------  -------------  -------------
all                       1              1              1
bin_refinement           10             10             10
coverm                   10             10             10
cut                      10             10             10
fastqc                    4             10             10
filter_seq_contigs       10             10             10
gtdbtk                   10             10             10
gtdbtk_folder            10              1              1
kaiju_refseq              5             10             10
kaiju_table_Class         8             10             10
kaiju_table_Genus         7             10             10
metaquast                10             10             10
metawrap_bin             10             10             10
prokka                   10             10             10
spades                   10             10             10
symlink_reads            10              1              1
trimmomatic               3             10             10
total                   138              1             10

Select jobs to execute...

[Fri Dec  6 14:11:36 2024]
rule symlink_reads:
    input: /mnt/seaes01-data01/nixon-microbiome/shared/bioinformatic_toolkit/output_repository/N3_forward_paired.fq, /mnt/seaes01-data01/nixon-microbiome/shared/bioinformatic_toolkit/output_repository/N3_reverse_paired.fq
    output: /mnt/seaes01-data01/nixon-microbiome/shared/bioinformatic_toolkit/output_repository/temp/N3_sym_1.fastq, /mnt/seaes01-data01/nixon-microbiome/shared/bioinformatic_toolkit/output_repository/temp/N3_sym_2.fastq
    jobid: 82
    reason: Missing output files: /mnt/seaes01-data01/nixon-microbiome/shared/bioinformatic_toolkit/output_repository/temp/N3_sym_2.fastq, /mnt/seaes01-data01/nixon-microbiome/shared/bioinformatic_toolkit/output_repository/temp/N3_sym_1.fastq
    wildcards: sample=N3
    resources: tmpdir=/tmp


[Fri Dec  6 14:11:36 2024]
rule gtdbtk_folder:
    output: /mnt/seaes01-data01/nixon-microbiome/shared/bioinformatic_toolkit/output_repository/O2_gtdbtk_temporary_directory.msh
    jobid: 108
    reason: Missing output files: /mnt/seaes01-data01/nixon-microbiome/shared/bioinformatic_toolkit/output_repository/O2_gtdbtk_temporary_directory.msh
    wildcards: sample=O2
    resources: tmpdir=/tmp


[Fri Dec  6 14:11:36 2024]
rule gtdbtk_folder:
    output: /mnt/seaes01-data01/nixon-microbiome/shared/bioinformatic_toolkit/output_repository/F1_gtdbtk_temporary_directory.msh
    jobid: 101
    reason: Missing output files: /mnt/seaes01-data01/nixon-microbiome/shared/bioinformatic_toolkit/output_repository/F1_gtdbtk_temporary_directory.msh
    wildcards: sample=F1
    resources: tmpdir=/tmp


[Fri Dec  6 14:11:36 2024]
rule gtdbtk_folder:
    output: /mnt/seaes01-data01/nixon-microbiome/shared/bioinformatic_toolkit/output_repository/O4_gtdbtk_temporary_directory.msh
    jobid: 110
    reason: Missing output files: /mnt/seaes01-data01/nixon-microbiome/shared/bioinformatic_toolkit/output_repository/O4_gtdbtk_temporary_directory.msh
    wildcards: sample=O4
    resources: tmpdir=/tmp


[Fri Dec  6 14:11:36 2024]
rule gtdbtk_folder:
    output: /mnt/seaes01-data01/nixon-microbiome/shared/bioinformatic_toolkit/output_repository/F3_gtdbtk_temporary_directory.msh
    jobid: 103
    reason: Missing output files: /mnt/seaes01-data01/nixon-microbiome/shared/bioinformatic_toolkit/output_repository/F3_gtdbtk_temporary_directory.msh
    wildcards: sample=F3
    resources: tmpdir=/tmp


[Fri Dec  6 14:11:36 2024]
rule symlink_reads:
    input: /mnt/seaes01-data01/nixon-microbiome/shared/bioinformatic_toolkit/output_repository/O3_forward_paired.fq, /mnt/seaes01-data01/nixon-microbiome/shared/bioinformatic_toolkit/output_repository/O3_reverse_paired.fq
    output: /mnt/seaes01-data01/nixon-microbiome/shared/bioinformatic_toolkit/output_repository/temp/O3_sym_1.fastq, /mnt/seaes01-data01/nixon-microbiome/shared/bioinformatic_toolkit/output_repository/temp/O3_sym_2.fastq
    jobid: 88
    reason: Missing output files: /mnt/seaes01-data01/nixon-microbiome/shared/bioinformatic_toolkit/output_repository/temp/O3_sym_1.fastq, /mnt/seaes01-data01/nixon-microbiome/shared/bioinformatic_toolkit/output_repository/temp/O3_sym_2.fastq
    wildcards: sample=O3
    resources: tmpdir=/tmp


[Fri Dec  6 14:11:36 2024]
rule gtdbtk_folder:
    output: /mnt/seaes01-data01/nixon-microbiome/shared/bioinformatic_toolkit/output_repository/O3_gtdbtk_temporary_directory.msh
    jobid: 109
    reason: Missing output files: /mnt/seaes01-data01/nixon-microbiome/shared/bioinformatic_toolkit/output_repository/O3_gtdbtk_temporary_directory.msh
    wildcards: sample=O3
    resources: tmpdir=/tmp


[Fri Dec  6 14:11:36 2024]
rule gtdbtk_folder:
    output: /mnt/seaes01-data01/nixon-microbiome/shared/bioinformatic_toolkit/output_repository/F2_gtdbtk_temporary_directory.msh
    jobid: 102
    reason: Missing output files: /mnt/seaes01-data01/nixon-microbiome/shared/bioinformatic_toolkit/output_repository/F2_gtdbtk_temporary_directory.msh
    wildcards: sample=F2
    resources: tmpdir=/tmp


[Fri Dec  6 14:11:36 2024]
rule symlink_reads:
    input: /mnt/seaes01-data01/nixon-microbiome/shared/bioinformatic_toolkit/output_repository/N2_forward_paired.fq, /mnt/seaes01-data01/nixon-microbiome/shared/bioinformatic_toolkit/output_repository/N2_reverse_paired.fq
    output: /mnt/seaes01-data01/nixon-microbiome/shared/bioinformatic_toolkit/output_repository/temp/N2_sym_1.fastq, /mnt/seaes01-data01/nixon-microbiome/shared/bioinformatic_toolkit/output_repository/temp/N2_sym_2.fastq
    jobid: 80
    reason: Missing output files: /mnt/seaes01-data01/nixon-microbiome/shared/bioinformatic_toolkit/output_repository/temp/N2_sym_1.fastq, /mnt/seaes01-data01/nixon-microbiome/shared/bioinformatic_toolkit/output_repository/temp/N2_sym_2.fastq
    wildcards: sample=N2
    resources: tmpdir=/tmp


[Fri Dec  6 14:11:36 2024]
rule symlink_reads:
    input: /mnt/seaes01-data01/nixon-microbiome/shared/bioinformatic_toolkit/output_repository/F1_forward_paired.fq, /mnt/seaes01-data01/nixon-microbiome/shared/bioinformatic_toolkit/output_repository/F1_reverse_paired.fq
    output: /mnt/seaes01-data01/nixon-microbiome/shared/bioinformatic_toolkit/output_repository/temp/F1_sym_1.fastq, /mnt/seaes01-data01/nixon-microbiome/shared/bioinformatic_toolkit/output_repository/temp/F1_sym_2.fastq
    jobid: 72
    reason: Missing output files: /mnt/seaes01-data01/nixon-microbiome/shared/bioinformatic_toolkit/output_repository/temp/F1_sym_1.fastq, /mnt/seaes01-data01/nixon-microbiome/shared/bioinformatic_toolkit/output_repository/temp/F1_sym_2.fastq
    wildcards: sample=F1
    resources: tmpdir=/tmp

[Fri Dec  6 14:11:36 2024]
Finished job 82.
1 of 138 steps (1%) done
[Fri Dec  6 14:11:36 2024]
Finished job 108.
2 of 138 steps (1%) done
[Fri Dec  6 14:11:36 2024]
Finished job 101.
3 of 138 steps (2%) done
[Fri Dec  6 14:11:36 2024]
Finished job 110.
4 of 138 steps (3%) done
[Fri Dec  6 14:11:36 2024]
Finished job 103.
5 of 138 steps (4%) done
[Fri Dec  6 14:11:36 2024]
Finished job 88.
6 of 138 steps (4%) done
[Fri Dec  6 14:11:36 2024]
Finished job 109.
7 of 138 steps (5%) done
[Fri Dec  6 14:11:36 2024]
Finished job 102.
8 of 138 steps (6%) done
Select jobs to execute...

[Fri Dec  6 14:11:36 2024]
rule gtdbtk_folder:
    output: /mnt/seaes01-data01/nixon-microbiome/shared/bioinformatic_toolkit/output_repository/N3_gtdbtk_temporary_directory.msh
    jobid: 106
    reason: Missing output files: /mnt/seaes01-data01/nixon-microbiome/shared/bioinformatic_toolkit/output_repository/N3_gtdbtk_temporary_directory.msh
    wildcards: sample=N3
    resources: tmpdir=/tmp


[Fri Dec  6 14:11:36 2024]
rule symlink_reads:
    input: /mnt/seaes01-data01/nixon-microbiome/shared/bioinformatic_toolkit/output_repository/O1_forward_paired.fq, /mnt/seaes01-data01/nixon-microbiome/shared/bioinformatic_toolkit/output_repository/O1_reverse_paired.fq
    output: /mnt/seaes01-data01/nixon-microbiome/shared/bioinformatic_toolkit/output_repository/temp/O1_sym_1.fastq, /mnt/seaes01-data01/nixon-microbiome/shared/bioinformatic_toolkit/output_repository/temp/O1_sym_2.fastq
    jobid: 84
    reason: Missing output files: /mnt/seaes01-data01/nixon-microbiome/shared/bioinformatic_toolkit/output_repository/temp/O1_sym_1.fastq, /mnt/seaes01-data01/nixon-microbiome/shared/bioinformatic_toolkit/output_repository/temp/O1_sym_2.fastq
    wildcards: sample=O1
    resources: tmpdir=/tmp


[Fri Dec  6 14:11:36 2024]
rule gtdbtk_folder:
    output: /mnt/seaes01-data01/nixon-microbiome/shared/bioinformatic_toolkit/output_repository/N2_gtdbtk_temporary_directory.msh
    jobid: 105
    reason: Missing output files: /mnt/seaes01-data01/nixon-microbiome/shared/bioinformatic_toolkit/output_repository/N2_gtdbtk_temporary_directory.msh
    wildcards: sample=N2
    resources: tmpdir=/tmp


[Fri Dec  6 14:11:36 2024]
rule symlink_reads:
    input: /mnt/seaes01-data01/nixon-microbiome/shared/bioinformatic_toolkit/output_repository/O4_forward_paired.fq, /mnt/seaes01-data01/nixon-microbiome/shared/bioinformatic_toolkit/output_repository/O4_reverse_paired.fq
    output: /mnt/seaes01-data01/nixon-microbiome/shared/bioinformatic_toolkit/output_repository/temp/O4_sym_1.fastq, /mnt/seaes01-data01/nixon-microbiome/shared/bioinformatic_toolkit/output_repository/temp/O4_sym_2.fastq
    jobid: 90
    reason: Missing output files: /mnt/seaes01-data01/nixon-microbiome/shared/bioinformatic_toolkit/output_repository/temp/O4_sym_2.fastq, /mnt/seaes01-data01/nixon-microbiome/shared/bioinformatic_toolkit/output_repository/temp/O4_sym_1.fastq
    wildcards: sample=O4
    resources: tmpdir=/tmp


[Fri Dec  6 14:11:36 2024]
rule gtdbtk_folder:
    output: /mnt/seaes01-data01/nixon-microbiome/shared/bioinformatic_toolkit/output_repository/O1_gtdbtk_temporary_directory.msh
    jobid: 107
    reason: Missing output files: /mnt/seaes01-data01/nixon-microbiome/shared/bioinformatic_toolkit/output_repository/O1_gtdbtk_temporary_directory.msh
    wildcards: sample=O1
    resources: tmpdir=/tmp


[Fri Dec  6 14:11:36 2024]
rule symlink_reads:
    input: /mnt/seaes01-data01/nixon-microbiome/shared/bioinformatic_toolkit/output_repository/N1_forward_paired.fq, /mnt/seaes01-data01/nixon-microbiome/shared/bioinformatic_toolkit/output_repository/N1_reverse_paired.fq
    output: /mnt/seaes01-data01/nixon-microbiome/shared/bioinformatic_toolkit/output_repository/temp/N1_sym_1.fastq, /mnt/seaes01-data01/nixon-microbiome/shared/bioinformatic_toolkit/output_repository/temp/N1_sym_2.fastq
    jobid: 78
    reason: Missing output files: /mnt/seaes01-data01/nixon-microbiome/shared/bioinformatic_toolkit/output_repository/temp/N1_sym_2.fastq, /mnt/seaes01-data01/nixon-microbiome/shared/bioinformatic_toolkit/output_repository/temp/N1_sym_1.fastq
    wildcards: sample=N1
    resources: tmpdir=/tmp


[Fri Dec  6 14:11:36 2024]
rule gtdbtk_folder:
    output: /mnt/seaes01-data01/nixon-microbiome/shared/bioinformatic_toolkit/output_repository/N1_gtdbtk_temporary_directory.msh
    jobid: 104
    reason: Missing output files: /mnt/seaes01-data01/nixon-microbiome/shared/bioinformatic_toolkit/output_repository/N1_gtdbtk_temporary_directory.msh
    wildcards: sample=N1
    resources: tmpdir=/tmp

[Fri Dec  6 14:11:36 2024]
Finished job 80.
9 of 138 steps (7%) done
[Fri Dec  6 14:11:36 2024]
Finished job 72.
10 of 138 steps (7%) done
[Fri Dec  6 14:11:36 2024]
Finished job 106.
11 of 138 steps (8%) done
[Fri Dec  6 14:11:36 2024]
Finished job 84.
12 of 138 steps (9%) done
[Fri Dec  6 14:11:36 2024]
Finished job 105.
13 of 138 steps (9%) done
[Fri Dec  6 14:11:36 2024]
Finished job 90.
14 of 138 steps (10%) done
[Fri Dec  6 14:11:37 2024]
Finished job 107.
15 of 138 steps (11%) done
Select jobs to execute...
[Fri Dec  6 14:11:37 2024]
Finished job 78.
16 of 138 steps (12%) done
[Fri Dec  6 14:11:37 2024]
Finished job 104.
17 of 138 steps (12%) done

[Fri Dec  6 14:11:37 2024]
rule spades:
    input: /mnt/seaes01-data01/nixon-microbiome/shared/bioinformatic_toolkit/output_repository/N3_forward_paired.fq, /mnt/seaes01-data01/nixon-microbiome/shared/bioinformatic_toolkit/output_repository/N3_reverse_paired.fq
    output: /mnt/seaes01-data01/nixon-microbiome/shared/bioinformatic_toolkit/output_repository/N3_assembly, /mnt/seaes01-data01/nixon-microbiome/shared/bioinformatic_toolkit/output_repository/N3_assembly/contigs.fasta
    jobid: 26
    reason: Missing output files: /mnt/seaes01-data01/nixon-microbiome/shared/bioinformatic_toolkit/output_repository/N3_assembly/contigs.fasta
    wildcards: sample=N3
    threads: 10
    resources: tmpdir=/tmp

Select jobs to execute...
Activating singularity image /mnt/seaes01-data01/nixon-microbiome/containers/spades/spades-3.15.5.sif
Terminating processes on user request, this might take some time.
[Fri Dec  6 14:11:46 2024]
Error in rule spades:
    jobid: 26
    input: /mnt/seaes01-data01/nixon-microbiome/shared/bioinformatic_toolkit/output_repository/N3_forward_paired.fq, /mnt/seaes01-data01/nixon-microbiome/shared/bioinformatic_toolkit/output_repository/N3_reverse_paired.fq
    output: /mnt/seaes01-data01/nixon-microbiome/shared/bioinformatic_toolkit/output_repository/N3_assembly, /mnt/seaes01-data01/nixon-microbiome/shared/bioinformatic_toolkit/output_repository/N3_assembly/contigs.fasta
    shell:
        
        metaspades.py -m 2000 -1 /mnt/seaes01-data01/nixon-microbiome/shared/bioinformatic_toolkit/output_repository/N3_forward_paired.fq -2 /mnt/seaes01-data01/nixon-microbiome/shared/bioinformatic_toolkit/output_repository/N3_reverse_paired.fq -o /mnt/seaes01-data01/nixon-microbiome/shared/bioinformatic_toolkit/output_repository/N3_assembly -t 10
        
        (one of the commands exited with non-zero exit code; note that snakemake uses bash strict mode!)

Complete log: .snakemake/log/2024-12-06T141134.998142.snakemake.log
