Config file config.yaml is extended by additional config specified via the command line.
Config file config.yaml is extended by additional config specified via the command line.
Config file config.yaml is extended by additional config specified via the command line.
Building DAG of jobs...
Using shell: /bin/bash
Provided cores: 10
Rules claiming more threads will be scaled down.
Job stats:
job               count    min threads    max threads
--------------  -------  -------------  -------------
all                   1              1              1
bin_refinement        2             10             10
coverm                2             10             10
fastqc                1             10             10
gtdbtk                2             10             10
gtdbtk_folder         2              1              1
metaquast             1             10             10
metawrap_bin          2             10             10
prokka                1             10             10
symlink_reads         2              1              1
total                16              1             10

Select jobs to execute...

[Fri Nov 22 10:39:15 2024]
rule fastqc:
    input: /mnt/seaes01-data01/nixon-microbiome/shared/bioinformatic_toolkit/output_repository_test/SRR2239652_forward_paired.fq, /mnt/seaes01-data01/nixon-microbiome/shared/bioinformatic_toolkit/output_repository_test/SRR2239652_reverse_paired.fq
    output: /mnt/seaes01-data01/nixon-microbiome/shared/bioinformatic_toolkit/output_repository_test/SRR2239652_fastqc
    jobid: 3
    reason: Missing output files: /mnt/seaes01-data01/nixon-microbiome/shared/bioinformatic_toolkit/output_repository_test/SRR2239652_fastqc
    wildcards: sample=SRR2239652
    threads: 10
    resources: tmpdir=/tmp/5281164.1.parallel.q

Activating singularity image /mnt/seaes01-data01/nixon-microbiome/containers/fastqc/fastqc-0.11.9.sif
[Fri Nov 22 10:40:01 2024]
Finished job 3.
1 of 16 steps (6%) done
Select jobs to execute...

[Fri Nov 22 10:40:01 2024]
rule prokka:
    input: /mnt/seaes01-data01/nixon-microbiome/shared/bioinformatic_toolkit/output_repository_test/SRR6429754_assembly/contigs.fasta
    output: /mnt/seaes01-data01/nixon-microbiome/shared/bioinformatic_toolkit/output_repository_test/SRR6429754_prokka, /mnt/seaes01-data01/nixon-microbiome/shared/bioinformatic_toolkit/output_repository_test/SRR6429754_prokka/SRR6429754_annotated.gff, /mnt/seaes01-data01/nixon-microbiome/shared/bioinformatic_toolkit/output_repository_test/SRR6429754_prokka/SRR6429754_annotated.tsv, /mnt/seaes01-data01/nixon-microbiome/shared/bioinformatic_toolkit/output_repository_test/SRR6429754_prokka/SRR6429754_annotated.faa
    jobid: 8
    reason: Missing output files: /mnt/seaes01-data01/nixon-microbiome/shared/bioinformatic_toolkit/output_repository_test/SRR6429754_prokka/SRR6429754_annotated.gff, /mnt/seaes01-data01/nixon-microbiome/shared/bioinformatic_toolkit/output_repository_test/SRR6429754_prokka/SRR6429754_annotated.tsv, /mnt/seaes01-data01/nixon-microbiome/shared/bioinformatic_toolkit/output_repository_test/SRR6429754_prokka/SRR6429754_annotated.faa
    wildcards: sample=SRR6429754
    threads: 10
    resources: tmpdir=/tmp/5281164.1.parallel.q

Activating singularity image /mnt/seaes01-data01/nixon-microbiome/containers/prokka/prokka-1.14.6.sif
[Fri Nov 22 11:11:31 2024]
Finished job 8.
2 of 16 steps (12%) done
Select jobs to execute...

[Fri Nov 22 11:11:31 2024]
rule metaquast:
    input: /mnt/seaes01-data01/nixon-microbiome/shared/bioinformatic_toolkit/output_repository_test/SRR6429754_assembly/contigs.fasta
    output: /mnt/seaes01-data01/nixon-microbiome/shared/bioinformatic_toolkit/output_repository_test/SRR6429754_quast_report
    jobid: 10
    reason: Missing output files: /mnt/seaes01-data01/nixon-microbiome/shared/bioinformatic_toolkit/output_repository_test/SRR6429754_quast_report
    wildcards: sample=SRR6429754
    threads: 10
    resources: tmpdir=/tmp/5281164.1.parallel.q

Activating singularity image /mnt/seaes01-data01/nixon-microbiome/containers/quast/quast-5.2.0.sif
[Fri Nov 22 11:14:46 2024]
Error in rule metaquast:
    jobid: 10
    input: /mnt/seaes01-data01/nixon-microbiome/shared/bioinformatic_toolkit/output_repository_test/SRR6429754_assembly/contigs.fasta
    output: /mnt/seaes01-data01/nixon-microbiome/shared/bioinformatic_toolkit/output_repository_test/SRR6429754_quast_report
    shell:
        
        metaquast.py --threads 10 -o /mnt/seaes01-data01/nixon-microbiome/shared/bioinformatic_toolkit/output_repository_test/SRR6429754_quast_report /mnt/seaes01-data01/nixon-microbiome/shared/bioinformatic_toolkit/output_repository_test/SRR6429754_assembly/contigs.fasta
        
        (one of the commands exited with non-zero exit code; note that snakemake uses bash strict mode!)

Removing output files of failed job metaquast since they might be corrupted:
/mnt/seaes01-data01/nixon-microbiome/shared/bioinformatic_toolkit/output_repository_test/SRR6429754_quast_report
Shutting down, this might take some time.
Exiting because a job execution failed. Look above for error message
Complete log: .snakemake/log/2024-11-22T103901.877777.snakemake.log
