host: nixonlabsrv
Building DAG of jobs...
Using shell: /usr/bin/bash
Provided cores: 64
Rules claiming more threads will be scaled down.
Singularity containers: ignored
Job stats:
job       count
------  -------
all           1
prokka        2
total         3

Select jobs to execute...
Execute 2 jobs...

[Mon Nov 11 15:59:43 2024]
localrule prokka:
    input: /mnt/seaes01-data01/nixon-microbiome/shared/bioinformatic_toolkit/output_repository/SRR2239652_assembly/contigs.fasta
    output: /mnt/seaes01-data01/nixon-microbiome/shared/bioinformatic_toolkit/output_repository/SRR2239652_prokka/SRR2239652_annotated.gff, /mnt/seaes01-data01/nixon-microbiome/shared/bioinformatic_toolkit/output_repository/SRR2239652_prokka/SRR2239652_annotated.tsv, /mnt/seaes01-data01/nixon-microbiome/shared/bioinformatic_toolkit/output_repository/SRR2239652_prokka/SRR2239652_annotated.faa
    jobid: 7
    reason: Missing output files: /mnt/seaes01-data01/nixon-microbiome/shared/bioinformatic_toolkit/output_repository/SRR2239652_prokka/SRR2239652_annotated.gff, /mnt/seaes01-data01/nixon-microbiome/shared/bioinformatic_toolkit/output_repository/SRR2239652_prokka/SRR2239652_annotated.tsv, /mnt/seaes01-data01/nixon-microbiome/shared/bioinformatic_toolkit/output_repository/SRR2239652_prokka/SRR2239652_annotated.faa
    wildcards: sample=SRR2239652
    threads: 20
    resources: tmpdir=/tmp


[Mon Nov 11 15:59:43 2024]
localrule prokka:
    input: /mnt/seaes01-data01/nixon-microbiome/shared/bioinformatic_toolkit/output_repository/SRR6429754_assembly/contigs.fasta
    output: /mnt/seaes01-data01/nixon-microbiome/shared/bioinformatic_toolkit/output_repository/SRR6429754_prokka/SRR6429754_annotated.gff, /mnt/seaes01-data01/nixon-microbiome/shared/bioinformatic_toolkit/output_repository/SRR6429754_prokka/SRR6429754_annotated.tsv, /mnt/seaes01-data01/nixon-microbiome/shared/bioinformatic_toolkit/output_repository/SRR6429754_prokka/SRR6429754_annotated.faa
    jobid: 8
    reason: Missing output files: /mnt/seaes01-data01/nixon-microbiome/shared/bioinformatic_toolkit/output_repository/SRR6429754_prokka/SRR6429754_annotated.gff, /mnt/seaes01-data01/nixon-microbiome/shared/bioinformatic_toolkit/output_repository/SRR6429754_prokka/SRR6429754_annotated.tsv, /mnt/seaes01-data01/nixon-microbiome/shared/bioinformatic_toolkit/output_repository/SRR6429754_prokka/SRR6429754_annotated.faa
    wildcards: sample=SRR6429754
    threads: 20
    resources: tmpdir=/tmp
[Mon Nov 11 15:59:43 2024]

Error in rule prokka:
    jobid: 7
    input: /mnt/seaes01-data01/nixon-microbiome/shared/bioinformatic_toolkit/output_repository/SRR2239652_assembly/contigs.fasta
    output: /mnt/seaes01-data01/nixon-microbiome/shared/bioinformatic_toolkit/output_repository/SRR2239652_prokka/SRR2239652_annotated.gff, /mnt/seaes01-data01/nixon-microbiome/shared/bioinformatic_toolkit/output_repository/SRR2239652_prokka/SRR2239652_annotated.tsv, /mnt/seaes01-data01/nixon-microbiome/shared/bioinformatic_toolkit/output_repository/SRR2239652_prokka/SRR2239652_annotated.faa
    shell:
        
        prokka --outdir SRR2239652_prokka                --prefix SRR2239652_annotated                --force --centre X --compliant --cpus 20 --metagenome /mnt/seaes01-data01/nixon-microbiome/shared/bioinformatic_toolkit/output_repository/SRR2239652_assembly/contigs.fasta
        
        (one of the commands exited with non-zero exit code; note that snakemake uses bash strict mode!)

[Mon Nov 11 15:59:44 2024]
Error in rule prokka:
    jobid: 8
    input: /mnt/seaes01-data01/nixon-microbiome/shared/bioinformatic_toolkit/output_repository/SRR6429754_assembly/contigs.fasta
    output: /mnt/seaes01-data01/nixon-microbiome/shared/bioinformatic_toolkit/output_repository/SRR6429754_prokka/SRR6429754_annotated.gff, /mnt/seaes01-data01/nixon-microbiome/shared/bioinformatic_toolkit/output_repository/SRR6429754_prokka/SRR6429754_annotated.tsv, /mnt/seaes01-data01/nixon-microbiome/shared/bioinformatic_toolkit/output_repository/SRR6429754_prokka/SRR6429754_annotated.faa
    shell:
        
        prokka --outdir SRR6429754_prokka                --prefix SRR6429754_annotated                --force --centre X --compliant --cpus 20 --metagenome /mnt/seaes01-data01/nixon-microbiome/shared/bioinformatic_toolkit/output_repository/SRR6429754_assembly/contigs.fasta
        
        (one of the commands exited with non-zero exit code; note that snakemake uses bash strict mode!)

Shutting down, this might take some time.
Exiting because a job execution failed. Look above for error message
Complete log: .snakemake/log/2024-11-11T155943.756032.snakemake.log
WorkflowError:
At least one job did not complete successfully.
