Config file config.yaml is extended by additional config specified via the command line.
Config file config.yaml is extended by additional config specified via the command line.
Config file config.yaml is extended by additional config specified via the command line.
The flag 'directory' used in rule gtdbtk is only valid for outputs, not inputs.
Config file config.yaml is extended by additional config specified via the command line.
Config file config.yaml is extended by additional config specified via the command line.
Building DAG of jobs...
Using shell: /usr/bin/bash
Provided cores: 20
Rules claiming more threads will be scaled down.
Job stats:
job                       count    min threads    max threads
----------------------  -------  -------------  -------------
all                           1              1              1
bowtie_mapping                1             20             20
htseq                         2             20             20
kofam_summary_table           2             20             20
merge_tpm_annotations         2             20             20
picard_mark_duplicates        1             20             20
tpm_table                     2             20             20
total                        11              1             20

Select jobs to execute...

[Mon Nov 18 14:05:50 2024]
rule bowtie_mapping:
    input: /mnt/seaes01-data01/nixon-microbiome/shared/bioinformatic_toolkit/output_repository/SRR2239652_filtered_contigs.fa, /mnt/seaes01-data01/nixon-microbiome/shared/bioinformatic_toolkit/output_repository/SRR2239652_forward_paired.fq, /mnt/seaes01-data01/nixon-microbiome/shared/bioinformatic_toolkit/output_repository/SRR2239652_reverse_paired.fq
    output: /mnt/seaes01-data01/nixon-microbiome/shared/bioinformatic_toolkit/output_repository/SRR2239652_filtered_contigs.map.sorted.bam
    log: /mnt/seaes01-data01/nixon-microbiome/shared/bioinformatic_toolkit/output_repository/logs/bowtie/SRR2239652.log
    jobid: 36
    reason: Missing output files: /mnt/seaes01-data01/nixon-microbiome/shared/bioinformatic_toolkit/output_repository/SRR2239652_filtered_contigs.map.sorted.bam
    wildcards: sample=SRR2239652
    threads: 20
    resources: tmpdir=/tmp

RuleException in rule bowtie_mapping  in line 43 of /mnt/seaes01-data01/nixon-microbiome/shared/bioinformatic_toolkit/tpm.smk:
AttributeError: 'InputFiles' object has no attribute 'scaffolds', when formatting the following:

        bowtie2-build {input.scaffolds} {input.filtered}
        bowtie2 -p {threads} -x {input.filtered} -1 {input.fwd} -2 {input.rev}                 | samtools sort -o {output.bam} -O bam -T {wildcards.sample}_temp 2> {log.bowtie_log}
        
