Config file config.yaml is extended by additional config specified via the command line.
Config file config.yaml is extended by additional config specified via the command line.
Config file config.yaml is extended by additional config specified via the command line.
Building DAG of jobs...
Using shell: /usr/bin/bash
Provided cores: 20
Rules claiming more threads will be scaled down.
Job stats:
job               count    min threads    max threads
--------------  -------  -------------  -------------
all                   1              1              1
bin_refinement        2             20             20
coverm                2             20             20
gtdbtk                2             20             20
metawrap_bin          1             20             20
total                 8              1             20

Select jobs to execute...

[Thu Nov 14 11:13:53 2024]
rule metawrap_bin:
    input: /mnt/seaes01-data01/nixon-microbiome/shared/bioinformatic_toolkit/output_repository/SRR6429754_assembly/contigs.fasta, /mnt/seaes01-data01/nixon-microbiome/shared/bioinformatic_toolkit/output_repository/temp/SRR6429754_sym_1.fastq, /mnt/seaes01-data01/nixon-microbiome/shared/bioinformatic_toolkit/output_repository/temp/SRR6429754_sym_2.fastq
    output: /mnt/seaes01-data01/nixon-microbiome/shared/bioinformatic_toolkit/output_repository/SRR6429754_mags_bins, /mnt/seaes01-data01/nixon-microbiome/shared/bioinformatic_toolkit/output_repository/SRR6429754_mags_bins/concoct_bins, /mnt/seaes01-data01/nixon-microbiome/shared/bioinformatic_toolkit/output_repository/SRR6429754_mags_bins/maxbin2_bins, /mnt/seaes01-data01/nixon-microbiome/shared/bioinformatic_toolkit/output_repository/SRR6429754_mags_bins/metabat2_bins
    jobid: 13
    reason: Missing output files: /mnt/seaes01-data01/nixon-microbiome/shared/bioinformatic_toolkit/output_repository/SRR6429754_mags_bins/maxbin2_bins, /mnt/seaes01-data01/nixon-microbiome/shared/bioinformatic_toolkit/output_repository/SRR6429754_mags_bins/metabat2_bins, /mnt/seaes01-data01/nixon-microbiome/shared/bioinformatic_toolkit/output_repository/SRR6429754_mags_bins/concoct_bins
    wildcards: sample=SRR6429754
    threads: 20
    resources: tmpdir=/tmp

Activating singularity image /mnt/seaes01-data01/nixon-microbiome/containers/metawrap/metawrap-mg_1.3.2.sif
[Thu Nov 14 11:21:03 2024]
Finished job 13.
1 of 8 steps (12%) done
Removing temporary output /mnt/seaes01-data01/nixon-microbiome/shared/bioinformatic_toolkit/output_repository/temp/SRR6429754_sym_1.fastq.
Removing temporary output /mnt/seaes01-data01/nixon-microbiome/shared/bioinformatic_toolkit/output_repository/temp/SRR6429754_sym_2.fastq.
Select jobs to execute...

[Thu Nov 14 11:21:04 2024]
rule bin_refinement:
    input: /mnt/seaes01-data01/nixon-microbiome/shared/bioinformatic_toolkit/output_repository/SRR6429754_mags_bins/concoct_bins, /mnt/seaes01-data01/nixon-microbiome/shared/bioinformatic_toolkit/output_repository/SRR6429754_mags_bins/maxbin2_bins, /mnt/seaes01-data01/nixon-microbiome/shared/bioinformatic_toolkit/output_repository/SRR6429754_mags_bins/metabat2_bins
    output: /mnt/seaes01-data01/nixon-microbiome/shared/bioinformatic_toolkit/output_repository/SRR6429754_refined_mag_directory
    jobid: 16
    reason: Missing output files: /mnt/seaes01-data01/nixon-microbiome/shared/bioinformatic_toolkit/output_repository/SRR6429754_refined_mag_directory; Input files updated by another job: /mnt/seaes01-data01/nixon-microbiome/shared/bioinformatic_toolkit/output_repository/SRR6429754_mags_bins/maxbin2_bins, /mnt/seaes01-data01/nixon-microbiome/shared/bioinformatic_toolkit/output_repository/SRR6429754_mags_bins/metabat2_bins, /mnt/seaes01-data01/nixon-microbiome/shared/bioinformatic_toolkit/output_repository/SRR6429754_mags_bins/concoct_bins
    wildcards: sample=SRR6429754
    threads: 20
    resources: tmpdir=/tmp

Activating singularity image /mnt/seaes01-data01/nixon-microbiome/containers/metawrap/metawrap-mg_1.3.2.sif
[Thu Nov 14 11:23:02 2024]
Error in rule bin_refinement:
    jobid: 16
    input: /mnt/seaes01-data01/nixon-microbiome/shared/bioinformatic_toolkit/output_repository/SRR6429754_mags_bins/concoct_bins, /mnt/seaes01-data01/nixon-microbiome/shared/bioinformatic_toolkit/output_repository/SRR6429754_mags_bins/maxbin2_bins, /mnt/seaes01-data01/nixon-microbiome/shared/bioinformatic_toolkit/output_repository/SRR6429754_mags_bins/metabat2_bins
    output: /mnt/seaes01-data01/nixon-microbiome/shared/bioinformatic_toolkit/output_repository/SRR6429754_refined_mag_directory
    shell:
        
        metawrap bin_refinement -o /mnt/seaes01-data01/nixon-microbiome/shared/bioinformatic_toolkit/output_repository/SRR6429754_refined_mag_directory -t 20 -A /mnt/seaes01-data01/nixon-microbiome/shared/bioinformatic_toolkit/output_repository/SRR6429754_mags_bins/concoct_bins -B /mnt/seaes01-data01/nixon-microbiome/shared/bioinformatic_toolkit/output_repository/SRR6429754_mags_bins/maxbin2_bins -C /mnt/seaes01-data01/nixon-microbiome/shared/bioinformatic_toolkit/output_repository/SRR6429754_mags_bins/metabat2_bins -c 50 -x 10
        
        (one of the commands exited with non-zero exit code; note that snakemake uses bash strict mode!)

Removing output files of failed job bin_refinement since they might be corrupted:
/mnt/seaes01-data01/nixon-microbiome/shared/bioinformatic_toolkit/output_repository/SRR6429754_refined_mag_directory
Shutting down, this might take some time.
Exiting because a job execution failed. Look above for error message
Complete log: .snakemake/log/2024-11-14T111352.616501.snakemake.log
