Config file config.yaml is extended by additional config specified via the command line.
Config file config.yaml is extended by additional config specified via the command line.
Config file config.yaml is extended by additional config specified via the command line.
Building DAG of jobs...
Using shell: /usr/bin/bash
Provided cores: 20
Rules claiming more threads will be scaled down.
Job stats:
job                   count    min threads    max threads
------------------  -------  -------------  -------------
all                       1              1              1
cut                       5             20             20
fastqc                    1             20             20
filter_seq_contigs       10             20             20
kaiju_table_Class         2             20             20
kaiju_table_Genus         2             20             20
megahit                   5             20             20
metaquast                 7             20             20
prokka                   10             20             20
total                    43              1             20

Select jobs to execute...

[Wed Dec 11 09:56:10 2024]
rule kaiju_table_Genus:
    input: /mnt/seaes01-data01/nixon-microbiome/shared/bioinformatic_toolkit/output_repository/O2_kaiju_refseq
    output: /mnt/seaes01-data01/nixon-microbiome/shared/bioinformatic_toolkit/output_repository/O2_GENUS_kaiju.table
    jobid: 98
    reason: Missing output files: /mnt/seaes01-data01/nixon-microbiome/shared/bioinformatic_toolkit/output_repository/O2_GENUS_kaiju.table
    wildcards: sample=O2
    threads: 20
    resources: tmpdir=/tmp

Activating singularity image /mnt/seaes01-data01/nixon-microbiome/containers/kaiju/kaiju-1.9.0.sif
[Wed Dec 11 09:56:36 2024]
Finished job 98.
1 of 43 steps (2%) done
Select jobs to execute...

[Wed Dec 11 09:56:36 2024]
rule filter_seq_contigs:
    input: /mnt/seaes01-data01/nixon-microbiome/shared/bioinformatic_toolkit/output_repository/N3_contigs_IDs_trimmed.fasta
    output: /mnt/seaes01-data01/nixon-microbiome/shared/bioinformatic_toolkit/output_repository/N3_contigs_filtered.fa
    jobid: 47
    reason: Code has changed since last execution
    wildcards: sample=N3
    threads: 20
    resources: tmpdir=/tmp

[Wed Dec 11 09:56:40 2024]
Finished job 47.
2 of 43 steps (5%) done
Select jobs to execute...

[Wed Dec 11 09:56:40 2024]
rule metaquast:
    input: /mnt/seaes01-data01/nixon-microbiome/shared/bioinformatic_toolkit/output_repository/N3_assembly/contigs.fasta
    output: /mnt/seaes01-data01/nixon-microbiome/shared/bioinformatic_toolkit/output_repository/N3_quast_report
    log: /mnt/seaes01-data01/nixon-microbiome/shared/bioinformatic_toolkit/output_repository/N3_quast.log
    jobid: 66
    reason: Missing output files: /mnt/seaes01-data01/nixon-microbiome/shared/bioinformatic_toolkit/output_repository/N3_quast_report
    wildcards: sample=N3
    threads: 20
    resources: tmpdir=/tmp

Activating singularity image /mnt/seaes01-data01/nixon-microbiome/containers/quast/quast-5.2.0.sif
[Wed Dec 11 09:57:38 2024]
Finished job 66.
3 of 43 steps (7%) done
Select jobs to execute...

[Wed Dec 11 09:57:39 2024]
rule prokka:
    input: /mnt/seaes01-data01/nixon-microbiome/shared/bioinformatic_toolkit/output_repository/N3_contigs_filtered.fa
    output: /mnt/seaes01-data01/nixon-microbiome/shared/bioinformatic_toolkit/output_repository/N3_prokka, /mnt/seaes01-data01/nixon-microbiome/shared/bioinformatic_toolkit/output_repository/N3_prokka/N3_annotated.gff, /mnt/seaes01-data01/nixon-microbiome/shared/bioinformatic_toolkit/output_repository/N3_prokka/N3_annotated.tsv, /mnt/seaes01-data01/nixon-microbiome/shared/bioinformatic_toolkit/output_repository/N3_prokka/N3_annotated.faa
    jobid: 46
    reason: Input files updated by another job: /mnt/seaes01-data01/nixon-microbiome/shared/bioinformatic_toolkit/output_repository/N3_contigs_filtered.fa
    wildcards: sample=N3
    threads: 20
    resources: tmpdir=/tmp

Activating singularity image /mnt/seaes01-data01/nixon-microbiome/containers/prokka/prokka-1.14.6.sif
Terminating processes on user request, this might take some time.
Cancelling snakemake on user request.
