Config file config.yaml is extended by additional config specified via the command line.
Config file config.yaml is extended by additional config specified via the command line.
Config file config.yaml is extended by additional config specified via the command line.
Building DAG of jobs...
Using shell: /usr/bin/bash
Provided cores: 20
Rules claiming more threads will be scaled down.
Job stats:
job                   count    min threads    max threads
------------------  -------  -------------  -------------
all                       1              1              1
cut                       8             15             15
fastqc                    3             15             15
filter_seq_contigs        9             15             15
kaiju_refseq              2             15             15
kaiju_table_Class         4             15             15
kaiju_table_Genus         3             15             15
megahit                   5             15             15
metaquast                 9             15             15
prokka                   10             15             15
trimmomatic               2             15             15
total                    56              1             15

Select jobs to execute...

[Tue Dec 10 21:43:42 2024]
rule metaquast:
    input: /mnt/seaes01-data01/nixon-microbiome/shared/bioinformatic_toolkit/output_repository/O1_assembly/contigs.fasta
    output: /mnt/seaes01-data01/nixon-microbiome/shared/bioinformatic_toolkit/output_repository/O1_quast_report
    log: /mnt/seaes01-data01/nixon-microbiome/shared/bioinformatic_toolkit/output_repository/O1_quast.log
    jobid: 67
    reason: Missing output files: /mnt/seaes01-data01/nixon-microbiome/shared/bioinformatic_toolkit/output_repository/O1_quast_report
    wildcards: sample=O1
    threads: 15
    resources: tmpdir=/tmp

Activating singularity image /mnt/seaes01-data01/nixon-microbiome/containers/quast/quast-5.2.0.sif
[Tue Dec 10 21:46:06 2024]
Finished job 67.
1 of 56 steps (2%) done
Select jobs to execute...

[Tue Dec 10 21:46:06 2024]
rule trimmomatic:
    input: /mnt/seaes01-data01/nixon-microbiome/shared/bioinformatic_toolkit/symlink_staging/O2_1.fastq.gz, /mnt/seaes01-data01/nixon-microbiome/shared/bioinformatic_toolkit/symlink_staging/O2_2.fastq.gz
    output: /mnt/seaes01-data01/nixon-microbiome/shared/bioinformatic_toolkit/output_repository/O2_forward_paired.fq, /mnt/seaes01-data01/nixon-microbiome/shared/bioinformatic_toolkit/output_repository/O2_forward_unpaired.fq, /mnt/seaes01-data01/nixon-microbiome/shared/bioinformatic_toolkit/output_repository/O2_reverse_paired.fq, /mnt/seaes01-data01/nixon-microbiome/shared/bioinformatic_toolkit/output_repository/O2_reverse_unpaired.fq
    log: /mnt/seaes01-data01/nixon-microbiome/shared/bioinformatic_toolkit/output_repository/O2_trimmomatic.log
    jobid: 8
    reason: Forced execution
    wildcards: sample=O2
    threads: 15
    resources: tmpdir=/tmp

Activating singularity image /mnt/seaes01-data01/nixon-microbiome/containers/trimmomatic/trimmomatic-0.39.sif
[Tue Dec 10 21:52:46 2024]
Finished job 8.
2 of 56 steps (4%) done
Select jobs to execute...

[Tue Dec 10 21:52:46 2024]
rule metaquast:
    input: /mnt/seaes01-data01/nixon-microbiome/shared/bioinformatic_toolkit/output_repository/N1_assembly/contigs.fasta
    output: /mnt/seaes01-data01/nixon-microbiome/shared/bioinformatic_toolkit/output_repository/N1_quast_report
    log: /mnt/seaes01-data01/nixon-microbiome/shared/bioinformatic_toolkit/output_repository/N1_quast.log
    jobid: 64
    reason: Missing output files: /mnt/seaes01-data01/nixon-microbiome/shared/bioinformatic_toolkit/output_repository/N1_quast_report
    wildcards: sample=N1
    threads: 15
    resources: tmpdir=/tmp

Activating singularity image /mnt/seaes01-data01/nixon-microbiome/containers/quast/quast-5.2.0.sif
[Tue Dec 10 21:55:17 2024]
Finished job 64.
3 of 56 steps (5%) done
Select jobs to execute...

[Tue Dec 10 21:55:17 2024]
rule cut:
    input: /mnt/seaes01-data01/nixon-microbiome/shared/bioinformatic_toolkit/output_repository/N2_assembly/contigs.fasta
    output: /mnt/seaes01-data01/nixon-microbiome/shared/bioinformatic_toolkit/output_repository/N2_contigs_IDs_trimmed.fasta
    jobid: 45
    reason: Missing output files: /mnt/seaes01-data01/nixon-microbiome/shared/bioinformatic_toolkit/output_repository/N2_contigs_IDs_trimmed.fasta
    wildcards: sample=N2
    threads: 15
    resources: tmpdir=/tmp

[Tue Dec 10 21:55:35 2024]
Finished job 45.
4 of 56 steps (7%) done
Select jobs to execute...

[Tue Dec 10 21:55:35 2024]
rule fastqc:
    input: /mnt/seaes01-data01/nixon-microbiome/shared/bioinformatic_toolkit/output_repository/O2_forward_paired.fq, /mnt/seaes01-data01/nixon-microbiome/shared/bioinformatic_toolkit/output_repository/O2_reverse_paired.fq
    output: /mnt/seaes01-data01/nixon-microbiome/shared/bioinformatic_toolkit/output_repository/O2_fastqc
    jobid: 18
    reason: Missing output files: /mnt/seaes01-data01/nixon-microbiome/shared/bioinformatic_toolkit/output_repository/O2_fastqc; Input files updated by another job: /mnt/seaes01-data01/nixon-microbiome/shared/bioinformatic_toolkit/output_repository/O2_reverse_paired.fq, /mnt/seaes01-data01/nixon-microbiome/shared/bioinformatic_toolkit/output_repository/O2_forward_paired.fq
    wildcards: sample=O2
    threads: 15
    resources: tmpdir=/tmp

Activating singularity image /mnt/seaes01-data01/nixon-microbiome/containers/fastqc/fastqc-0.11.9.sif
[Tue Dec 10 22:02:04 2024]
Finished job 18.
5 of 56 steps (9%) done
Select jobs to execute...

[Tue Dec 10 22:02:04 2024]
rule cut:
    input: /mnt/seaes01-data01/nixon-microbiome/shared/bioinformatic_toolkit/output_repository/N1_assembly/contigs.fasta
    output: /mnt/seaes01-data01/nixon-microbiome/shared/bioinformatic_toolkit/output_repository/N1_contigs_IDs_trimmed.fasta
    jobid: 42
    reason: Missing output files: /mnt/seaes01-data01/nixon-microbiome/shared/bioinformatic_toolkit/output_repository/N1_contigs_IDs_trimmed.fasta
    wildcards: sample=N1
    threads: 15
    resources: tmpdir=/tmp

[Tue Dec 10 22:02:20 2024]
Finished job 42.
6 of 56 steps (11%) done
Select jobs to execute...

[Tue Dec 10 22:02:20 2024]
rule filter_seq_contigs:
    input: /mnt/seaes01-data01/nixon-microbiome/shared/bioinformatic_toolkit/output_repository/N1_contigs_IDs_trimmed.fasta
    output: /mnt/seaes01-data01/nixon-microbiome/shared/bioinformatic_toolkit/output_repository/N1_contigs_filtered.fa
    jobid: 41
    reason: Missing output files: /mnt/seaes01-data01/nixon-microbiome/shared/bioinformatic_toolkit/output_repository/N1_contigs_filtered.fa; Input files updated by another job: /mnt/seaes01-data01/nixon-microbiome/shared/bioinformatic_toolkit/output_repository/N1_contigs_IDs_trimmed.fasta
    wildcards: sample=N1
    threads: 15
    resources: tmpdir=/tmp

[Tue Dec 10 22:02:41 2024]
Finished job 41.
7 of 56 steps (12%) done
Select jobs to execute...

[Tue Dec 10 22:02:42 2024]
rule trimmomatic:
    input: /mnt/seaes01-data01/nixon-microbiome/shared/bioinformatic_toolkit/symlink_staging/F3_1.fastq.gz, /mnt/seaes01-data01/nixon-microbiome/shared/bioinformatic_toolkit/symlink_staging/F3_2.fastq.gz
    output: /mnt/seaes01-data01/nixon-microbiome/shared/bioinformatic_toolkit/output_repository/F3_forward_paired.fq, /mnt/seaes01-data01/nixon-microbiome/shared/bioinformatic_toolkit/output_repository/F3_forward_unpaired.fq, /mnt/seaes01-data01/nixon-microbiome/shared/bioinformatic_toolkit/output_repository/F3_reverse_paired.fq, /mnt/seaes01-data01/nixon-microbiome/shared/bioinformatic_toolkit/output_repository/F3_reverse_unpaired.fq
    log: /mnt/seaes01-data01/nixon-microbiome/shared/bioinformatic_toolkit/output_repository/F3_trimmomatic.log
    jobid: 3
    reason: Missing output files: /mnt/seaes01-data01/nixon-microbiome/shared/bioinformatic_toolkit/output_repository/F3_forward_paired.fq, /mnt/seaes01-data01/nixon-microbiome/shared/bioinformatic_toolkit/output_repository/F3_reverse_paired.fq
    wildcards: sample=F3
    threads: 15
    resources: tmpdir=/tmp

Activating singularity image /mnt/seaes01-data01/nixon-microbiome/containers/trimmomatic/trimmomatic-0.39.sif
[Tue Dec 10 22:09:02 2024]
Finished job 3.
8 of 56 steps (14%) done
Select jobs to execute...

[Tue Dec 10 22:09:03 2024]
rule kaiju_refseq:
    input: /mnt/seaes01-data01/nixon-microbiome/shared/bioinformatic_toolkit/output_repository/F3_forward_paired.fq, /mnt/seaes01-data01/nixon-microbiome/shared/bioinformatic_toolkit/output_repository/F3_reverse_paired.fq
    output: /mnt/seaes01-data01/nixon-microbiome/shared/bioinformatic_toolkit/output_repository/F3_kaiju_refseq
    jobid: 76
    reason: Missing output files: /mnt/seaes01-data01/nixon-microbiome/shared/bioinformatic_toolkit/output_repository/F3_kaiju_refseq; Input files updated by another job: /mnt/seaes01-data01/nixon-microbiome/shared/bioinformatic_toolkit/output_repository/F3_forward_paired.fq, /mnt/seaes01-data01/nixon-microbiome/shared/bioinformatic_toolkit/output_repository/F3_reverse_paired.fq
    wildcards: sample=F3
    threads: 15
    resources: tmpdir=/tmp

Activating singularity image /mnt/seaes01-data01/nixon-microbiome/containers/kaiju/kaiju-1.9.0.sif
[Tue Dec 10 22:56:38 2024]
Finished job 76.
9 of 56 steps (16%) done
Select jobs to execute...

[Tue Dec 10 22:56:38 2024]
rule prokka:
    input: /mnt/seaes01-data01/nixon-microbiome/shared/bioinformatic_toolkit/output_repository/N3_contigs_filtered.fa
    output: /mnt/seaes01-data01/nixon-microbiome/shared/bioinformatic_toolkit/output_repository/N3_prokka, /mnt/seaes01-data01/nixon-microbiome/shared/bioinformatic_toolkit/output_repository/N3_prokka/N3_annotated.gff, /mnt/seaes01-data01/nixon-microbiome/shared/bioinformatic_toolkit/output_repository/N3_prokka/N3_annotated.tsv, /mnt/seaes01-data01/nixon-microbiome/shared/bioinformatic_toolkit/output_repository/N3_prokka/N3_annotated.faa
    jobid: 46
    reason: Forced execution
    wildcards: sample=N3
    threads: 15
    resources: tmpdir=/tmp

Activating singularity image /mnt/seaes01-data01/nixon-microbiome/containers/prokka/prokka-1.14.6.sif
[Wed Dec 11 07:09:56 2024]
Finished job 46.
10 of 56 steps (18%) done
Select jobs to execute...

[Wed Dec 11 07:09:56 2024]
rule kaiju_table_Genus:
    input: /mnt/seaes01-data01/nixon-microbiome/shared/bioinformatic_toolkit/output_repository/F2_kaiju_refseq
    output: /mnt/seaes01-data01/nixon-microbiome/shared/bioinformatic_toolkit/output_repository/F2_GENUS_kaiju.table
    jobid: 92
    reason: Missing output files: /mnt/seaes01-data01/nixon-microbiome/shared/bioinformatic_toolkit/output_repository/F2_GENUS_kaiju.table
    wildcards: sample=F2
    threads: 15
    resources: tmpdir=/tmp

Activating singularity image /mnt/seaes01-data01/nixon-microbiome/containers/kaiju/kaiju-1.9.0.sif
[Wed Dec 11 07:10:20 2024]
Finished job 92.
11 of 56 steps (20%) done
Select jobs to execute...

[Wed Dec 11 07:10:20 2024]
rule kaiju_table_Class:
    input: /mnt/seaes01-data01/nixon-microbiome/shared/bioinformatic_toolkit/output_repository/F3_kaiju_refseq
    output: /mnt/seaes01-data01/nixon-microbiome/shared/bioinformatic_toolkit/output_repository/F3_CLASS_kaiju.table
    jobid: 75
    reason: Missing output files: /mnt/seaes01-data01/nixon-microbiome/shared/bioinformatic_toolkit/output_repository/F3_CLASS_kaiju.table; Input files updated by another job: /mnt/seaes01-data01/nixon-microbiome/shared/bioinformatic_toolkit/output_repository/F3_kaiju_refseq
    wildcards: sample=F3
    threads: 15
    resources: tmpdir=/tmp

Activating singularity image /mnt/seaes01-data01/nixon-microbiome/containers/kaiju/kaiju-1.9.0.sif
[Wed Dec 11 07:10:41 2024]
Finished job 75.
12 of 56 steps (21%) done
Select jobs to execute...

[Wed Dec 11 07:10:42 2024]
rule filter_seq_contigs:
    input: /mnt/seaes01-data01/nixon-microbiome/shared/bioinformatic_toolkit/output_repository/O4_contigs_IDs_trimmed.fasta
    output: /mnt/seaes01-data01/nixon-microbiome/shared/bioinformatic_toolkit/output_repository/O4_contigs_filtered.fa
    jobid: 59
    reason: Missing output files: /mnt/seaes01-data01/nixon-microbiome/shared/bioinformatic_toolkit/output_repository/O4_contigs_filtered.fa
    wildcards: sample=O4
    threads: 15
    resources: tmpdir=/tmp

[Wed Dec 11 07:10:47 2024]
Finished job 59.
13 of 56 steps (23%) done
Select jobs to execute...

[Wed Dec 11 07:10:47 2024]
rule kaiju_table_Class:
    input: /mnt/seaes01-data01/nixon-microbiome/shared/bioinformatic_toolkit/output_repository/N2_kaiju_refseq
    output: /mnt/seaes01-data01/nixon-microbiome/shared/bioinformatic_toolkit/output_repository/N2_CLASS_kaiju.table
    jobid: 79
    reason: Missing output files: /mnt/seaes01-data01/nixon-microbiome/shared/bioinformatic_toolkit/output_repository/N2_CLASS_kaiju.table
    wildcards: sample=N2
    threads: 15
    resources: tmpdir=/tmp

Activating singularity image /mnt/seaes01-data01/nixon-microbiome/containers/kaiju/kaiju-1.9.0.sif
[Wed Dec 11 07:11:13 2024]
Finished job 79.
14 of 56 steps (25%) done
Select jobs to execute...

[Wed Dec 11 07:11:13 2024]
rule fastqc:
    input: /mnt/seaes01-data01/nixon-microbiome/shared/bioinformatic_toolkit/output_repository/F2_forward_paired.fq, /mnt/seaes01-data01/nixon-microbiome/shared/bioinformatic_toolkit/output_repository/F2_reverse_paired.fq
    output: /mnt/seaes01-data01/nixon-microbiome/shared/bioinformatic_toolkit/output_repository/F2_fastqc
    jobid: 12
    reason: Missing output files: /mnt/seaes01-data01/nixon-microbiome/shared/bioinformatic_toolkit/output_repository/F2_fastqc
    wildcards: sample=F2
    threads: 15
    resources: tmpdir=/tmp

Activating singularity image /mnt/seaes01-data01/nixon-microbiome/containers/fastqc/fastqc-0.11.9.sif
[Wed Dec 11 07:16:25 2024]
Finished job 12.
15 of 56 steps (27%) done
Select jobs to execute...

[Wed Dec 11 07:16:25 2024]
rule kaiju_refseq:
    input: /mnt/seaes01-data01/nixon-microbiome/shared/bioinformatic_toolkit/output_repository/O2_forward_paired.fq, /mnt/seaes01-data01/nixon-microbiome/shared/bioinformatic_toolkit/output_repository/O2_reverse_paired.fq
    output: /mnt/seaes01-data01/nixon-microbiome/shared/bioinformatic_toolkit/output_repository/O2_kaiju_refseq
    jobid: 86
    reason: Missing output files: /mnt/seaes01-data01/nixon-microbiome/shared/bioinformatic_toolkit/output_repository/O2_kaiju_refseq; Input files updated by another job: /mnt/seaes01-data01/nixon-microbiome/shared/bioinformatic_toolkit/output_repository/O2_reverse_paired.fq, /mnt/seaes01-data01/nixon-microbiome/shared/bioinformatic_toolkit/output_repository/O2_forward_paired.fq
    wildcards: sample=O2
    threads: 15
    resources: tmpdir=/tmp

Activating singularity image /mnt/seaes01-data01/nixon-microbiome/containers/kaiju/kaiju-1.9.0.sif
[Wed Dec 11 08:18:47 2024]
Finished job 86.
16 of 56 steps (29%) done
Select jobs to execute...

[Wed Dec 11 08:18:47 2024]
rule cut:
    input: /mnt/seaes01-data01/nixon-microbiome/shared/bioinformatic_toolkit/output_repository/O1_assembly/contigs.fasta
    output: /mnt/seaes01-data01/nixon-microbiome/shared/bioinformatic_toolkit/output_repository/O1_contigs_IDs_trimmed.fasta
    jobid: 51
    reason: Code has changed since last execution
    wildcards: sample=O1
    threads: 15
    resources: tmpdir=/tmp

[Wed Dec 11 08:18:53 2024]
Finished job 51.
17 of 56 steps (30%) done
Select jobs to execute...

[Wed Dec 11 08:18:53 2024]
rule megahit:
    input: /mnt/seaes01-data01/nixon-microbiome/shared/bioinformatic_toolkit/output_repository/F2_forward_paired.fq, /mnt/seaes01-data01/nixon-microbiome/shared/bioinformatic_toolkit/output_repository/F2_reverse_paired.fq
    output: /mnt/seaes01-data01/nixon-microbiome/shared/bioinformatic_toolkit/output_repository/F2_assembly/contigs.fasta
    jobid: 22
    reason: Missing output files: /mnt/seaes01-data01/nixon-microbiome/shared/bioinformatic_toolkit/output_repository/F2_assembly/contigs.fasta
    wildcards: sample=F2
    threads: 15
    resources: tmpdir=/tmp

Activating singularity image /opt/containers/megahit/megahit-1.2.9.sif
Terminating processes on user request, this might take some time.
[Wed Dec 11 08:51:36 2024]
Error in rule megahit:
    jobid: 22
    input: /mnt/seaes01-data01/nixon-microbiome/shared/bioinformatic_toolkit/output_repository/F2_forward_paired.fq, /mnt/seaes01-data01/nixon-microbiome/shared/bioinformatic_toolkit/output_repository/F2_reverse_paired.fq
    output: /mnt/seaes01-data01/nixon-microbiome/shared/bioinformatic_toolkit/output_repository/F2_assembly/contigs.fasta
    shell:
        
        megahit --continue --presets meta-large             -1 /mnt/seaes01-data01/nixon-microbiome/shared/bioinformatic_toolkit/output_repository/F2_forward_paired.fq -2 /mnt/seaes01-data01/nixon-microbiome/shared/bioinformatic_toolkit/output_repository/F2_reverse_paired.fq             -o F2_tmp_assembly             -t 15
        mv F2_tmp_assembly/final.contigs.fa /mnt/seaes01-data01/nixon-microbiome/shared/bioinformatic_toolkit/output_repository/F2_assembly/contigs.fasta
        rm -rf F2_tmp_assembly
        
        (one of the commands exited with non-zero exit code; note that snakemake uses bash strict mode!)

Complete log: .snakemake/log/2024-12-10T214341.811845.snakemake.log
