Config file config.yaml is extended by additional config specified via the command line.
Config file config.yaml is extended by additional config specified via the command line.
Config file config.yaml is extended by additional config specified via the command line.
Building DAG of jobs...
Using shell: /usr/bin/bash
Provided cores: 20
Rules claiming more threads will be scaled down.
Job stats:
job               count    min threads    max threads
--------------  -------  -------------  -------------
all                   1              1              1
bin_refinement        2             20             20
coverm                2             20             20
gtdbtk                2             20             20
metawrap_bin          1             20             20
symlink_reads         1              1              1
total                 9              1             20

Select jobs to execute...

[Thu Nov 14 15:59:44 2024]
rule bin_refinement:
    input: /mnt/seaes01-data01/nixon-microbiome/shared/bioinformatic_toolkit/output_repository/SRR2239652_mags_bins/concoct_bins, /mnt/seaes01-data01/nixon-microbiome/shared/bioinformatic_toolkit/output_repository/SRR2239652_mags_bins/maxbin2_bins, /mnt/seaes01-data01/nixon-microbiome/shared/bioinformatic_toolkit/output_repository/SRR2239652_mags_bins/metabat2_bins
    output: /mnt/seaes01-data01/nixon-microbiome/shared/bioinformatic_toolkit/output_repository/SRR2239652_refined_mag_directory
    jobid: 15
    reason: Missing output files: /mnt/seaes01-data01/nixon-microbiome/shared/bioinformatic_toolkit/output_repository/SRR2239652_refined_mag_directory
    wildcards: sample=SRR2239652
    threads: 20
    resources: tmpdir=/tmp

Activating singularity image /mnt/seaes01-data01/nixon-microbiome/containers/metawrap/metawrap-mg_1.3.2.sif
[Thu Nov 14 16:00:13 2024]
Finished job 15.
1 of 9 steps (11%) done
Select jobs to execute...

[Thu Nov 14 16:00:13 2024]
rule gtdbtk:
    input: /mnt/seaes01-data01/nixon-microbiome/shared/bioinformatic_toolkit/output_repository/SRR2239652_refined_mag_directory
    output: /mnt/seaes01-data01/nixon-microbiome/shared/bioinformatic_toolkit/output_repository/SRR2239652_gtdbtk
    jobid: 17
    reason: Missing output files: /mnt/seaes01-data01/nixon-microbiome/shared/bioinformatic_toolkit/output_repository/SRR2239652_gtdbtk; Input files updated by another job: /mnt/seaes01-data01/nixon-microbiome/shared/bioinformatic_toolkit/output_repository/SRR2239652_refined_mag_directory
    wildcards: sample=SRR2239652
    threads: 20
    resources: tmpdir=/tmp

Activating singularity image /mnt/seaes01-data01/nixon-microbiome/containers/gtdbtk/gtdbtk_2.4.0.sif
[Thu Nov 14 16:00:13 2024]
Error in rule gtdbtk:
    jobid: 17
    input: /mnt/seaes01-data01/nixon-microbiome/shared/bioinformatic_toolkit/output_repository/SRR2239652_refined_mag_directory
    output: /mnt/seaes01-data01/nixon-microbiome/shared/bioinformatic_toolkit/output_repository/SRR2239652_gtdbtk
    shell:
        
        export GTDBTK_DATA_PATH="/mnt/seaes01-data01/nixon-microbiome/databases/gtdbtk_data/release220"
        gtdbtk classify_wf --genome_dir /mnt/seaes01-data01/nixon-microbiome/shared/bioinformatic_toolkit/output_repository/SRR2239652_refined_mag_directory --extension .fa --out_dir /mnt/seaes01-data01/nixon-microbiome/shared/bioinformatic_toolkit/output_repository/SRR2239652_gtdbtk --cpus 20
        
        (one of the commands exited with non-zero exit code; note that snakemake uses bash strict mode!)

Shutting down, this might take some time.
Exiting because a job execution failed. Look above for error message
Complete log: .snakemake/log/2024-11-14T155944.221540.snakemake.log
