host: nixonlabsrv
Building DAG of jobs...
Using shell: /usr/bin/bash
Provided cores: 10
Rules claiming more threads will be scaled down.
Job stats:
job       count
------  -------
all           1
prokka        2
total         3

Select jobs to execute...
Execute 1 jobs...

[Mon Nov 11 15:47:23 2024]
localrule prokka:
    input: /mnt/seaes01-data01/nixon-microbiome/shared/bioinformatic_toolkit/output_repository/SRR2239652_assembly/contigs.fasta
    output: /mnt/seaes01-data01/nixon-microbiome/shared/bioinformatic_toolkit/output_repository/SRR2239652_prokka/SRR2239652_annotated.gff, /mnt/seaes01-data01/nixon-microbiome/shared/bioinformatic_toolkit/output_repository/SRR2239652_prokka/SRR2239652_annotated.tsv, /mnt/seaes01-data01/nixon-microbiome/shared/bioinformatic_toolkit/output_repository/SRR2239652_prokka/SRR2239652_annotated.faa
    jobid: 7
    reason: Missing output files: /mnt/seaes01-data01/nixon-microbiome/shared/bioinformatic_toolkit/output_repository/SRR2239652_prokka/SRR2239652_annotated.gff, /mnt/seaes01-data01/nixon-microbiome/shared/bioinformatic_toolkit/output_repository/SRR2239652_prokka/SRR2239652_annotated.tsv, /mnt/seaes01-data01/nixon-microbiome/shared/bioinformatic_toolkit/output_repository/SRR2239652_prokka/SRR2239652_annotated.faa
    wildcards: sample=SRR2239652
    threads: 10
    resources: tmpdir=/tmp

RuleException in rule prokka in file /mnt/seaes01-data01/nixon-microbiome/shared/bioinformatic_toolkit/assemble.smk, line 61:
NameError: The name "'output_dir'" is unknown in this context. Please make sure that you defined that variable. Also note that braces not used for variable access have to be escaped by repeating them, i.e. {{print $1}}, when formatting the following:

        prokka --outdir {config['output_dir']}/{wildcards.sample}_prokka                --prefix {wildcards.sample}_annotated                --force --cpus {threads} --metagenome {input.contigs}
        
