Config file config.yaml is extended by additional config specified via the command line.
Config file config.yaml is extended by additional config specified via the command line.
Config file config.yaml is extended by additional config specified via the command line.
Building DAG of jobs...
Using shell: /bin/bash
Provided cores: 10
Rules claiming more threads will be scaled down.
Job stats:
job               count    min threads    max threads
--------------  -------  -------------  -------------
all                   1              1              1
bin_refinement        2             10             10
coverm                2             10             10
gtdbtk                2             10             10
gtdbtk_folder         2              1              1
metawrap_bin          2             10             10
prokka                2             10             10
symlink_reads         2              1              1
total                15              1             10

Select jobs to execute...

[Tue Nov 26 18:06:36 2024]
rule prokka:
    input: /mnt/seaes01-data01/nixon-microbiome/shared/bioinformatic_toolkit/output_repository_test/SRR2239652_assembly/contigs.fasta
    output: /mnt/seaes01-data01/nixon-microbiome/shared/bioinformatic_toolkit/output_repository_test/SRR2239652_prokka, /mnt/seaes01-data01/nixon-microbiome/shared/bioinformatic_toolkit/output_repository_test/SRR2239652_prokka/SRR2239652_annotated.gff, /mnt/seaes01-data01/nixon-microbiome/shared/bioinformatic_toolkit/output_repository_test/SRR2239652_prokka/SRR2239652_annotated.tsv, /mnt/seaes01-data01/nixon-microbiome/shared/bioinformatic_toolkit/output_repository_test/SRR2239652_prokka/SRR2239652_annotated.faa
    jobid: 5
    reason: Code has changed since last execution
    wildcards: sample=SRR2239652
    threads: 10
    resources: tmpdir=/tmp/5294813.1.parallel.q

Activating singularity image /mnt/seaes01-data01/nixon-microbiome/containers/prokka/prokka-1.14.6.sif
[Tue Nov 26 19:01:27 2024]
Finished job 5.
1 of 15 steps (7%) done
Select jobs to execute...

[Tue Nov 26 19:01:27 2024]
rule prokka:
    input: /mnt/seaes01-data01/nixon-microbiome/shared/bioinformatic_toolkit/output_repository_test/SRR6429754_assembly/contigs.fasta
    output: /mnt/seaes01-data01/nixon-microbiome/shared/bioinformatic_toolkit/output_repository_test/SRR6429754_prokka, /mnt/seaes01-data01/nixon-microbiome/shared/bioinformatic_toolkit/output_repository_test/SRR6429754_prokka/SRR6429754_annotated.gff, /mnt/seaes01-data01/nixon-microbiome/shared/bioinformatic_toolkit/output_repository_test/SRR6429754_prokka/SRR6429754_annotated.tsv, /mnt/seaes01-data01/nixon-microbiome/shared/bioinformatic_toolkit/output_repository_test/SRR6429754_prokka/SRR6429754_annotated.faa
    jobid: 6
    reason: Code has changed since last execution
    wildcards: sample=SRR6429754
    threads: 10
    resources: tmpdir=/tmp/5294813.1.parallel.q

Activating singularity image /mnt/seaes01-data01/nixon-microbiome/containers/prokka/prokka-1.14.6.sif
[Tue Nov 26 19:35:47 2024]
Finished job 6.
2 of 15 steps (13%) done
Select jobs to execute...

[Tue Nov 26 19:35:47 2024]
rule symlink_reads:
    input: /mnt/seaes01-data01/nixon-microbiome/shared/bioinformatic_toolkit/output_repository_test/SRR2239652_forward_paired.fq, /mnt/seaes01-data01/nixon-microbiome/shared/bioinformatic_toolkit/output_repository_test/SRR2239652_reverse_paired.fq
    output: /mnt/seaes01-data01/nixon-microbiome/shared/bioinformatic_toolkit/output_repository_test/temp/SRR2239652_sym_1.fastq, /mnt/seaes01-data01/nixon-microbiome/shared/bioinformatic_toolkit/output_repository_test/temp/SRR2239652_sym_2.fastq
    jobid: 10
    reason: Missing output files: /mnt/seaes01-data01/nixon-microbiome/shared/bioinformatic_toolkit/output_repository_test/temp/SRR2239652_sym_1.fastq, /mnt/seaes01-data01/nixon-microbiome/shared/bioinformatic_toolkit/output_repository_test/temp/SRR2239652_sym_2.fastq
    wildcards: sample=SRR2239652
    resources: tmpdir=/tmp/5294813.1.parallel.q


[Tue Nov 26 19:35:47 2024]
rule gtdbtk_folder:
    output: /mnt/seaes01-data01/nixon-microbiome/shared/bioinformatic_toolkit/output_repository_test/SRR2239652_gtdbtk_temp
    jobid: 15
    reason: Missing output files: /mnt/seaes01-data01/nixon-microbiome/shared/bioinformatic_toolkit/output_repository_test/SRR2239652_gtdbtk_temp
    wildcards: sample=SRR2239652
    resources: tmpdir=/tmp/5294813.1.parallel.q

RuleException in rule gtdbtk_folder in file /mnt/seaes01-data01/nixon-microbiome/shared/bioinformatic_toolkit/mags.smk, line 60:
AttributeError: 'OutputFiles' object has no attribute 'gtdbtk', when formatting the following:

        mkdir -p {output.gtdbtk}
        
