Config file config.yaml is extended by additional config specified via the command line.
Config file config.yaml is extended by additional config specified via the command line.
Config file config.yaml is extended by additional config specified via the command line.
The flag 'directory' used in rule gtdbtk is only valid for outputs, not inputs.
Config file config.yaml is extended by additional config specified via the command line.
Config file config.yaml is extended by additional config specified via the command line.
Config file config.yaml is extended by additional config specified via the command line.
Building DAG of jobs...
Using shell: /usr/bin/bash
Provided cores: 20
Rules claiming more threads will be scaled down.
Job stats:
job                       count    min threads    max threads
----------------------  -------  -------------  -------------
all                           1              1              1
htseq                         2             20             20
kofam_summary_table           2             20             20
merge_tpm_annotations         2             20             20
picard_mark_duplicates        2             20             20
tpm_table                     2             20             20
total                        11              1             20

Select jobs to execute...

[Mon Nov 18 20:53:15 2024]
rule picard_mark_duplicates:
    input: /mnt/seaes01-data01/nixon-microbiome/shared/bioinformatic_toolkit/output_repository/SRR6429754_filtered_contigs.map.sorted.bam
    output: /mnt/seaes01-data01/nixon-microbiome/shared/bioinformatic_toolkit/output_repository/SRR6429754_filtered_contigs.map.markdup.bam, /mnt/seaes01-data01/nixon-microbiome/shared/bioinformatic_toolkit/output_repository/SRR6429754_filtered_contigs.map.markdup.metrics
    jobid: 46
    reason: Code has changed since last execution
    wildcards: sample=SRR6429754
    threads: 20
    resources: tmpdir=/tmp

Activating singularity image /mnt/seaes01-data01/nixon-microbiome/containers/picard/picard-2.27.5.sif
[Mon Nov 18 20:53:15 2024]
Error in rule picard_mark_duplicates:
    jobid: 46
    input: /mnt/seaes01-data01/nixon-microbiome/shared/bioinformatic_toolkit/output_repository/SRR6429754_filtered_contigs.map.sorted.bam
    output: /mnt/seaes01-data01/nixon-microbiome/shared/bioinformatic_toolkit/output_repository/SRR6429754_filtered_contigs.map.markdup.bam, /mnt/seaes01-data01/nixon-microbiome/shared/bioinformatic_toolkit/output_repository/SRR6429754_filtered_contigs.map.markdup.metrics
    shell:
        
        'java -Xms2g -Xmx32g -jar /picard/picard.jar MarkDuplicates INPUT=/mnt/seaes01-data01/nixon-microbiome/shared/bioinformatic_toolkit/output_repository/SRR6429754_filtered_contigs.map.sorted.bam OUTPUT=/mnt/seaes01-data01/nixon-microbiome/shared/bioinformatic_toolkit/output_repository/SRR6429754_filtered_contigs.map.markdup.bam 	METRICS_FILE=/mnt/seaes01-data01/nixon-microbiome/shared/bioinformatic_toolkit/output_repository/SRR6429754_filtered_contigs.map.markdup.metrics AS=TRUE VALIDATION_STRINGENCY=LENIENT 	MAX_FILE_HANDLES_FOR_READ_ENDS_MAP=2500 REMOVE_DUPLICATES=TRUE'
        
        (one of the commands exited with non-zero exit code; note that snakemake uses bash strict mode!)

Shutting down, this might take some time.
Exiting because a job execution failed. Look above for error message
Complete log: .snakemake/log/2024-11-18T205313.886635.snakemake.log
