Config file config.yaml is extended by additional config specified via the command line.
Config file config.yaml is extended by additional config specified via the command line.
Config file config.yaml is extended by additional config specified via the command line.
Building DAG of jobs...
Using shell: /usr/bin/bash
Provided cores: 20
Rules claiming more threads will be scaled down.
Job stats:
job                   count    min threads    max threads
------------------  -------  -------------  -------------
all                       1              1              1
cut                       8             15             15
fastqc                    4             15             15
filter_seq_contigs       10             15             15
kaiju_refseq              4             15             15
kaiju_table_Class         6             15             15
kaiju_table_Genus         4             15             15
megahit                   7             15             15
metaquast                10             15             15
prokka                   10             15             15
trimmomatic               3             15             15
total                    67              1             15

Select jobs to execute...

[Mon Dec  9 20:31:39 2024]
rule kaiju_refseq:
    input: /mnt/seaes01-data01/nixon-microbiome/shared/bioinformatic_toolkit/output_repository/F1_forward_paired.fq, /mnt/seaes01-data01/nixon-microbiome/shared/bioinformatic_toolkit/output_repository/F1_reverse_paired.fq
    output: /mnt/seaes01-data01/nixon-microbiome/shared/bioinformatic_toolkit/output_repository/F1_kaiju_refseq
    jobid: 72
    reason: Missing output files: /mnt/seaes01-data01/nixon-microbiome/shared/bioinformatic_toolkit/output_repository/F1_kaiju_refseq
    wildcards: sample=F1
    threads: 15
    resources: tmpdir=/tmp

Activating singularity image /mnt/seaes01-data01/nixon-microbiome/containers/kaiju/kaiju-1.9.0.sif
[Mon Dec  9 22:04:14 2024]
Finished job 72.
1 of 67 steps (1%) done
Select jobs to execute...

[Mon Dec  9 22:04:14 2024]
rule filter_seq_contigs:
    input: /mnt/seaes01-data01/nixon-microbiome/shared/bioinformatic_toolkit/output_repository/N3_contigs_IDs_trimmed.fasta
    output: /mnt/seaes01-data01/nixon-microbiome/shared/bioinformatic_toolkit/output_repository/N3_contigs_filtered_500.fa
    jobid: 47
    reason: Missing output files: /mnt/seaes01-data01/nixon-microbiome/shared/bioinformatic_toolkit/output_repository/N3_contigs_filtered_500.fa; Updated input files: /mnt/seaes01-data01/nixon-microbiome/shared/bioinformatic_toolkit/output_repository/N3_contigs_IDs_trimmed.fasta
    wildcards: sample=N3
    threads: 15
    resources: tmpdir=/tmp

[Mon Dec  9 22:04:24 2024]
Finished job 47.
2 of 67 steps (3%) done
Select jobs to execute...

[Mon Dec  9 22:04:24 2024]
rule megahit:
    input: /mnt/seaes01-data01/nixon-microbiome/shared/bioinformatic_toolkit/output_repository/N1_forward_paired.fq, /mnt/seaes01-data01/nixon-microbiome/shared/bioinformatic_toolkit/output_repository/N1_reverse_paired.fq
    output: /mnt/seaes01-data01/nixon-microbiome/shared/bioinformatic_toolkit/output_repository/N1_assembly/contigs.fasta
    jobid: 24
    reason: Missing output files: /mnt/seaes01-data01/nixon-microbiome/shared/bioinformatic_toolkit/output_repository/N1_assembly/contigs.fasta
    wildcards: sample=N1
    threads: 15
    resources: tmpdir=/tmp

Activating singularity image /opt/containers/megahit/megahit-1.2.9.sif
[Tue Dec 10 04:04:36 2024]
Finished job 24.
3 of 67 steps (4%) done
Select jobs to execute...

[Tue Dec 10 04:04:36 2024]
rule kaiju_table_Class:
    input: /mnt/seaes01-data01/nixon-microbiome/shared/bioinformatic_toolkit/output_repository/O3_kaiju_refseq
    output: /mnt/seaes01-data01/nixon-microbiome/shared/bioinformatic_toolkit/output_repository/O3_CLASS_kaiju.table
    jobid: 87
    reason: Missing output files: /mnt/seaes01-data01/nixon-microbiome/shared/bioinformatic_toolkit/output_repository/O3_CLASS_kaiju.table
    wildcards: sample=O3
    threads: 15
    resources: tmpdir=/tmp

Activating singularity image /mnt/seaes01-data01/nixon-microbiome/containers/kaiju/kaiju-1.9.0.sif
[Tue Dec 10 04:05:16 2024]
Finished job 87.
4 of 67 steps (6%) done
Select jobs to execute...

[Tue Dec 10 04:05:16 2024]
rule kaiju_table_Class:
    input: /mnt/seaes01-data01/nixon-microbiome/shared/bioinformatic_toolkit/output_repository/F1_kaiju_refseq
    output: /mnt/seaes01-data01/nixon-microbiome/shared/bioinformatic_toolkit/output_repository/F1_CLASS_kaiju.table
    jobid: 71
    reason: Missing output files: /mnt/seaes01-data01/nixon-microbiome/shared/bioinformatic_toolkit/output_repository/F1_CLASS_kaiju.table; Input files updated by another job: /mnt/seaes01-data01/nixon-microbiome/shared/bioinformatic_toolkit/output_repository/F1_kaiju_refseq
    wildcards: sample=F1
    threads: 15
    resources: tmpdir=/tmp

Activating singularity image /mnt/seaes01-data01/nixon-microbiome/containers/kaiju/kaiju-1.9.0.sif
[Tue Dec 10 04:06:00 2024]
Finished job 71.
5 of 67 steps (7%) done
Select jobs to execute...

[Tue Dec 10 04:06:00 2024]
rule kaiju_table_Genus:
    input: /mnt/seaes01-data01/nixon-microbiome/shared/bioinformatic_toolkit/output_repository/F1_kaiju_refseq
    output: /mnt/seaes01-data01/nixon-microbiome/shared/bioinformatic_toolkit/output_repository/F1_GENUS_kaiju.table
    jobid: 91
    reason: Missing output files: /mnt/seaes01-data01/nixon-microbiome/shared/bioinformatic_toolkit/output_repository/F1_GENUS_kaiju.table; Input files updated by another job: /mnt/seaes01-data01/nixon-microbiome/shared/bioinformatic_toolkit/output_repository/F1_kaiju_refseq
    wildcards: sample=F1
    threads: 15
    resources: tmpdir=/tmp

Activating singularity image /mnt/seaes01-data01/nixon-microbiome/containers/kaiju/kaiju-1.9.0.sif
[Tue Dec 10 04:06:15 2024]
Finished job 91.
6 of 67 steps (9%) done
Select jobs to execute...

[Tue Dec 10 04:06:15 2024]
rule metaquast:
    input: /mnt/seaes01-data01/nixon-microbiome/shared/bioinformatic_toolkit/output_repository/N3_contigs_filtered_500.fa
    output: /mnt/seaes01-data01/nixon-microbiome/shared/bioinformatic_toolkit/output_repository/N3_quast_report
    log: /mnt/seaes01-data01/nixon-microbiome/shared/bioinformatic_toolkit/output_repository/N3_quast.log
    jobid: 66
    reason: Missing output files: /mnt/seaes01-data01/nixon-microbiome/shared/bioinformatic_toolkit/output_repository/N3_quast_report; Input files updated by another job: /mnt/seaes01-data01/nixon-microbiome/shared/bioinformatic_toolkit/output_repository/N3_contigs_filtered_500.fa
    wildcards: sample=N3
    threads: 15
    resources: tmpdir=/tmp

Activating singularity image /mnt/seaes01-data01/nixon-microbiome/containers/quast/quast-5.2.0.sif
[Tue Dec 10 04:09:30 2024]
Error in rule metaquast:
    jobid: 66
    input: /mnt/seaes01-data01/nixon-microbiome/shared/bioinformatic_toolkit/output_repository/N3_contigs_filtered_500.fa
    output: /mnt/seaes01-data01/nixon-microbiome/shared/bioinformatic_toolkit/output_repository/N3_quast_report
    log: /mnt/seaes01-data01/nixon-microbiome/shared/bioinformatic_toolkit/output_repository/N3_quast.log (check log file(s) for error message)
    shell:
        
        metaquast.py --threads 15 -o /mnt/seaes01-data01/nixon-microbiome/shared/bioinformatic_toolkit/output_repository/N3_quast_report /mnt/seaes01-data01/nixon-microbiome/shared/bioinformatic_toolkit/output_repository/N3_contigs_filtered_500.fa
        
        (one of the commands exited with non-zero exit code; note that snakemake uses bash strict mode!)

Removing output files of failed job metaquast since they might be corrupted:
/mnt/seaes01-data01/nixon-microbiome/shared/bioinformatic_toolkit/output_repository/N3_quast_report
Shutting down, this might take some time.
Exiting because a job execution failed. Look above for error message
Complete log: .snakemake/log/2024-12-09T203138.577917.snakemake.log
