Config file config.yaml is extended by additional config specified via the command line.
Config file config.yaml is extended by additional config specified via the command line.
Config file config.yaml is extended by additional config specified via the command line.
Building DAG of jobs...
Using shell: /bin/bash
Provided cores: 10
Rules claiming more threads will be scaled down.
Job stats:
job                   count    min threads    max threads
------------------  -------  -------------  -------------
all                       1              1              1
bin_refinement            2             10             10
coverm                    2             10             10
cut                       2             10             10
filter_seq_contigs        2             10             10
gtdbtk                    2             10             10
gtdbtk_folder             2              1              1
metaquast                 2             10             10
metawrap_bin              2             10             10
prokka                    2             10             10
symlink_reads             2              1              1
total                    21              1             10

Select jobs to execute...

[Wed Nov 27 15:48:23 2024]
rule cut:
    input: /mnt/seaes01-data01/nixon-microbiome/shared/bioinformatic_toolkit/output_repository_test/SRR2239652_assembly/contigs.fasta
    output: /mnt/seaes01-data01/nixon-microbiome/shared/bioinformatic_toolkit/output_repository_test/SRR2239652_contigs_IDs_trimmed.fasta
    jobid: 7
    reason: Missing output files: /mnt/seaes01-data01/nixon-microbiome/shared/bioinformatic_toolkit/output_repository_test/SRR2239652_contigs_IDs_trimmed.fasta
    wildcards: sample=SRR2239652
    threads: 10
    resources: tmpdir=/tmp/5302248.1.parallel.q

[Wed Nov 27 15:48:25 2024]
Finished job 7.
1 of 21 steps (5%) done
Select jobs to execute...

[Wed Nov 27 15:48:25 2024]
rule filter_seq_contigs:
    input: /mnt/seaes01-data01/nixon-microbiome/shared/bioinformatic_toolkit/output_repository_test/SRR2239652_contigs_IDs_trimmed.fasta
    output: /mnt/seaes01-data01/nixon-microbiome/shared/bioinformatic_toolkit/output_repository_test/SRR2239652_contigs_filtered_500.fa
    jobid: 6
    reason: Missing output files: /mnt/seaes01-data01/nixon-microbiome/shared/bioinformatic_toolkit/output_repository_test/SRR2239652_contigs_filtered_500.fa; Input files updated by another job: /mnt/seaes01-data01/nixon-microbiome/shared/bioinformatic_toolkit/output_repository_test/SRR2239652_contigs_IDs_trimmed.fasta
    wildcards: sample=SRR2239652
    threads: 10
    resources: tmpdir=/tmp/5302248.1.parallel.q

[Wed Nov 27 15:48:26 2024]
Finished job 6.
2 of 21 steps (10%) done
Select jobs to execute...

[Wed Nov 27 15:48:26 2024]
rule cut:
    input: /mnt/seaes01-data01/nixon-microbiome/shared/bioinformatic_toolkit/output_repository_test/SRR6429754_assembly/contigs.fasta
    output: /mnt/seaes01-data01/nixon-microbiome/shared/bioinformatic_toolkit/output_repository_test/SRR6429754_contigs_IDs_trimmed.fasta
    jobid: 10
    reason: Missing output files: /mnt/seaes01-data01/nixon-microbiome/shared/bioinformatic_toolkit/output_repository_test/SRR6429754_contigs_IDs_trimmed.fasta
    wildcards: sample=SRR6429754
    threads: 10
    resources: tmpdir=/tmp/5302248.1.parallel.q

[Wed Nov 27 15:48:27 2024]
Finished job 10.
3 of 21 steps (14%) done
Select jobs to execute...

[Wed Nov 27 15:48:28 2024]
rule metaquast:
    input: /mnt/seaes01-data01/nixon-microbiome/shared/bioinformatic_toolkit/output_repository_test/SRR2239652_contigs_filtered_500.fa
    output: /mnt/seaes01-data01/nixon-microbiome/shared/bioinformatic_toolkit/output_repository_test/SRR2239652_quast_report
    log: /mnt/seaes01-data01/nixon-microbiome/shared/bioinformatic_toolkit/output_repository_test/SRR2239652_quast.log
    jobid: 11
    reason: Input files updated by another job: /mnt/seaes01-data01/nixon-microbiome/shared/bioinformatic_toolkit/output_repository_test/SRR2239652_contigs_filtered_500.fa; Set of input files has changed since last execution; Code has changed since last execution
    wildcards: sample=SRR2239652
    threads: 10
    resources: tmpdir=/tmp/5302248.1.parallel.q

Activating singularity image /mnt/seaes01-data01/nixon-microbiome/containers/quast/quast-5.2.0.sif
[Wed Nov 27 15:54:38 2024]
Finished job 11.
4 of 21 steps (19%) done
Select jobs to execute...

[Wed Nov 27 15:54:38 2024]
rule prokka:
    input: /mnt/seaes01-data01/nixon-microbiome/shared/bioinformatic_toolkit/output_repository_test/SRR2239652_contigs_filtered_500.fa
    output: /mnt/seaes01-data01/nixon-microbiome/shared/bioinformatic_toolkit/output_repository_test/SRR2239652_prokka, /mnt/seaes01-data01/nixon-microbiome/shared/bioinformatic_toolkit/output_repository_test/SRR2239652_prokka/SRR2239652_annotated.gff, /mnt/seaes01-data01/nixon-microbiome/shared/bioinformatic_toolkit/output_repository_test/SRR2239652_prokka/SRR2239652_annotated.tsv, /mnt/seaes01-data01/nixon-microbiome/shared/bioinformatic_toolkit/output_repository_test/SRR2239652_prokka/SRR2239652_annotated.faa
    jobid: 5
    reason: Input files updated by another job: /mnt/seaes01-data01/nixon-microbiome/shared/bioinformatic_toolkit/output_repository_test/SRR2239652_contigs_filtered_500.fa; Set of input files has changed since last execution; Code has changed since last execution
    wildcards: sample=SRR2239652
    threads: 10
    resources: tmpdir=/tmp/5302248.1.parallel.q

Activating singularity image /mnt/seaes01-data01/nixon-microbiome/containers/prokka/prokka-1.14.6.sif
[Wed Nov 27 16:08:06 2024]
Finished job 5.
5 of 21 steps (24%) done
Select jobs to execute...

[Wed Nov 27 16:08:06 2024]
rule filter_seq_contigs:
    input: /mnt/seaes01-data01/nixon-microbiome/shared/bioinformatic_toolkit/output_repository_test/SRR6429754_contigs_IDs_trimmed.fasta
    output: /mnt/seaes01-data01/nixon-microbiome/shared/bioinformatic_toolkit/output_repository_test/SRR6429754_contigs_filtered_500.fa
    jobid: 9
    reason: Missing output files: /mnt/seaes01-data01/nixon-microbiome/shared/bioinformatic_toolkit/output_repository_test/SRR6429754_contigs_filtered_500.fa; Input files updated by another job: /mnt/seaes01-data01/nixon-microbiome/shared/bioinformatic_toolkit/output_repository_test/SRR6429754_contigs_IDs_trimmed.fasta
    wildcards: sample=SRR6429754
    threads: 10
    resources: tmpdir=/tmp/5302248.1.parallel.q

[Wed Nov 27 16:08:07 2024]
Finished job 9.
6 of 21 steps (29%) done
Select jobs to execute...

[Wed Nov 27 16:08:07 2024]
rule metaquast:
    input: /mnt/seaes01-data01/nixon-microbiome/shared/bioinformatic_toolkit/output_repository_test/SRR6429754_contigs_filtered_500.fa
    output: /mnt/seaes01-data01/nixon-microbiome/shared/bioinformatic_toolkit/output_repository_test/SRR6429754_quast_report
    log: /mnt/seaes01-data01/nixon-microbiome/shared/bioinformatic_toolkit/output_repository_test/SRR6429754_quast.log
    jobid: 12
    reason: Input files updated by another job: /mnt/seaes01-data01/nixon-microbiome/shared/bioinformatic_toolkit/output_repository_test/SRR6429754_contigs_filtered_500.fa
    wildcards: sample=SRR6429754
    threads: 10
    resources: tmpdir=/tmp/5302248.1.parallel.q

Activating singularity image /mnt/seaes01-data01/nixon-microbiome/containers/quast/quast-5.2.0.sif
[Wed Nov 27 16:09:51 2024]
Error in rule metaquast:
    jobid: 12
    input: /mnt/seaes01-data01/nixon-microbiome/shared/bioinformatic_toolkit/output_repository_test/SRR6429754_contigs_filtered_500.fa
    output: /mnt/seaes01-data01/nixon-microbiome/shared/bioinformatic_toolkit/output_repository_test/SRR6429754_quast_report
    log: /mnt/seaes01-data01/nixon-microbiome/shared/bioinformatic_toolkit/output_repository_test/SRR6429754_quast.log (check log file(s) for error details)
    shell:
        
        metaquast.py --threads 10 -o /mnt/seaes01-data01/nixon-microbiome/shared/bioinformatic_toolkit/output_repository_test/SRR6429754_quast_report /mnt/seaes01-data01/nixon-microbiome/shared/bioinformatic_toolkit/output_repository_test/SRR6429754_contigs_filtered_500.fa
        
        (one of the commands exited with non-zero exit code; note that snakemake uses bash strict mode!)

Removing output files of failed job metaquast since they might be corrupted:
/mnt/seaes01-data01/nixon-microbiome/shared/bioinformatic_toolkit/output_repository_test/SRR6429754_quast_report
Shutting down, this might take some time.
Exiting because a job execution failed. Look above for error message
Complete log: .snakemake/log/2024-11-27T154806.465979.snakemake.log
