Config file config.yaml is extended by additional config specified via the command line.
Config file config.yaml is extended by additional config specified via the command line.
Config file config.yaml is extended by additional config specified via the command line.
Building DAG of jobs...
Using shell: /usr/bin/bash
Provided cores: 20
Rules claiming more threads will be scaled down.
Job stats:
job                  count    min threads    max threads
-----------------  -------  -------------  -------------
all                      1              1              1
fastqc                  10             20             20
kaiju_refseq             9             20             20
kaiju_table_Class       10             20             20
kaiju_table_Genus       10             20             20
metaquast               10             20             20
prokka                  10             20             20
spades                  10             20             20
trimmomatic              5             20             20
total                   75              1             20

Select jobs to execute...

[Wed Nov 20 14:57:07 2024]
rule spades:
    input: /mnt/seaes01-data01/nixon-microbiome/shared/bioinformatic_toolkit/output_repository/N3_forward_paired.fq, /mnt/seaes01-data01/nixon-microbiome/shared/bioinformatic_toolkit/output_repository/N3_reverse_paired.fq
    output: /mnt/seaes01-data01/nixon-microbiome/shared/bioinformatic_toolkit/output_repository/N3_assembly, /mnt/seaes01-data01/nixon-microbiome/shared/bioinformatic_toolkit/output_repository/N3_assembly/contigs.fasta
    jobid: 26
    reason: Missing output files: /mnt/seaes01-data01/nixon-microbiome/shared/bioinformatic_toolkit/output_repository/N3_assembly/contigs.fasta
    wildcards: sample=N3
    threads: 20
    resources: tmpdir=/tmp

Activating singularity image /mnt/seaes01-data01/nixon-microbiome/containers/spades/spades_4.0.0.sif
[Wed Nov 20 14:57:07 2024]
Error in rule spades:
    jobid: 26
    input: /mnt/seaes01-data01/nixon-microbiome/shared/bioinformatic_toolkit/output_repository/N3_forward_paired.fq, /mnt/seaes01-data01/nixon-microbiome/shared/bioinformatic_toolkit/output_repository/N3_reverse_paired.fq
    output: /mnt/seaes01-data01/nixon-microbiome/shared/bioinformatic_toolkit/output_repository/N3_assembly, /mnt/seaes01-data01/nixon-microbiome/shared/bioinformatic_toolkit/output_repository/N3_assembly/contigs.fasta
    shell:
        
        metaspades.py -m 2000 -1 /mnt/seaes01-data01/nixon-microbiome/shared/bioinformatic_toolkit/output_repository/N3_forward_paired.fq -2 /mnt/seaes01-data01/nixon-microbiome/shared/bioinformatic_toolkit/output_repository/N3_reverse_paired.fq -o /mnt/seaes01-data01/nixon-microbiome/shared/bioinformatic_toolkit/output_repository/N3_assembly -t 20
        
        (one of the commands exited with non-zero exit code; note that snakemake uses bash strict mode!)

Removing output files of failed job spades since they might be corrupted:
/mnt/seaes01-data01/nixon-microbiome/shared/bioinformatic_toolkit/output_repository/N3_assembly
Shutting down, this might take some time.
Exiting because a job execution failed. Look above for error message
Complete log: .snakemake/log/2024-11-20T145705.943702.snakemake.log
