Config file config.yaml is extended by additional config specified via the command line.
Config file config.yaml is extended by additional config specified via the command line.
Config file config.yaml is extended by additional config specified via the command line.
The flag 'directory' used in rule gtdbtk is only valid for outputs, not inputs.
Config file config.yaml is extended by additional config specified via the command line.
Config file config.yaml is extended by additional config specified via the command line.
Config file config.yaml is extended by additional config specified via the command line.
Building DAG of jobs...
Using shell: /usr/bin/bash
Provided cores: 20
Rules claiming more threads will be scaled down.
Job stats:
job                     count    min threads    max threads
--------------------  -------  -------------  -------------
all                         1              1              1
bowtie_build                2             20             20
bowtie_map                  2             20             20
cut                         2             20             20
filter_seq                  2             20             20
gene_length                 2             20             20
get_gtf                     2             20             20
htseq                       2             20             20
kofam                       2             20             20
kofam_summary_table         2             20             20
merge_tpm_annotation        2             20             20
picard                      2             20             20
read_length                 2             20             20
samtools                    2             20             20
tpm_prokka                  2             20             20
tpm_table                   2             20             20
total                      31              1             20

Select jobs to execute...

[Tue Nov 19 15:22:45 2024]
rule cut:
    input: /mnt/seaes01-data01/nixon-microbiome/shared/bioinformatic_toolkit/output_repository/SRR6429754_assembly/contigs.fasta
    output: /mnt/seaes01-data01/nixon-microbiome/shared/bioinformatic_toolkit/output_repository/SRR6429754_tpm/SRR6429754_contigs_IDs_cut.fasta
    jobid: 50
    reason: Missing output files: /mnt/seaes01-data01/nixon-microbiome/shared/bioinformatic_toolkit/output_repository/SRR6429754_tpm/SRR6429754_contigs_IDs_cut.fasta
    wildcards: sample=SRR6429754
    threads: 20
    resources: tmpdir=/tmp

[Tue Nov 19 15:22:46 2024]
Finished job 50.
1 of 31 steps (3%) done
Select jobs to execute...

[Tue Nov 19 15:22:46 2024]
rule filter_seq:
    input: /mnt/seaes01-data01/nixon-microbiome/shared/bioinformatic_toolkit/output_repository/SRR6429754_tpm/SRR6429754_contigs_IDs_cut.fasta
    output: /mnt/seaes01-data01/nixon-microbiome/shared/bioinformatic_toolkit/output_repository/SRR6429754_tpm/SRR6429754_scaffold_filtered.fa
    jobid: 49
    reason: Missing output files: /mnt/seaes01-data01/nixon-microbiome/shared/bioinformatic_toolkit/output_repository/SRR6429754_tpm/SRR6429754_scaffold_filtered.fa; Input files updated by another job: /mnt/seaes01-data01/nixon-microbiome/shared/bioinformatic_toolkit/output_repository/SRR6429754_tpm/SRR6429754_contigs_IDs_cut.fasta
    wildcards: sample=SRR6429754
    threads: 20
    resources: tmpdir=/tmp

[Tue Nov 19 15:22:46 2024]
Finished job 49.
2 of 31 steps (6%) done
Select jobs to execute...

[Tue Nov 19 15:22:46 2024]
rule bowtie_build:
    input: /mnt/seaes01-data01/nixon-microbiome/shared/bioinformatic_toolkit/output_repository/SRR6429754_tpm/SRR6429754_scaffold_filtered.fa
    output: /mnt/seaes01-data01/nixon-microbiome/shared/bioinformatic_toolkit/output_repository/SRR6429754_tpm/SRR6429754_index.done
    jobid: 55
    reason: Missing output files: /mnt/seaes01-data01/nixon-microbiome/shared/bioinformatic_toolkit/output_repository/SRR6429754_tpm/SRR6429754_index.done; Input files updated by another job: /mnt/seaes01-data01/nixon-microbiome/shared/bioinformatic_toolkit/output_repository/SRR6429754_tpm/SRR6429754_scaffold_filtered.fa
    wildcards: sample=SRR6429754
    threads: 20
    resources: tmpdir=/tmp

Activating singularity image /mnt/seaes01-data01/nixon-microbiome/containers/bowtie2/bowtie-2.4.5.sif
[Tue Nov 19 15:23:11 2024]
Finished job 55.
3 of 31 steps (10%) done
Select jobs to execute...

[Tue Nov 19 15:23:11 2024]
rule tpm_prokka:
    input: /mnt/seaes01-data01/nixon-microbiome/shared/bioinformatic_toolkit/output_repository/SRR6429754_tpm/SRR6429754_scaffold_filtered.fa
    output: /mnt/seaes01-data01/nixon-microbiome/shared/bioinformatic_toolkit/output_repository/SRR6429754_tpm/SRR6429754_tpm_prokka/SRR6429754_filtered_prokka.gff, /mnt/seaes01-data01/nixon-microbiome/shared/bioinformatic_toolkit/output_repository/SRR6429754_tpm/SRR6429754_tpm_prokka/SRR6429754_filtered_prokka.tsv, /mnt/seaes01-data01/nixon-microbiome/shared/bioinformatic_toolkit/output_repository/SRR6429754_tpm/SRR6429754_tpm_prokka/SRR6429754_filtered_prokka.faa
    jobid: 48
    reason: Missing output files: /mnt/seaes01-data01/nixon-microbiome/shared/bioinformatic_toolkit/output_repository/SRR6429754_tpm/SRR6429754_tpm_prokka/SRR6429754_filtered_prokka.tsv, /mnt/seaes01-data01/nixon-microbiome/shared/bioinformatic_toolkit/output_repository/SRR6429754_tpm/SRR6429754_tpm_prokka/SRR6429754_filtered_prokka.faa, /mnt/seaes01-data01/nixon-microbiome/shared/bioinformatic_toolkit/output_repository/SRR6429754_tpm/SRR6429754_tpm_prokka/SRR6429754_filtered_prokka.gff; Input files updated by another job: /mnt/seaes01-data01/nixon-microbiome/shared/bioinformatic_toolkit/output_repository/SRR6429754_tpm/SRR6429754_scaffold_filtered.fa
    wildcards: sample=SRR6429754
    threads: 20
    resources: tmpdir=/tmp

Activating singularity image /mnt/seaes01-data01/nixon-microbiome/containers/prokka/prokka-1.14.6.sif
Waiting at most 5 seconds for missing files.
MissingOutputException in rule tpm_prokka  in line 21 of /mnt/seaes01-data01/nixon-microbiome/shared/bioinformatic_toolkit/tpm2.smk:
Job Missing files after 5 seconds. This might be due to filesystem latency. If that is the case, consider to increase the wait time with --latency-wait:
/mnt/seaes01-data01/nixon-microbiome/shared/bioinformatic_toolkit/output_repository/SRR6429754_tpm/SRR6429754_tpm_prokka/SRR6429754_filtered_prokka.gff
/mnt/seaes01-data01/nixon-microbiome/shared/bioinformatic_toolkit/output_repository/SRR6429754_tpm/SRR6429754_tpm_prokka/SRR6429754_filtered_prokka.tsv
/mnt/seaes01-data01/nixon-microbiome/shared/bioinformatic_toolkit/output_repository/SRR6429754_tpm/SRR6429754_tpm_prokka/SRR6429754_filtered_prokka.faa completed successfully, but some output files are missing. 48
Shutting down, this might take some time.
Exiting because a job execution failed. Look above for error message
Complete log: .snakemake/log/2024-11-19T152244.981674.snakemake.log
