Config file config.yaml is extended by additional config specified via the command line.
Config file config.yaml is extended by additional config specified via the command line.
Config file config.yaml is extended by additional config specified via the command line.
Config file config.yaml is extended by additional config specified via the command line.
Config file config.yaml is extended by additional config specified via the command line.
Config file config.yaml is extended by additional config specified via the command line.
Config file config.yaml is extended by additional config specified via the command line.
Config file config.yaml is extended by additional config specified via the command line.
Building DAG of jobs...
Job stats:
job                     count    min threads    max threads
--------------------  -------  -------------  -------------
alignment                  10             20             20
all                         1              1              1
antismash                  10             20             20
bin_refinement             10             20             20
bowtie_build               10             20             20
bowtie_map                 10             20             20
convert                    10             20             20
coverm                     10             20             20
cut                         9             20             20
cut_IDs                    10             20             20
fastqc                      5             20             20
filter_seq                 10             20             20
filter_seq_contigs          9             20             20
gene_length                10             20             20
genomad_end_to_end         10             20             20
get_gtf                    10             20             20
gtdbtk                     10             20             20
gtdbtk_folder              10              1              1
htseq                      10             20             20
kaiju_refseq                5             20             20
kaiju_table_Class           8             20             20
kaiju_table_Genus           7             20             20
kofam                      10             20             20
kofam_summary_table        10             20             20
merge_tpm_annotation       10             20             20
metaquast                  10             20             20
metawrap_bin               10             20             20
picard                     10             20             20
prokka                      9             20             20
read_length                10             20             20
samtools                   10             20             20
spades                      8             20             20
symlink_reads              10              1              1
tpm_prokka                 10             20             20
tpm_table                  10             20             20
trimmomatic                 3             20             20
total                     324              1             20


[Wed Nov 27 21:04:20 2024]
rule spades:
    input: /mnt/seaes01-data01/nixon-microbiome/shared/bioinformatic_toolkit/output_repository/N1_forward_paired.fq, /mnt/seaes01-data01/nixon-microbiome/shared/bioinformatic_toolkit/output_repository/N1_reverse_paired.fq
    output: /mnt/seaes01-data01/nixon-microbiome/shared/bioinformatic_toolkit/output_repository/N1_assembly, /mnt/seaes01-data01/nixon-microbiome/shared/bioinformatic_toolkit/output_repository/N1_assembly/contigs.fasta
    jobid: 24
    reason: Missing output files: /mnt/seaes01-data01/nixon-microbiome/shared/bioinformatic_toolkit/output_repository/N1_assembly/contigs.fasta
    wildcards: sample=N1
    threads: 20
    resources: tmpdir=/tmp


        metaspades.py -m 2000 -1 /mnt/seaes01-data01/nixon-microbiome/shared/bioinformatic_toolkit/output_repository/N1_forward_paired.fq -2 /mnt/seaes01-data01/nixon-microbiome/shared/bioinformatic_toolkit/output_repository/N1_reverse_paired.fq -o /mnt/seaes01-data01/nixon-microbiome/shared/bioinformatic_toolkit/output_repository/N1_assembly -t 20
        

[Wed Nov 27 21:04:20 2024]
rule symlink_reads:
    input: /mnt/seaes01-data01/nixon-microbiome/shared/bioinformatic_toolkit/output_repository/N2_forward_paired.fq, /mnt/seaes01-data01/nixon-microbiome/shared/bioinformatic_toolkit/output_repository/N2_reverse_paired.fq
    output: /mnt/seaes01-data01/nixon-microbiome/shared/bioinformatic_toolkit/output_repository/temp/N2_sym_1.fastq, /mnt/seaes01-data01/nixon-microbiome/shared/bioinformatic_toolkit/output_repository/temp/N2_sym_2.fastq
    jobid: 80
    reason: Missing output files: /mnt/seaes01-data01/nixon-microbiome/shared/bioinformatic_toolkit/output_repository/temp/N2_sym_1.fastq, /mnt/seaes01-data01/nixon-microbiome/shared/bioinformatic_toolkit/output_repository/temp/N2_sym_2.fastq
    wildcards: sample=N2
    resources: tmpdir=/tmp


        mkdir -p {config['output_dir']}/temp
        ln -sf /mnt/seaes01-data01/nixon-microbiome/shared/bioinformatic_toolkit/output_repository/N2_forward_paired.fq /mnt/seaes01-data01/nixon-microbiome/shared/bioinformatic_toolkit/output_repository/temp/N2_sym_1.fastq
        ln -sf /mnt/seaes01-data01/nixon-microbiome/shared/bioinformatic_toolkit/output_repository/N2_reverse_paired.fq /mnt/seaes01-data01/nixon-microbiome/shared/bioinformatic_toolkit/output_repository/temp/N2_sym_2.fastq
        

[Wed Nov 27 21:04:20 2024]
rule fastqc:
    input: /mnt/seaes01-data01/nixon-microbiome/shared/bioinformatic_toolkit/output_repository/O1_forward_paired.fq, /mnt/seaes01-data01/nixon-microbiome/shared/bioinformatic_toolkit/output_repository/O1_reverse_paired.fq
    output: /mnt/seaes01-data01/nixon-microbiome/shared/bioinformatic_toolkit/output_repository/O1_fastqc
    jobid: 17
    reason: Missing output files: /mnt/seaes01-data01/nixon-microbiome/shared/bioinformatic_toolkit/output_repository/O1_fastqc
    wildcards: sample=O1
    threads: 20
    resources: tmpdir=/tmp


        mkdir /mnt/seaes01-data01/nixon-microbiome/shared/bioinformatic_toolkit/output_repository/O1_fastqc
        fastqc -o /mnt/seaes01-data01/nixon-microbiome/shared/bioinformatic_toolkit/output_repository/O1_fastqc /mnt/seaes01-data01/nixon-microbiome/shared/bioinformatic_toolkit/output_repository/O1_forward_paired.fq -t 20 /mnt/seaes01-data01/nixon-microbiome/shared/bioinformatic_toolkit/output_repository/O1_reverse_paired.fq
        

[Wed Nov 27 21:04:20 2024]
rule convert:
    input: /mnt/seaes01-data01/nixon-microbiome/shared/bioinformatic_toolkit/output_repository/O4_forward_paired.fq
    output: /mnt/seaes01-data01/nixon-microbiome/shared/bioinformatic_toolkit/output_repository/O4_diversity/O4_alignment.fasta
    jobid: 350
    reason: Missing output files: /mnt/seaes01-data01/nixon-microbiome/shared/bioinformatic_toolkit/output_repository/O4_diversity/O4_alignment.fasta
    wildcards: sample=O4
    threads: 20
    resources: tmpdir=/tmp

RuleException in rule convert  in line 5 of /mnt/seaes01-data01/nixon-microbiome/shared/bioinformatic_toolkit/diversity.smk:
AttributeError: 'InputFiles' object has no attribute 'forward_paired', when formatting the following:

        cat {input.forward_paired} | paste - - - - |         awk 'BEGIN{{FS="\t"}}{{print ">"substr($1,2)"\n"$2}}' > {output.fasta_convert}
        
