Config file config.yaml is extended by additional config specified via the command line.
Config file config.yaml is extended by additional config specified via the command line.
Building DAG of jobs...
Using shell: /usr/bin/bash
Provided cores: 10
Rules claiming more threads will be scaled down.
Job stats:
job            count    min threads    max threads
-----------  -------  -------------  -------------
all                1              1              1
fastqc             2              8              8
metaquast          2              8              8
prokka             2              8              8
spades             2              8              8
trimmomatic        2              8              8
total             11              1              8

Select jobs to execute...

[Fri Nov  8 09:27:38 2024]
rule trimmomatic:
    input: /mnt/seaes01-data01/nixon-microbiome/shared/CS/geothermal1/SRR2239652_1.fastq, /mnt/seaes01-data01/nixon-microbiome/shared/CS/geothermal1/SRR2239652_2.fastq
    output: /mnt/seaes01-data01/nixon-microbiome/shared/bioinformatic_toolkit/output_repository/SRR2239652_forward_paired.fq, /mnt/seaes01-data01/nixon-microbiome/shared/bioinformatic_toolkit/output_repository/SRR2239652_forward_unpaired.fq, /mnt/seaes01-data01/nixon-microbiome/shared/bioinformatic_toolkit/output_repository/SRR2239652_reverse_paired.fq, /mnt/seaes01-data01/nixon-microbiome/shared/bioinformatic_toolkit/output_repository/SRR2239652_reverse_unpaired.fq
    log: /mnt/seaes01-data01/nixon-microbiome/shared/bioinformatic_toolkit/output_repository/SRR2239652_trimmomatic.log
    jobid: 1
    reason: Missing output files: /mnt/seaes01-data01/nixon-microbiome/shared/bioinformatic_toolkit/output_repository/SRR2239652_reverse_paired.fq, /mnt/seaes01-data01/nixon-microbiome/shared/bioinformatic_toolkit/output_repository/SRR2239652_forward_paired.fq
    wildcards: sample=SRR2239652
    threads: 8
    resources: tmpdir=/tmp

Activating singularity image /mnt/seaes01-data01/nixon-microbiome/containers/trimmomatic/trimmomatic-0.39.sif
[Fri Nov  8 09:27:48 2024]
Finished job 1.
1 of 11 steps (9%) done
Select jobs to execute...

[Fri Nov  8 09:27:48 2024]
rule spades:
    input: /mnt/seaes01-data01/nixon-microbiome/shared/bioinformatic_toolkit/output_repository/SRR2239652_forward_paired.fq, /mnt/seaes01-data01/nixon-microbiome/shared/bioinformatic_toolkit/output_repository/SRR2239652_reverse_paired.fq
    output: /mnt/seaes01-data01/nixon-microbiome/shared/bioinformatic_toolkit/output_repository/SRR2239652_contigs.fasta
    jobid: 5
    reason: Missing output files: /mnt/seaes01-data01/nixon-microbiome/shared/bioinformatic_toolkit/output_repository/SRR2239652_contigs.fasta; Input files updated by another job: /mnt/seaes01-data01/nixon-microbiome/shared/bioinformatic_toolkit/output_repository/SRR2239652_reverse_paired.fq, /mnt/seaes01-data01/nixon-microbiome/shared/bioinformatic_toolkit/output_repository/SRR2239652_forward_paired.fq
    wildcards: sample=SRR2239652
    threads: 8
    resources: tmpdir=/tmp

Activating singularity image /mnt/seaes01-data01/nixon-microbiome/containers/spades/spades-3.15.5.sif
Terminating processes on user request, this might take some time.
[Fri Nov  8 09:31:24 2024]
Error in rule spades:
    jobid: 5
    input: /mnt/seaes01-data01/nixon-microbiome/shared/bioinformatic_toolkit/output_repository/SRR2239652_forward_paired.fq, /mnt/seaes01-data01/nixon-microbiome/shared/bioinformatic_toolkit/output_repository/SRR2239652_reverse_paired.fq
    output: /mnt/seaes01-data01/nixon-microbiome/shared/bioinformatic_toolkit/output_repository/SRR2239652_contigs.fasta
    shell:
        metaspades.py --threads 8 -1 /mnt/seaes01-data01/nixon-microbiome/shared/bioinformatic_toolkit/output_repository/SRR2239652_forward_paired.fq -2 /mnt/seaes01-data01/nixon-microbiome/shared/bioinformatic_toolkit/output_repository/SRR2239652_reverse_paired.fq -o /mnt/seaes01-data01/nixon-microbiome/shared/bioinformatic_toolkit/output_repository/SRR2239652_contigs.fasta
        (one of the commands exited with non-zero exit code; note that snakemake uses bash strict mode!)

Complete log: .snakemake/log/2024-11-08T092738.461213.snakemake.log
