Config file config.yaml is extended by additional config specified via the command line.
Config file config.yaml is extended by additional config specified via the command line.
Config file config.yaml is extended by additional config specified via the command line.
The flag 'directory' used in rule gtdbtk is only valid for outputs, not inputs.
Config file config.yaml is extended by additional config specified via the command line.
Config file config.yaml is extended by additional config specified via the command line.
Config file config.yaml is extended by additional config specified via the command line.
Building DAG of jobs...
Using shell: /usr/bin/bash
Provided cores: 20
Rules claiming more threads will be scaled down.
Job stats:
job                       count    min threads    max threads
----------------------  -------  -------------  -------------
all                           1              1              1
bowtie_mapping                2             20             20
htseq                         2             20             20
kofam_summary_table           2             20             20
merge_tpm_annotations         2             20             20
picard_mark_duplicates        2             20             20
samtools                      2             20             20
tpm_table                     2             20             20
total                        15              1             20

Select jobs to execute...

[Mon Nov 18 20:40:57 2024]
rule bowtie_mapping:
    input: /mnt/seaes01-data01/nixon-microbiome/shared/bioinformatic_toolkit/output_repository/SRR2239652_filtered_contigs.fa, /mnt/seaes01-data01/nixon-microbiome/shared/bioinformatic_toolkit/output_repository/SRR2239652_forward_paired.fq, /mnt/seaes01-data01/nixon-microbiome/shared/bioinformatic_toolkit/output_repository/SRR2239652_reverse_paired.fq
    output: /mnt/seaes01-data01/nixon-microbiome/shared/bioinformatic_toolkit/output_repository/SRR2239652_filtered_contigs.map.sam
    log: /mnt/seaes01-data01/nixon-microbiome/shared/bioinformatic_toolkit/output_repository/logs/bowtie/SRR2239652.log
    jobid: 37
    reason: Missing output files: /mnt/seaes01-data01/nixon-microbiome/shared/bioinformatic_toolkit/output_repository/SRR2239652_filtered_contigs.map.sam
    wildcards: sample=SRR2239652
    threads: 20
    resources: tmpdir=/tmp

Activating singularity image /mnt/seaes01-data01/nixon-microbiome/containers/bowtie2/bowtie-2.4.5.sif
[Mon Nov 18 20:42:09 2024]
Finished job 37.
1 of 15 steps (7%) done
Select jobs to execute...

[Mon Nov 18 20:42:09 2024]
rule samtools:
    input: /mnt/seaes01-data01/nixon-microbiome/shared/bioinformatic_toolkit/output_repository/SRR2239652_filtered_contigs.map.sam
    output: /mnt/seaes01-data01/nixon-microbiome/shared/bioinformatic_toolkit/output_repository/SRR2239652_filtered_contigs.map.sorted.sam
    jobid: 36
    reason: Missing output files: /mnt/seaes01-data01/nixon-microbiome/shared/bioinformatic_toolkit/output_repository/SRR2239652_filtered_contigs.map.sorted.sam; Input files updated by another job: /mnt/seaes01-data01/nixon-microbiome/shared/bioinformatic_toolkit/output_repository/SRR2239652_filtered_contigs.map.sam
    wildcards: sample=SRR2239652
    threads: 20
    resources: tmpdir=/tmp

Activating singularity image /mnt/seaes01-data01/nixon-microbiome/containers/samtools/samtools-1.16.1.sif
[Mon Nov 18 20:44:14 2024]
Finished job 36.
2 of 15 steps (13%) done
Removing temporary output /mnt/seaes01-data01/nixon-microbiome/shared/bioinformatic_toolkit/output_repository/SRR2239652_filtered_contigs.map.sam.
Select jobs to execute...

[Mon Nov 18 20:44:14 2024]
rule bowtie_mapping:
    input: /mnt/seaes01-data01/nixon-microbiome/shared/bioinformatic_toolkit/output_repository/SRR6429754_filtered_contigs.fa, /mnt/seaes01-data01/nixon-microbiome/shared/bioinformatic_toolkit/output_repository/SRR6429754_forward_paired.fq, /mnt/seaes01-data01/nixon-microbiome/shared/bioinformatic_toolkit/output_repository/SRR6429754_reverse_paired.fq
    output: /mnt/seaes01-data01/nixon-microbiome/shared/bioinformatic_toolkit/output_repository/SRR6429754_filtered_contigs.map.sam
    log: /mnt/seaes01-data01/nixon-microbiome/shared/bioinformatic_toolkit/output_repository/logs/bowtie/SRR6429754.log
    jobid: 48
    reason: Missing output files: /mnt/seaes01-data01/nixon-microbiome/shared/bioinformatic_toolkit/output_repository/SRR6429754_filtered_contigs.map.sam
    wildcards: sample=SRR6429754
    threads: 20
    resources: tmpdir=/tmp

Activating singularity image /mnt/seaes01-data01/nixon-microbiome/containers/bowtie2/bowtie-2.4.5.sif
[Mon Nov 18 20:44:32 2024]
Finished job 48.
3 of 15 steps (20%) done
Select jobs to execute...

[Mon Nov 18 20:44:33 2024]
rule samtools:
    input: /mnt/seaes01-data01/nixon-microbiome/shared/bioinformatic_toolkit/output_repository/SRR6429754_filtered_contigs.map.sam
    output: /mnt/seaes01-data01/nixon-microbiome/shared/bioinformatic_toolkit/output_repository/SRR6429754_filtered_contigs.map.sorted.sam
    jobid: 47
    reason: Missing output files: /mnt/seaes01-data01/nixon-microbiome/shared/bioinformatic_toolkit/output_repository/SRR6429754_filtered_contigs.map.sorted.sam; Input files updated by another job: /mnt/seaes01-data01/nixon-microbiome/shared/bioinformatic_toolkit/output_repository/SRR6429754_filtered_contigs.map.sam
    wildcards: sample=SRR6429754
    threads: 20
    resources: tmpdir=/tmp

Activating singularity image /mnt/seaes01-data01/nixon-microbiome/containers/samtools/samtools-1.16.1.sif
[Mon Nov 18 20:44:49 2024]
Finished job 47.
4 of 15 steps (27%) done
Removing temporary output /mnt/seaes01-data01/nixon-microbiome/shared/bioinformatic_toolkit/output_repository/SRR6429754_filtered_contigs.map.sam.
Select jobs to execute...

[Mon Nov 18 20:44:49 2024]
rule picard_mark_duplicates:
    input: /mnt/seaes01-data01/nixon-microbiome/shared/bioinformatic_toolkit/output_repository/SRR2239652_filtered_contigs.map.sorted.sam
    output: /mnt/seaes01-data01/nixon-microbiome/shared/bioinformatic_toolkit/output_repository/SRR2239652_filtered_contigs.map.markdup.bam, /mnt/seaes01-data01/nixon-microbiome/shared/bioinformatic_toolkit/output_repository/SRR2239652_filtered_contigs.map.markdup.metrics
    jobid: 35
    reason: Missing output files: /mnt/seaes01-data01/nixon-microbiome/shared/bioinformatic_toolkit/output_repository/SRR2239652_filtered_contigs.map.markdup.bam; Input files updated by another job: /mnt/seaes01-data01/nixon-microbiome/shared/bioinformatic_toolkit/output_repository/SRR2239652_filtered_contigs.map.sorted.sam
    wildcards: sample=SRR2239652
    threads: 20
    resources: tmpdir=/tmp

Activating singularity image /mnt/seaes01-data01/nixon-microbiome/containers/picard/picard-2.27.5.sif
[Mon Nov 18 20:44:49 2024]
Error in rule picard_mark_duplicates:
    jobid: 35
    input: /mnt/seaes01-data01/nixon-microbiome/shared/bioinformatic_toolkit/output_repository/SRR2239652_filtered_contigs.map.sorted.sam
    output: /mnt/seaes01-data01/nixon-microbiome/shared/bioinformatic_toolkit/output_repository/SRR2239652_filtered_contigs.map.markdup.bam, /mnt/seaes01-data01/nixon-microbiome/shared/bioinformatic_toolkit/output_repository/SRR2239652_filtered_contigs.map.markdup.metrics
    shell:
        
        'java -Xms2g -Xmx32g -jar /picard/picard.jar MarkDuplicates INPUT=/mnt/seaes01-data01/nixon-microbiome/shared/bioinformatic_toolkit/output_repository/SRR2239652_filtered_contigs.map.sorted.sam OUTPUT=/mnt/seaes01-data01/nixon-microbiome/shared/bioinformatic_toolkit/output_repository/SRR2239652_filtered_contigs.map.markdup.bam 	METRICS_FILE=/mnt/seaes01-data01/nixon-microbiome/shared/bioinformatic_toolkit/output_repository/SRR2239652_filtered_contigs.map.markdup.metrics AS=TRUE VALIDATION_STRINGENCY=LENIENT 	MAX_FILE_HANDLES_FOR_READ_ENDS_MAP=2500 REMOVE_DUPLICATES=TRUE'
        
        (one of the commands exited with non-zero exit code; note that snakemake uses bash strict mode!)

Shutting down, this might take some time.
Exiting because a job execution failed. Look above for error message
Complete log: .snakemake/log/2024-11-18T204056.504662.snakemake.log
