Config file config.yaml is extended by additional config specified via the command line.
Config file config.yaml is extended by additional config specified via the command line.
Config file config.yaml is extended by additional config specified via the command line.
Building DAG of jobs...
Using shell: /usr/bin/bash
Provided cores: 20
Rules claiming more threads will be scaled down.
Job stats:
job                  count    min threads    max threads
-----------------  -------  -------------  -------------
all                      1              1              1
fastqc                  10             20             20
kaiju_refseq            10             20             20
kaiju_table_Class       10             20             20
kaiju_table_Genus       10             20             20
metaquast               10             20             20
prokka                  10             20             20
spades                  10             20             20
trimmomatic             10             20             20
total                   81              1             20

Select jobs to execute...

[Wed Nov 20 13:26:03 2024]
rule trimmomatic:
    input: /mnt/seaes01-data01/nixon-microbiome/shared/bioinformatic_toolkit/symlink_staging/N1_1.fastq.gz, /mnt/seaes01-data01/nixon-microbiome/shared/bioinformatic_toolkit/symlink_staging/N1_2.fastq.gz
    output: /mnt/seaes01-data01/nixon-microbiome/shared/bioinformatic_toolkit/output_repository/N1_forward_paired.fq, /mnt/seaes01-data01/nixon-microbiome/shared/bioinformatic_toolkit/output_repository/N1_forward_unpaired.fq, /mnt/seaes01-data01/nixon-microbiome/shared/bioinformatic_toolkit/output_repository/N1_reverse_paired.fq, /mnt/seaes01-data01/nixon-microbiome/shared/bioinformatic_toolkit/output_repository/N1_reverse_unpaired.fq
    log: /mnt/seaes01-data01/nixon-microbiome/shared/bioinformatic_toolkit/output_repository/N1_trimmomatic.log
    jobid: 4
    reason: Missing output files: /mnt/seaes01-data01/nixon-microbiome/shared/bioinformatic_toolkit/output_repository/N1_reverse_paired.fq, /mnt/seaes01-data01/nixon-microbiome/shared/bioinformatic_toolkit/output_repository/N1_forward_paired.fq
    wildcards: sample=N1
    threads: 20
    resources: tmpdir=/tmp

Activating singularity image /mnt/seaes01-data01/nixon-microbiome/containers/trimmomatic/trimmomatic-0.39.sif
[Wed Nov 20 13:28:16 2024]
Finished job 4.
1 of 81 steps (1%) done
Select jobs to execute...

[Wed Nov 20 13:28:16 2024]
rule kaiju_refseq:
    input: /mnt/seaes01-data01/nixon-microbiome/shared/bioinformatic_toolkit/output_repository/N1_forward_paired.fq, /mnt/seaes01-data01/nixon-microbiome/shared/bioinformatic_toolkit/output_repository/N1_reverse_paired.fq
    output: /mnt/seaes01-data01/nixon-microbiome/shared/bioinformatic_toolkit/output_repository/N1_kaiju_refseq
    jobid: 58
    reason: Missing output files: /mnt/seaes01-data01/nixon-microbiome/shared/bioinformatic_toolkit/output_repository/N1_kaiju_refseq; Input files updated by another job: /mnt/seaes01-data01/nixon-microbiome/shared/bioinformatic_toolkit/output_repository/N1_reverse_paired.fq, /mnt/seaes01-data01/nixon-microbiome/shared/bioinformatic_toolkit/output_repository/N1_forward_paired.fq
    wildcards: sample=N1
    threads: 20
    resources: tmpdir=/tmp

Activating singularity image /mnt/seaes01-data01/nixon-microbiome/containers/kaiju/kaiju-1.9.0.sif
[Wed Nov 20 14:15:09 2024]
Finished job 58.
2 of 81 steps (2%) done
Select jobs to execute...

[Wed Nov 20 14:15:10 2024]
rule trimmomatic:
    input: /mnt/seaes01-data01/nixon-microbiome/shared/bioinformatic_toolkit/symlink_staging/O1_1.fastq.gz, /mnt/seaes01-data01/nixon-microbiome/shared/bioinformatic_toolkit/symlink_staging/O1_2.fastq.gz
    output: /mnt/seaes01-data01/nixon-microbiome/shared/bioinformatic_toolkit/output_repository/O1_forward_paired.fq, /mnt/seaes01-data01/nixon-microbiome/shared/bioinformatic_toolkit/output_repository/O1_forward_unpaired.fq, /mnt/seaes01-data01/nixon-microbiome/shared/bioinformatic_toolkit/output_repository/O1_reverse_paired.fq, /mnt/seaes01-data01/nixon-microbiome/shared/bioinformatic_toolkit/output_repository/O1_reverse_unpaired.fq
    log: /mnt/seaes01-data01/nixon-microbiome/shared/bioinformatic_toolkit/output_repository/O1_trimmomatic.log
    jobid: 7
    reason: Missing output files: /mnt/seaes01-data01/nixon-microbiome/shared/bioinformatic_toolkit/output_repository/O1_reverse_paired.fq, /mnt/seaes01-data01/nixon-microbiome/shared/bioinformatic_toolkit/output_repository/O1_forward_paired.fq
    wildcards: sample=O1
    threads: 20
    resources: tmpdir=/tmp

Activating singularity image /mnt/seaes01-data01/nixon-microbiome/containers/trimmomatic/trimmomatic-0.39.sif
[Wed Nov 20 14:17:23 2024]
Finished job 7.
3 of 81 steps (4%) done
Select jobs to execute...

[Wed Nov 20 14:17:23 2024]
rule trimmomatic:
    input: /mnt/seaes01-data01/nixon-microbiome/shared/bioinformatic_toolkit/symlink_staging/N2_1.fastq.gz, /mnt/seaes01-data01/nixon-microbiome/shared/bioinformatic_toolkit/symlink_staging/N2_2.fastq.gz
    output: /mnt/seaes01-data01/nixon-microbiome/shared/bioinformatic_toolkit/output_repository/N2_forward_paired.fq, /mnt/seaes01-data01/nixon-microbiome/shared/bioinformatic_toolkit/output_repository/N2_forward_unpaired.fq, /mnt/seaes01-data01/nixon-microbiome/shared/bioinformatic_toolkit/output_repository/N2_reverse_paired.fq, /mnt/seaes01-data01/nixon-microbiome/shared/bioinformatic_toolkit/output_repository/N2_reverse_unpaired.fq
    log: /mnt/seaes01-data01/nixon-microbiome/shared/bioinformatic_toolkit/output_repository/N2_trimmomatic.log
    jobid: 5
    reason: Missing output files: /mnt/seaes01-data01/nixon-microbiome/shared/bioinformatic_toolkit/output_repository/N2_reverse_paired.fq, /mnt/seaes01-data01/nixon-microbiome/shared/bioinformatic_toolkit/output_repository/N2_forward_paired.fq
    wildcards: sample=N2
    threads: 20
    resources: tmpdir=/tmp

Activating singularity image /mnt/seaes01-data01/nixon-microbiome/containers/trimmomatic/trimmomatic-0.39.sif
[Wed Nov 20 14:20:43 2024]
Finished job 5.
4 of 81 steps (5%) done
Select jobs to execute...

[Wed Nov 20 14:20:43 2024]
rule trimmomatic:
    input: /mnt/seaes01-data01/nixon-microbiome/shared/bioinformatic_toolkit/symlink_staging/N3_1.fastq.gz, /mnt/seaes01-data01/nixon-microbiome/shared/bioinformatic_toolkit/symlink_staging/N3_2.fastq.gz
    output: /mnt/seaes01-data01/nixon-microbiome/shared/bioinformatic_toolkit/output_repository/N3_forward_paired.fq, /mnt/seaes01-data01/nixon-microbiome/shared/bioinformatic_toolkit/output_repository/N3_forward_unpaired.fq, /mnt/seaes01-data01/nixon-microbiome/shared/bioinformatic_toolkit/output_repository/N3_reverse_paired.fq, /mnt/seaes01-data01/nixon-microbiome/shared/bioinformatic_toolkit/output_repository/N3_reverse_unpaired.fq
    log: /mnt/seaes01-data01/nixon-microbiome/shared/bioinformatic_toolkit/output_repository/N3_trimmomatic.log
    jobid: 6
    reason: Missing output files: /mnt/seaes01-data01/nixon-microbiome/shared/bioinformatic_toolkit/output_repository/N3_forward_paired.fq, /mnt/seaes01-data01/nixon-microbiome/shared/bioinformatic_toolkit/output_repository/N3_reverse_paired.fq
    wildcards: sample=N3
    threads: 20
    resources: tmpdir=/tmp

Activating singularity image /mnt/seaes01-data01/nixon-microbiome/containers/trimmomatic/trimmomatic-0.39.sif
[Wed Nov 20 14:22:45 2024]
Finished job 6.
5 of 81 steps (6%) done
Select jobs to execute...

[Wed Nov 20 14:22:45 2024]
rule trimmomatic:
    input: /mnt/seaes01-data01/nixon-microbiome/shared/bioinformatic_toolkit/symlink_staging/O4_1.fastq.gz, /mnt/seaes01-data01/nixon-microbiome/shared/bioinformatic_toolkit/symlink_staging/O4_2.fastq.gz
    output: /mnt/seaes01-data01/nixon-microbiome/shared/bioinformatic_toolkit/output_repository/O4_forward_paired.fq, /mnt/seaes01-data01/nixon-microbiome/shared/bioinformatic_toolkit/output_repository/O4_forward_unpaired.fq, /mnt/seaes01-data01/nixon-microbiome/shared/bioinformatic_toolkit/output_repository/O4_reverse_paired.fq, /mnt/seaes01-data01/nixon-microbiome/shared/bioinformatic_toolkit/output_repository/O4_reverse_unpaired.fq
    log: /mnt/seaes01-data01/nixon-microbiome/shared/bioinformatic_toolkit/output_repository/O4_trimmomatic.log
    jobid: 10
    reason: Missing output files: /mnt/seaes01-data01/nixon-microbiome/shared/bioinformatic_toolkit/output_repository/O4_forward_paired.fq, /mnt/seaes01-data01/nixon-microbiome/shared/bioinformatic_toolkit/output_repository/O4_reverse_paired.fq
    wildcards: sample=O4
    threads: 20
    resources: tmpdir=/tmp

Activating singularity image /mnt/seaes01-data01/nixon-microbiome/containers/trimmomatic/trimmomatic-0.39.sif
[Wed Nov 20 14:25:13 2024]
Finished job 10.
6 of 81 steps (7%) done
Select jobs to execute...

[Wed Nov 20 14:25:13 2024]
rule spades:
    input: /mnt/seaes01-data01/nixon-microbiome/shared/bioinformatic_toolkit/output_repository/N3_forward_paired.fq, /mnt/seaes01-data01/nixon-microbiome/shared/bioinformatic_toolkit/output_repository/N3_reverse_paired.fq
    output: /mnt/seaes01-data01/nixon-microbiome/shared/bioinformatic_toolkit/output_repository/N3_assembly, /mnt/seaes01-data01/nixon-microbiome/shared/bioinformatic_toolkit/output_repository/N3_assembly/contigs.fasta
    jobid: 26
    reason: Missing output files: /mnt/seaes01-data01/nixon-microbiome/shared/bioinformatic_toolkit/output_repository/N3_assembly/contigs.fasta; Input files updated by another job: /mnt/seaes01-data01/nixon-microbiome/shared/bioinformatic_toolkit/output_repository/N3_forward_paired.fq, /mnt/seaes01-data01/nixon-microbiome/shared/bioinformatic_toolkit/output_repository/N3_reverse_paired.fq
    wildcards: sample=N3
    threads: 20
    resources: tmpdir=/tmp

Activating singularity image /mnt/seaes01-data01/nixon-microbiome/containers/spades/spades_4.0.0.sif
[Wed Nov 20 14:25:14 2024]
Error in rule spades:
    jobid: 26
    input: /mnt/seaes01-data01/nixon-microbiome/shared/bioinformatic_toolkit/output_repository/N3_forward_paired.fq, /mnt/seaes01-data01/nixon-microbiome/shared/bioinformatic_toolkit/output_repository/N3_reverse_paired.fq
    output: /mnt/seaes01-data01/nixon-microbiome/shared/bioinformatic_toolkit/output_repository/N3_assembly, /mnt/seaes01-data01/nixon-microbiome/shared/bioinformatic_toolkit/output_repository/N3_assembly/contigs.fasta
    shell:
        
        metaspades.py -m 2000 -1 /mnt/seaes01-data01/nixon-microbiome/shared/bioinformatic_toolkit/output_repository/N3_forward_paired.fq -2 /mnt/seaes01-data01/nixon-microbiome/shared/bioinformatic_toolkit/output_repository/N3_reverse_paired.fq -o /mnt/seaes01-data01/nixon-microbiome/shared/bioinformatic_toolkit/output_repository/N3_assembly -t 20
        
        (one of the commands exited with non-zero exit code; note that snakemake uses bash strict mode!)

Removing output files of failed job spades since they might be corrupted:
/mnt/seaes01-data01/nixon-microbiome/shared/bioinformatic_toolkit/output_repository/N3_assembly
Shutting down, this might take some time.
Exiting because a job execution failed. Look above for error message
Complete log: .snakemake/log/2024-11-20T132602.777064.snakemake.log
