Config file config.yaml is extended by additional config specified via the command line.
Config file config.yaml is extended by additional config specified via the command line.
Config file config.yaml is extended by additional config specified via the command line.
Config file config.yaml is extended by additional config specified via the command line.
Building DAG of jobs...
Using shell: /usr/bin/bash
Provided cores: 20
Rules claiming more threads will be scaled down.
Job stats:
job                   count    min threads    max threads
------------------  -------  -------------  -------------
all                       1              1              1
bin_refinement           10             15             15
coverm                   10             15             15
cut                      10             15             15
fastqc                    4             15             15
filter_seq_contigs       10             15             15
gtdbtk                   10             15             15
kaiju_refseq              5             15             15
kaiju_table_Class         8             15             15
kaiju_table_Genus         7             15             15
megahit                  10             15             15
metaquast                10             15             15
metawrap_bin             10             15             15
prokka                   10             15             15
symlink_reads             3              1              1
trimmomatic               3             15             15
total                   121              1             15

Select jobs to execute...

[Sat Dec  7 14:25:06 2024]
rule kaiju_table_Genus:
    input: /mnt/seaes01-data01/nixon-microbiome/shared/bioinformatic_toolkit/output_repository/N1_kaiju_refseq
    output: /mnt/seaes01-data01/nixon-microbiome/shared/bioinformatic_toolkit/output_repository/N1_GENUS_kaiju.table
    jobid: 154
    reason: Missing output files: /mnt/seaes01-data01/nixon-microbiome/shared/bioinformatic_toolkit/output_repository/N1_GENUS_kaiju.table
    wildcards: sample=N1
    threads: 15
    resources: tmpdir=/tmp

Activating singularity image /mnt/seaes01-data01/nixon-microbiome/containers/kaiju/kaiju-1.9.0.sif
[Sat Dec  7 14:25:35 2024]
Finished job 154.
1 of 121 steps (1%) done
Select jobs to execute...

[Sat Dec  7 14:25:35 2024]
rule megahit:
    input: /mnt/seaes01-data01/nixon-microbiome/shared/bioinformatic_toolkit/output_repository/N2_forward_paired.fq, /mnt/seaes01-data01/nixon-microbiome/shared/bioinformatic_toolkit/output_repository/N2_reverse_paired.fq
    output: /mnt/seaes01-data01/nixon-microbiome/shared/bioinformatic_toolkit/output_repository/N2_assembly, /mnt/seaes01-data01/nixon-microbiome/shared/bioinformatic_toolkit/output_repository/N2_assembly/contigs.fasta
    jobid: 25
    reason: Missing output files: /mnt/seaes01-data01/nixon-microbiome/shared/bioinformatic_toolkit/output_repository/N2_assembly/contigs.fasta
    wildcards: sample=N2
    threads: 15
    resources: tmpdir=/tmp

Activating singularity image /opt/containers/megahit/megahit-1.2.9.sif
[Sat Dec  7 14:25:35 2024]
Error in rule megahit:
    jobid: 25
    input: /mnt/seaes01-data01/nixon-microbiome/shared/bioinformatic_toolkit/output_repository/N2_forward_paired.fq, /mnt/seaes01-data01/nixon-microbiome/shared/bioinformatic_toolkit/output_repository/N2_reverse_paired.fq
    output: /mnt/seaes01-data01/nixon-microbiome/shared/bioinformatic_toolkit/output_repository/N2_assembly, /mnt/seaes01-data01/nixon-microbiome/shared/bioinformatic_toolkit/output_repository/N2_assembly/contigs.fasta
    shell:
        
        megahit -m 0.95 --tmp-dir --continue -1 /mnt/seaes01-data01/nixon-microbiome/shared/bioinformatic_toolkit/output_repository/N2_forward_paired.fq -2 /mnt/seaes01-data01/nixon-microbiome/shared/bioinformatic_toolkit/output_repository/N2_reverse_paired.fq --presets meta-large -t 15 -o /mnt/seaes01-data01/nixon-microbiome/shared/bioinformatic_toolkit/output_repository/N2_assembly
        mv /mnt/seaes01-data01/nixon-microbiome/shared/bioinformatic_toolkit/output_repository/N2_assembly/final.contigs.fa /mnt/seaes01-data01/nixon-microbiome/shared/bioinformatic_toolkit/output_repository/N2_assembly/contigs.fasta
        
        (one of the commands exited with non-zero exit code; note that snakemake uses bash strict mode!)

Removing output files of failed job megahit since they might be corrupted:
/mnt/seaes01-data01/nixon-microbiome/shared/bioinformatic_toolkit/output_repository/N2_assembly
Shutting down, this might take some time.
Exiting because a job execution failed. Look above for error message
Complete log: .snakemake/log/2024-12-07T142505.627098.snakemake.log
