Config file config.yaml is extended by additional config specified via the command line.
Config file config.yaml is extended by additional config specified via the command line.
Config file config.yaml is extended by additional config specified via the command line.
The flag 'directory' used in rule gtdbtk is only valid for outputs, not inputs.
Config file config.yaml is extended by additional config specified via the command line.
Config file config.yaml is extended by additional config specified via the command line.
Config file config.yaml is extended by additional config specified via the command line.
Building DAG of jobs...
Using shell: /usr/bin/bash
Provided cores: 20
Rules claiming more threads will be scaled down.
Job stats:
job                       count    min threads    max threads
----------------------  -------  -------------  -------------
all                           1              1              1
bowtie_mapping                1             20             20
htseq                         2             20             20
kofam_annotation              2             20             20
kofam_summary_table           2             20             20
merge_tpm_annotations         2             20             20
picard_mark_duplicates        1             20             20
tpm_table                     2             20             20
total                        13              1             20

Select jobs to execute...

[Mon Nov 18 17:42:15 2024]
rule htseq:
    input: /mnt/seaes01-data01/nixon-microbiome/shared/bioinformatic_toolkit/output_repository/SRR6429754_filtered_contigs.map.markdup.bam, /mnt/seaes01-data01/nixon-microbiome/shared/bioinformatic_toolkit/output_repository/SRR6429754_prokka/SRR6429754_annotated.gtf
    output: /mnt/seaes01-data01/nixon-microbiome/shared/bioinformatic_toolkit/output_repository/SRR6429754.counts
    jobid: 44
    reason: Missing output files: /mnt/seaes01-data01/nixon-microbiome/shared/bioinformatic_toolkit/output_repository/SRR6429754.counts
    wildcards: sample=SRR6429754
    threads: 20
    resources: tmpdir=/tmp

Activating singularity image /mnt/seaes01-data01/nixon-microbiome/containers/htseq/htseq-2.0.2.sif
[Mon Nov 18 17:43:21 2024]
Finished job 44.
1 of 13 steps (8%) done
Select jobs to execute...

[Mon Nov 18 17:43:21 2024]
rule kofam_annotation:
    input: /mnt/seaes01-data01/nixon-microbiome/shared/bioinformatic_toolkit/output_repository/SRR6429754_prokka/SRR6429754_annotated.faa
    output: /mnt/seaes01-data01/nixon-microbiome/shared/bioinformatic_toolkit/output_repository/SRR6429754_kofam_oneline.txt
    jobid: 48
    reason: Code has changed since last execution
    wildcards: sample=SRR6429754
    threads: 20
    resources: tmpdir=/tmp

RuleException in rule kofam_annotation  in line 27 of /mnt/seaes01-data01/nixon-microbiome/shared/bioinformatic_toolkit/tpm.smk:
NameError: The name "'output_dir'" is unknown in this context. Please make sure that you defined that variable. Also note that braces not used for variable access have to be escaped by repeating them, i.e. {{print $1}}, when formatting the following:

        exec_annotation -o {output.kofam}                         -p /mnt/seaes01-data01/nixon-microbiome/shared/databases/kofam/profiles                         -k /mnt/seaes01-data01/nixon-microbiome/shared/databases/kofam/ko_list                         --cpu {threads} -f mapper-one-line --tmp-dir {config['output_dir']}/{{wildcards.sample}}_tmp {input.faa}
        
